nohup: ignoring input
[PLAN] datasets=['blenderproc_cogar_sim'] models=['sam_vit_b', 'fastsam_x', 'yolo8_seg', 'mask_rcnn', 'deeplabv3plus'] prompt_modes=['point', 'automatic'] devices=['cuda']
[START] blenderproc_cogar_sim/sam_vit_b/point/cuda: loading 4 images
[LOAD] blenderproc_cogar_sim/sam_vit_b/point/cuda: building model
/home/ubuntu/COGAR_Foundation-Model-Segmentation-for-Robotic-Scenes/.venv/lib/python3.12/site-packages/segment_anything/build_sam.py:105: FutureWarning: You are using `torch.load` with `weights_only=False` (the current default value), which uses the default pickle module implicitly. It is possible to construct malicious pickle data which will execute arbitrary code during unpickling (See https://github.com/pytorch/pytorch/blob/main/SECURITY.md#untrusted-models for more details). In a future release, the default value for `weights_only` will be flipped to `True`. This limits the functions that could be executed during unpickling. Arbitrary objects will no longer be allowed to be loaded via this mode unless they are explicitly allowlisted by the user via `torch.serialization.add_safe_globals`. We recommend you start setting `weights_only=True` for any use case where you don't have full control of the loaded file. Please open an issue on GitHub for any issues related to this experimental feature.
  state_dict = torch.load(f)
[WARMUP] blenderproc_cogar_sim/sam_vit_b/point/cuda: 1 images
[TIMING] blenderproc_cogar_sim/sam_vit_b/point/cuda: 3 images
[PROGRESS] blenderproc_cogar_sim/sam_vit_b/point/cuda: 1/3 images, last=366.7ms, elapsed=0.4s
[PROGRESS] blenderproc_cogar_sim/sam_vit_b/point/cuda: 2/3 images, last=363.7ms, elapsed=0.7s
[PROGRESS] blenderproc_cogar_sim/sam_vit_b/point/cuda: 3/3 images, last=365.2ms, elapsed=1.1s
[DONE] blenderproc_cogar_sim/sam_vit_b/point/cuda: fps=2.738 mean=365.2ms output=outputs/task7_inference_speed/cuda/blenderproc_cogar_sim/sam_vit_b/point_speed.json
[START] blenderproc_cogar_sim/sam_vit_b/automatic/cuda: loading 3 images
[LOAD] blenderproc_cogar_sim/sam_vit_b/automatic/cuda: building model
/home/ubuntu/COGAR_Foundation-Model-Segmentation-for-Robotic-Scenes/.venv/lib/python3.12/site-packages/segment_anything/build_sam.py:105: FutureWarning: You are using `torch.load` with `weights_only=False` (the current default value), which uses the default pickle module implicitly. It is possible to construct malicious pickle data which will execute arbitrary code during unpickling (See https://github.com/pytorch/pytorch/blob/main/SECURITY.md#untrusted-models for more details). In a future release, the default value for `weights_only` will be flipped to `True`. This limits the functions that could be executed during unpickling. Arbitrary objects will no longer be allowed to be loaded via this mode unless they are explicitly allowlisted by the user via `torch.serialization.add_safe_globals`. We recommend you start setting `weights_only=True` for any use case where you don't have full control of the loaded file. Please open an issue on GitHub for any issues related to this experimental feature.
  state_dict = torch.load(f)
[WARMUP] blenderproc_cogar_sim/sam_vit_b/automatic/cuda: 1 images
[TIMING] blenderproc_cogar_sim/sam_vit_b/automatic/cuda: 2 images
[PROGRESS] blenderproc_cogar_sim/sam_vit_b/automatic/cuda: 1/2 images, last=4663.6ms, elapsed=4.7s
[PROGRESS] blenderproc_cogar_sim/sam_vit_b/automatic/cuda: 2/2 images, last=4980.9ms, elapsed=9.6s
[DONE] blenderproc_cogar_sim/sam_vit_b/automatic/cuda: fps=0.207 mean=4822.3ms output=outputs/task7_inference_speed/cuda/blenderproc_cogar_sim/sam_vit_b/automatic_speed.json
[START] blenderproc_cogar_sim/fastsam_x/point/cuda: loading 4 images
[LOAD] blenderproc_cogar_sim/fastsam_x/point/cuda: building model
/home/ubuntu/COGAR_Foundation-Model-Segmentation-for-Robotic-Scenes/external/FastSAM/ultralytics/nn/tasks.py:518: FutureWarning: You are using `torch.load` with `weights_only=False` (the current default value), which uses the default pickle module implicitly. It is possible to construct malicious pickle data which will execute arbitrary code during unpickling (See https://github.com/pytorch/pytorch/blob/main/SECURITY.md#untrusted-models for more details). In a future release, the default value for `weights_only` will be flipped to `True`. This limits the functions that could be executed during unpickling. Arbitrary objects will no longer be allowed to be loaded via this mode unless they are explicitly allowlisted by the user via `torch.serialization.add_safe_globals`. We recommend you start setting `weights_only=True` for any use case where you don't have full control of the loaded file. Please open an issue on GitHub for any issues related to this experimental feature.
  return torch.load(file, map_location='cpu'), file  # load
[WARMUP] blenderproc_cogar_sim/fastsam_x/point/cuda: 1 images

image 1/1 /mnt/Info/COGAR_DATASETs/BlenderProc_cogar_sim_1000/rgb/000000.png: 768x1024 18 objects, 119.0ms
Speed: 4.2ms preprocess, 119.0ms inference, 10.6ms postprocess per image at shape (1, 3, 1024, 1024)
[TIMING] blenderproc_cogar_sim/fastsam_x/point/cuda: 3 images

image 1/1 /mnt/Info/COGAR_DATASETs/BlenderProc_cogar_sim_1000/rgb/000001.png: 768x1024 16 objects, 115.4ms
Speed: 4.0ms preprocess, 115.4ms inference, 3.3ms postprocess per image at shape (1, 3, 1024, 1024)
[PROGRESS] blenderproc_cogar_sim/fastsam_x/point/cuda: 1/3 images, last=304.8ms, elapsed=0.3s

image 1/1 /mnt/Info/COGAR_DATASETs/BlenderProc_cogar_sim_1000/rgb/000002.png: 768x1024 19 objects, 117.0ms
Speed: 4.0ms preprocess, 117.0ms inference, 3.3ms postprocess per image at shape (1, 3, 1024, 1024)
[PROGRESS] blenderproc_cogar_sim/fastsam_x/point/cuda: 2/3 images, last=308.7ms, elapsed=0.6s

image 1/1 /mnt/Info/COGAR_DATASETs/BlenderProc_cogar_sim_1000/rgb/000003.png: 768x1024 21 objects, 117.7ms
Speed: 4.0ms preprocess, 117.7ms inference, 3.3ms postprocess per image at shape (1, 3, 1024, 1024)
[PROGRESS] blenderproc_cogar_sim/fastsam_x/point/cuda: 3/3 images, last=312.3ms, elapsed=0.9s
[DONE] blenderproc_cogar_sim/fastsam_x/point/cuda: fps=3.240 mean=308.6ms output=outputs/task7_inference_speed/cuda/blenderproc_cogar_sim/fastsam_x/point_speed.json
[START] blenderproc_cogar_sim/fastsam_x/automatic/cuda: loading 3 images
[LOAD] blenderproc_cogar_sim/fastsam_x/automatic/cuda: building model
/home/ubuntu/COGAR_Foundation-Model-Segmentation-for-Robotic-Scenes/external/FastSAM/ultralytics/nn/tasks.py:518: FutureWarning: You are using `torch.load` with `weights_only=False` (the current default value), which uses the default pickle module implicitly. It is possible to construct malicious pickle data which will execute arbitrary code during unpickling (See https://github.com/pytorch/pytorch/blob/main/SECURITY.md#untrusted-models for more details). In a future release, the default value for `weights_only` will be flipped to `True`. This limits the functions that could be executed during unpickling. Arbitrary objects will no longer be allowed to be loaded via this mode unless they are explicitly allowlisted by the user via `torch.serialization.add_safe_globals`. We recommend you start setting `weights_only=True` for any use case where you don't have full control of the loaded file. Please open an issue on GitHub for any issues related to this experimental feature.
  return torch.load(file, map_location='cpu'), file  # load
[WARMUP] blenderproc_cogar_sim/fastsam_x/automatic/cuda: 1 images

image 1/1 /mnt/Info/COGAR_DATASETs/BlenderProc_cogar_sim_1000/rgb/000000.png: 768x1024 18 objects, 116.2ms
Speed: 4.0ms preprocess, 116.2ms inference, 3.3ms postprocess per image at shape (1, 3, 1024, 1024)
[TIMING] blenderproc_cogar_sim/fastsam_x/automatic/cuda: 2 images

image 1/1 /mnt/Info/COGAR_DATASETs/BlenderProc_cogar_sim_1000/rgb/000001.png: 768x1024 16 objects, 112.8ms
Speed: 4.0ms preprocess, 112.8ms inference, 3.1ms postprocess per image at shape (1, 3, 1024, 1024)
[PROGRESS] blenderproc_cogar_sim/fastsam_x/automatic/cuda: 1/2 images, last=309.9ms, elapsed=0.3s

image 1/1 /mnt/Info/COGAR_DATASETs/BlenderProc_cogar_sim_1000/rgb/000002.png: 768x1024 19 objects, 116.6ms
Speed: 4.0ms preprocess, 116.6ms inference, 3.2ms postprocess per image at shape (1, 3, 1024, 1024)
[PROGRESS] blenderproc_cogar_sim/fastsam_x/automatic/cuda: 2/2 images, last=317.1ms, elapsed=0.6s
[DONE] blenderproc_cogar_sim/fastsam_x/automatic/cuda: fps=3.190 mean=313.5ms output=outputs/task7_inference_speed/cuda/blenderproc_cogar_sim/fastsam_x/automatic_speed.json
[START] blenderproc_cogar_sim/yolo8_seg/inference/cuda: loading 4 images
[LOAD] blenderproc_cogar_sim/yolo8_seg/inference/cuda: building model
[LOAD] yolo8_seg/blenderproc_cogar_sim: ultralytics=/home/ubuntu/COGAR_Foundation-Model-Segmentation-for-Robotic-Scenes/.venv/lib/python3.12/site-packages/ultralytics/__init__.py
[WARMUP] blenderproc_cogar_sim/yolo8_seg/inference/cuda: 1 images
[TIMING] blenderproc_cogar_sim/yolo8_seg/inference/cuda: 3 images
[PROGRESS] blenderproc_cogar_sim/yolo8_seg/inference/cuda: 1/3 images, last=25.7ms, elapsed=0.0s
[PROGRESS] blenderproc_cogar_sim/yolo8_seg/inference/cuda: 2/3 images, last=23.0ms, elapsed=0.0s
[PROGRESS] blenderproc_cogar_sim/yolo8_seg/inference/cuda: 3/3 images, last=25.6ms, elapsed=0.1s
[DONE] blenderproc_cogar_sim/yolo8_seg/inference/cuda: fps=40.363 mean=24.8ms output=outputs/task7_inference_speed/cuda/blenderproc_cogar_sim/yolo8_seg/inference_speed.json
[START] blenderproc_cogar_sim/mask_rcnn/inference/cuda: loading 4 images
[LOAD] blenderproc_cogar_sim/mask_rcnn/inference/cuda: building model
/home/ubuntu/COGAR_Foundation-Model-Segmentation-for-Robotic-Scenes/scripts/benchmarks/measure_task7_inference_speed.py:510: FutureWarning: You are using `torch.load` with `weights_only=False` (the current default value), which uses the default pickle module implicitly. It is possible to construct malicious pickle data which will execute arbitrary code during unpickling (See https://github.com/pytorch/pytorch/blob/main/SECURITY.md#untrusted-models for more details). In a future release, the default value for `weights_only` will be flipped to `True`. This limits the functions that could be executed during unpickling. Arbitrary objects will no longer be allowed to be loaded via this mode unless they are explicitly allowlisted by the user via `torch.serialization.add_safe_globals`. We recommend you start setting `weights_only=True` for any use case where you don't have full control of the loaded file. Please open an issue on GitHub for any issues related to this experimental feature.
  checkpoint = torch.load(checkpoint_path, map_location=device_obj)
/home/ubuntu/COGAR_Foundation-Model-Segmentation-for-Robotic-Scenes/.venv/lib/python3.12/site-packages/torchvision/models/detection/backbone_utils.py:162: UserWarning: Changing trainable_backbone_layers has no effect if neither pretrained nor pretrained_backbone have been set to True, falling back to trainable_backbone_layers=5 so that all layers are trainable
  warnings.warn(
[WARMUP] blenderproc_cogar_sim/mask_rcnn/inference/cuda: 1 images
[TIMING] blenderproc_cogar_sim/mask_rcnn/inference/cuda: 3 images
[PROGRESS] blenderproc_cogar_sim/mask_rcnn/inference/cuda: 1/3 images, last=74.9ms, elapsed=0.1s
[PROGRESS] blenderproc_cogar_sim/mask_rcnn/inference/cuda: 2/3 images, last=75.7ms, elapsed=0.2s
[PROGRESS] blenderproc_cogar_sim/mask_rcnn/inference/cuda: 3/3 images, last=80.1ms, elapsed=0.2s
[DONE] blenderproc_cogar_sim/mask_rcnn/inference/cuda: fps=13.005 mean=76.9ms output=outputs/task7_inference_speed/cuda/blenderproc_cogar_sim/mask_rcnn/inference_speed.json
[START] blenderproc_cogar_sim/deeplabv3plus/inference/cuda: loading 4 images
[LOAD] blenderproc_cogar_sim/deeplabv3plus/inference/cuda: building model
/home/ubuntu/COGAR_Foundation-Model-Segmentation-for-Robotic-Scenes/scripts/benchmarks/measure_task7_inference_speed.py:557: FutureWarning: You are using `torch.load` with `weights_only=False` (the current default value), which uses the default pickle module implicitly. It is possible to construct malicious pickle data which will execute arbitrary code during unpickling (See https://github.com/pytorch/pytorch/blob/main/SECURITY.md#untrusted-models for more details). In a future release, the default value for `weights_only` will be flipped to `True`. This limits the functions that could be executed during unpickling. Arbitrary objects will no longer be allowed to be loaded via this mode unless they are explicitly allowlisted by the user via `torch.serialization.add_safe_globals`. We recommend you start setting `weights_only=True` for any use case where you don't have full control of the loaded file. Please open an issue on GitHub for any issues related to this experimental feature.
  checkpoint = torch.load(checkpoint_path, map_location=device_obj)
[WARMUP] blenderproc_cogar_sim/deeplabv3plus/inference/cuda: 1 images
[TIMING] blenderproc_cogar_sim/deeplabv3plus/inference/cuda: 3 images
[PROGRESS] blenderproc_cogar_sim/deeplabv3plus/inference/cuda: 1/3 images, last=24.1ms, elapsed=0.0s
[PROGRESS] blenderproc_cogar_sim/deeplabv3plus/inference/cuda: 2/3 images, last=23.7ms, elapsed=0.0s
[PROGRESS] blenderproc_cogar_sim/deeplabv3plus/inference/cuda: 3/3 images, last=24.6ms, elapsed=0.1s
[DONE] blenderproc_cogar_sim/deeplabv3plus/inference/cuda: fps=41.429 mean=24.1ms output=outputs/task7_inference_speed/cuda/blenderproc_cogar_sim/deeplabv3plus/inference_speed.json
[DONE] wrote outputs/task7_inference_speed/summary.csv
[DONE] Task 7 inference-speed benchmark
