nohup: ignoring input
[PLAN] datasets=['blenderproc_cogar_sim'] models=['sam_vit_b', 'yolo8_seg', 'mask_rcnn', 'deeplabv3plus'] prompt_modes=['point'] devices=['cpu']
[START] blenderproc_cogar_sim/sam_vit_b/point/cpu: loading 2 images
[LOAD] blenderproc_cogar_sim/sam_vit_b/point/cpu: building model
/home/ubuntu/COGAR_Foundation-Model-Segmentation-for-Robotic-Scenes/.venv/lib/python3.12/site-packages/segment_anything/build_sam.py:105: FutureWarning: You are using `torch.load` with `weights_only=False` (the current default value), which uses the default pickle module implicitly. It is possible to construct malicious pickle data which will execute arbitrary code during unpickling (See https://github.com/pytorch/pytorch/blob/main/SECURITY.md#untrusted-models for more details). In a future release, the default value for `weights_only` will be flipped to `True`. This limits the functions that could be executed during unpickling. Arbitrary objects will no longer be allowed to be loaded via this mode unless they are explicitly allowlisted by the user via `torch.serialization.add_safe_globals`. We recommend you start setting `weights_only=True` for any use case where you don't have full control of the loaded file. Please open an issue on GitHub for any issues related to this experimental feature.
  state_dict = torch.load(f)
[WARMUP] blenderproc_cogar_sim/sam_vit_b/point/cpu: 1 images
[TIMING] blenderproc_cogar_sim/sam_vit_b/point/cpu: 2 images
[PROGRESS] blenderproc_cogar_sim/sam_vit_b/point/cpu: 1/2 images, last=83.5ms, elapsed=0.1s
[PROGRESS] blenderproc_cogar_sim/sam_vit_b/point/cpu: 2/2 images, last=12260.5ms, elapsed=12.3s
[DONE] blenderproc_cogar_sim/sam_vit_b/point/cpu: fps=0.162 mean=6172.0ms output=outputs/task7_inference_speed/cpu/blenderproc_cogar_sim/sam_vit_b/point_speed.json
[START] blenderproc_cogar_sim/yolo8_seg/inference/cpu: loading 2 images
[LOAD] blenderproc_cogar_sim/yolo8_seg/inference/cpu: building model
[LOAD] yolo8_seg/blenderproc_cogar_sim: ultralytics=/home/ubuntu/COGAR_Foundation-Model-Segmentation-for-Robotic-Scenes/.venv/lib/python3.12/site-packages/ultralytics/__init__.py
[WARMUP] blenderproc_cogar_sim/yolo8_seg/inference/cpu: 1 images
[TIMING] blenderproc_cogar_sim/yolo8_seg/inference/cpu: 2 images
[PROGRESS] blenderproc_cogar_sim/yolo8_seg/inference/cpu: 1/2 images, last=1030.0ms, elapsed=1.0s
[PROGRESS] blenderproc_cogar_sim/yolo8_seg/inference/cpu: 2/2 images, last=1093.4ms, elapsed=2.1s
[DONE] blenderproc_cogar_sim/yolo8_seg/inference/cpu: fps=0.942 mean=1061.7ms output=outputs/task7_inference_speed/cpu/blenderproc_cogar_sim/yolo8_seg/inference_speed.json
[START] blenderproc_cogar_sim/mask_rcnn/inference/cpu: loading 2 images
[LOAD] blenderproc_cogar_sim/mask_rcnn/inference/cpu: building model
/home/ubuntu/COGAR_Foundation-Model-Segmentation-for-Robotic-Scenes/scripts/benchmarks/measure_task7_inference_speed.py:503: FutureWarning: You are using `torch.load` with `weights_only=False` (the current default value), which uses the default pickle module implicitly. It is possible to construct malicious pickle data which will execute arbitrary code during unpickling (See https://github.com/pytorch/pytorch/blob/main/SECURITY.md#untrusted-models for more details). In a future release, the default value for `weights_only` will be flipped to `True`. This limits the functions that could be executed during unpickling. Arbitrary objects will no longer be allowed to be loaded via this mode unless they are explicitly allowlisted by the user via `torch.serialization.add_safe_globals`. We recommend you start setting `weights_only=True` for any use case where you don't have full control of the loaded file. Please open an issue on GitHub for any issues related to this experimental feature.
  checkpoint = torch.load(checkpoint_path, map_location=device_obj)
/home/ubuntu/COGAR_Foundation-Model-Segmentation-for-Robotic-Scenes/.venv/lib/python3.12/site-packages/torchvision/models/detection/backbone_utils.py:162: UserWarning: Changing trainable_backbone_layers has no effect if neither pretrained nor pretrained_backbone have been set to True, falling back to trainable_backbone_layers=5 so that all layers are trainable
  warnings.warn(
[WARMUP] blenderproc_cogar_sim/mask_rcnn/inference/cpu: 1 images
[TIMING] blenderproc_cogar_sim/mask_rcnn/inference/cpu: 2 images
[PROGRESS] blenderproc_cogar_sim/mask_rcnn/inference/cpu: 1/2 images, last=2001.9ms, elapsed=2.0s
[PROGRESS] blenderproc_cogar_sim/mask_rcnn/inference/cpu: 2/2 images, last=2074.5ms, elapsed=4.1s
[DONE] blenderproc_cogar_sim/mask_rcnn/inference/cpu: fps=0.491 mean=2038.2ms output=outputs/task7_inference_speed/cpu/blenderproc_cogar_sim/mask_rcnn/inference_speed.json
[START] blenderproc_cogar_sim/deeplabv3plus/inference/cpu: loading 2 images
[LOAD] blenderproc_cogar_sim/deeplabv3plus/inference/cpu: building model
/home/ubuntu/COGAR_Foundation-Model-Segmentation-for-Robotic-Scenes/scripts/benchmarks/measure_task7_inference_speed.py:550: FutureWarning: You are using `torch.load` with `weights_only=False` (the current default value), which uses the default pickle module implicitly. It is possible to construct malicious pickle data which will execute arbitrary code during unpickling (See https://github.com/pytorch/pytorch/blob/main/SECURITY.md#untrusted-models for more details). In a future release, the default value for `weights_only` will be flipped to `True`. This limits the functions that could be executed during unpickling. Arbitrary objects will no longer be allowed to be loaded via this mode unless they are explicitly allowlisted by the user via `torch.serialization.add_safe_globals`. We recommend you start setting `weights_only=True` for any use case where you don't have full control of the loaded file. Please open an issue on GitHub for any issues related to this experimental feature.
  checkpoint = torch.load(checkpoint_path, map_location=device_obj)
[WARMUP] blenderproc_cogar_sim/deeplabv3plus/inference/cpu: 1 images
[TIMING] blenderproc_cogar_sim/deeplabv3plus/inference/cpu: 2 images
[PROGRESS] blenderproc_cogar_sim/deeplabv3plus/inference/cpu: 1/2 images, last=519.1ms, elapsed=0.5s
[PROGRESS] blenderproc_cogar_sim/deeplabv3plus/inference/cpu: 2/2 images, last=526.9ms, elapsed=1.0s
[DONE] blenderproc_cogar_sim/deeplabv3plus/inference/cpu: fps=1.912 mean=523.0ms output=outputs/task7_inference_speed/cpu/blenderproc_cogar_sim/deeplabv3plus/inference_speed.json
[DONE] wrote outputs/task7_inference_speed/summary.csv
[DONE] Task 7 inference-speed benchmark
