nohup: ignoring input
[PLAN] datasets=['isaac_official_unitree_g1', 'blenderproc_cogar_sim', 'ocid'] models=['mobile_sam_vit_t', 'efficient_sam_ti', 'efficient_sam_s'] prompt_modes=['point', 'box', 'automatic'] devices=['cuda', 'cpu']
[START] isaac_official_unitree_g1/mobile_sam_vit_t/point/cuda: loading 53 images
[LOAD] isaac_official_unitree_g1/mobile_sam_vit_t/point/cuda: building model
/home/ubuntu/COGAR_Foundation-Model-Segmentation-for-Robotic-Scenes/.venv/lib/python3.12/site-packages/timm/models/layers/__init__.py:49: FutureWarning: Importing from timm.models.layers is deprecated, please import via timm.layers
  warnings.warn(f"Importing from {__name__} is deprecated, please import via timm.layers", FutureWarning)
/home/ubuntu/COGAR_Foundation-Model-Segmentation-for-Robotic-Scenes/.venv/lib/python3.12/site-packages/timm/models/registry.py:4: FutureWarning: Importing from timm.models.registry is deprecated, please import via timm.models
  warnings.warn(f"Importing from {__name__} is deprecated, please import via timm.models", FutureWarning)
/home/ubuntu/COGAR_Foundation-Model-Segmentation-for-Robotic-Scenes/.venv/lib/python3.12/site-packages/mobile_sam/modeling/tiny_vit_sam.py:656: UserWarning: Overwriting tiny_vit_5m_224 in registry with mobile_sam.modeling.tiny_vit_sam.tiny_vit_5m_224. This is because the name being registered conflicts with an existing name. Please check if this is not expected.
  return register_model(fn_wrapper)
/home/ubuntu/COGAR_Foundation-Model-Segmentation-for-Robotic-Scenes/.venv/lib/python3.12/site-packages/mobile_sam/modeling/tiny_vit_sam.py:656: UserWarning: Overwriting tiny_vit_11m_224 in registry with mobile_sam.modeling.tiny_vit_sam.tiny_vit_11m_224. This is because the name being registered conflicts with an existing name. Please check if this is not expected.
  return register_model(fn_wrapper)
/home/ubuntu/COGAR_Foundation-Model-Segmentation-for-Robotic-Scenes/.venv/lib/python3.12/site-packages/mobile_sam/modeling/tiny_vit_sam.py:656: UserWarning: Overwriting tiny_vit_21m_224 in registry with mobile_sam.modeling.tiny_vit_sam.tiny_vit_21m_224. This is because the name being registered conflicts with an existing name. Please check if this is not expected.
  return register_model(fn_wrapper)
/home/ubuntu/COGAR_Foundation-Model-Segmentation-for-Robotic-Scenes/.venv/lib/python3.12/site-packages/mobile_sam/modeling/tiny_vit_sam.py:656: UserWarning: Overwriting tiny_vit_21m_384 in registry with mobile_sam.modeling.tiny_vit_sam.tiny_vit_21m_384. This is because the name being registered conflicts with an existing name. Please check if this is not expected.
  return register_model(fn_wrapper)
/home/ubuntu/COGAR_Foundation-Model-Segmentation-for-Robotic-Scenes/.venv/lib/python3.12/site-packages/mobile_sam/modeling/tiny_vit_sam.py:656: UserWarning: Overwriting tiny_vit_21m_512 in registry with mobile_sam.modeling.tiny_vit_sam.tiny_vit_21m_512. This is because the name being registered conflicts with an existing name. Please check if this is not expected.
  return register_model(fn_wrapper)
/home/ubuntu/COGAR_Foundation-Model-Segmentation-for-Robotic-Scenes/.venv/lib/python3.12/site-packages/mobile_sam/build_sam.py:91: FutureWarning: You are using `torch.load` with `weights_only=False` (the current default value), which uses the default pickle module implicitly. It is possible to construct malicious pickle data which will execute arbitrary code during unpickling (See https://github.com/pytorch/pytorch/blob/main/SECURITY.md#untrusted-models for more details). In a future release, the default value for `weights_only` will be flipped to `True`. This limits the functions that could be executed during unpickling. Arbitrary objects will no longer be allowed to be loaded via this mode unless they are explicitly allowlisted by the user via `torch.serialization.add_safe_globals`. We recommend you start setting `weights_only=True` for any use case where you don't have full control of the loaded file. Please open an issue on GitHub for any issues related to this experimental feature.
  state_dict = torch.load(f)
[WARMUP] isaac_official_unitree_g1/mobile_sam_vit_t/point/cuda: 3 images
[TIMING] isaac_official_unitree_g1/mobile_sam_vit_t/point/cuda: 50 images
[PROGRESS] isaac_official_unitree_g1/mobile_sam_vit_t/point/cuda: 1/50 images, last=67.0ms, elapsed=0.1s
[PROGRESS] isaac_official_unitree_g1/mobile_sam_vit_t/point/cuda: 5/50 images, last=59.1ms, elapsed=0.3s
[PROGRESS] isaac_official_unitree_g1/mobile_sam_vit_t/point/cuda: 10/50 images, last=59.2ms, elapsed=0.6s
[PROGRESS] isaac_official_unitree_g1/mobile_sam_vit_t/point/cuda: 15/50 images, last=58.9ms, elapsed=0.9s
[PROGRESS] isaac_official_unitree_g1/mobile_sam_vit_t/point/cuda: 20/50 images, last=59.4ms, elapsed=1.2s
[PROGRESS] isaac_official_unitree_g1/mobile_sam_vit_t/point/cuda: 25/50 images, last=58.6ms, elapsed=1.5s
[PROGRESS] isaac_official_unitree_g1/mobile_sam_vit_t/point/cuda: 30/50 images, last=58.8ms, elapsed=1.8s
[PROGRESS] isaac_official_unitree_g1/mobile_sam_vit_t/point/cuda: 35/50 images, last=59.3ms, elapsed=2.1s
[PROGRESS] isaac_official_unitree_g1/mobile_sam_vit_t/point/cuda: 40/50 images, last=59.4ms, elapsed=2.4s
[PROGRESS] isaac_official_unitree_g1/mobile_sam_vit_t/point/cuda: 45/50 images, last=59.4ms, elapsed=2.7s
[PROGRESS] isaac_official_unitree_g1/mobile_sam_vit_t/point/cuda: 50/50 images, last=59.2ms, elapsed=3.0s
[DONE] isaac_official_unitree_g1/mobile_sam_vit_t/point/cuda: fps=16.836 mean=59.4ms output=outputs/task9_lightweight_sam/inference_speed/cuda/isaac_official_unitree_g1/mobile_sam_vit_t/point_speed.json
[START] isaac_official_unitree_g1/mobile_sam_vit_t/box/cuda: loading 53 images
[LOAD] isaac_official_unitree_g1/mobile_sam_vit_t/box/cuda: building model
/home/ubuntu/COGAR_Foundation-Model-Segmentation-for-Robotic-Scenes/.venv/lib/python3.12/site-packages/mobile_sam/build_sam.py:91: FutureWarning: You are using `torch.load` with `weights_only=False` (the current default value), which uses the default pickle module implicitly. It is possible to construct malicious pickle data which will execute arbitrary code during unpickling (See https://github.com/pytorch/pytorch/blob/main/SECURITY.md#untrusted-models for more details). In a future release, the default value for `weights_only` will be flipped to `True`. This limits the functions that could be executed during unpickling. Arbitrary objects will no longer be allowed to be loaded via this mode unless they are explicitly allowlisted by the user via `torch.serialization.add_safe_globals`. We recommend you start setting `weights_only=True` for any use case where you don't have full control of the loaded file. Please open an issue on GitHub for any issues related to this experimental feature.
  state_dict = torch.load(f)
[WARMUP] isaac_official_unitree_g1/mobile_sam_vit_t/box/cuda: 3 images
[TIMING] isaac_official_unitree_g1/mobile_sam_vit_t/box/cuda: 50 images
[PROGRESS] isaac_official_unitree_g1/mobile_sam_vit_t/box/cuda: 1/50 images, last=69.6ms, elapsed=0.1s
[PROGRESS] isaac_official_unitree_g1/mobile_sam_vit_t/box/cuda: 5/50 images, last=58.1ms, elapsed=0.3s
[PROGRESS] isaac_official_unitree_g1/mobile_sam_vit_t/box/cuda: 10/50 images, last=59.6ms, elapsed=0.6s
[PROGRESS] isaac_official_unitree_g1/mobile_sam_vit_t/box/cuda: 15/50 images, last=58.5ms, elapsed=0.9s
[PROGRESS] isaac_official_unitree_g1/mobile_sam_vit_t/box/cuda: 20/50 images, last=59.7ms, elapsed=1.2s
[PROGRESS] isaac_official_unitree_g1/mobile_sam_vit_t/box/cuda: 25/50 images, last=59.2ms, elapsed=1.5s
[PROGRESS] isaac_official_unitree_g1/mobile_sam_vit_t/box/cuda: 30/50 images, last=59.6ms, elapsed=1.8s
[PROGRESS] isaac_official_unitree_g1/mobile_sam_vit_t/box/cuda: 35/50 images, last=59.1ms, elapsed=2.1s
[PROGRESS] isaac_official_unitree_g1/mobile_sam_vit_t/box/cuda: 40/50 images, last=59.3ms, elapsed=2.4s
[PROGRESS] isaac_official_unitree_g1/mobile_sam_vit_t/box/cuda: 45/50 images, last=59.1ms, elapsed=2.7s
[PROGRESS] isaac_official_unitree_g1/mobile_sam_vit_t/box/cuda: 50/50 images, last=59.5ms, elapsed=3.0s
[DONE] isaac_official_unitree_g1/mobile_sam_vit_t/box/cuda: fps=16.895 mean=59.2ms output=outputs/task9_lightweight_sam/inference_speed/cuda/isaac_official_unitree_g1/mobile_sam_vit_t/box_speed.json
[START] isaac_official_unitree_g1/mobile_sam_vit_t/automatic/cuda: loading 23 images
[LOAD] isaac_official_unitree_g1/mobile_sam_vit_t/automatic/cuda: building model
[WARMUP] isaac_official_unitree_g1/mobile_sam_vit_t/automatic/cuda: 3 images
[TIMING] isaac_official_unitree_g1/mobile_sam_vit_t/automatic/cuda: 20 images
[PROGRESS] isaac_official_unitree_g1/mobile_sam_vit_t/automatic/cuda: 1/20 images, last=4574.1ms, elapsed=4.6s
[PROGRESS] isaac_official_unitree_g1/mobile_sam_vit_t/automatic/cuda: 5/20 images, last=4920.6ms, elapsed=23.5s
[PROGRESS] isaac_official_unitree_g1/mobile_sam_vit_t/automatic/cuda: 10/20 images, last=4584.3ms, elapsed=46.5s
[PROGRESS] isaac_official_unitree_g1/mobile_sam_vit_t/automatic/cuda: 15/20 images, last=4346.5ms, elapsed=69.5s
[PROGRESS] isaac_official_unitree_g1/mobile_sam_vit_t/automatic/cuda: 20/20 images, last=4507.0ms, elapsed=92.0s
[DONE] isaac_official_unitree_g1/mobile_sam_vit_t/automatic/cuda: fps=0.217 mean=4599.1ms output=outputs/task9_lightweight_sam/inference_speed/cuda/isaac_official_unitree_g1/mobile_sam_vit_t/automatic_speed.json
[START] isaac_official_unitree_g1/efficient_sam_ti/point/cuda: loading 53 images
[LOAD] isaac_official_unitree_g1/efficient_sam_ti/point/cuda: building model
/home/ubuntu/COGAR_Foundation-Model-Segmentation-for-Robotic-Scenes/.venv/lib/python3.12/site-packages/efficient_sam/efficient_sam.py:303: FutureWarning: You are using `torch.load` with `weights_only=False` (the current default value), which uses the default pickle module implicitly. It is possible to construct malicious pickle data which will execute arbitrary code during unpickling (See https://github.com/pytorch/pytorch/blob/main/SECURITY.md#untrusted-models for more details). In a future release, the default value for `weights_only` will be flipped to `True`. This limits the functions that could be executed during unpickling. Arbitrary objects will no longer be allowed to be loaded via this mode unless they are explicitly allowlisted by the user via `torch.serialization.add_safe_globals`. We recommend you start setting `weights_only=True` for any use case where you don't have full control of the loaded file. Please open an issue on GitHub for any issues related to this experimental feature.
  state_dict = torch.load(f, map_location="cpu")
[WARMUP] isaac_official_unitree_g1/efficient_sam_ti/point/cuda: 3 images
/home/ubuntu/COGAR_Foundation-Model-Segmentation-for-Robotic-Scenes/scripts/benchmarks/run_zero_shot_sam.py:364: UserWarning: The given NumPy array is not writable, and PyTorch does not support non-writable tensors. This means writing to this tensor will result in undefined behavior. You may want to copy the array to protect its data or make it writable before converting it to a tensor. This type of warning will be suppressed for the rest of this program. (Triggered internally at ../torch/csrc/utils/tensor_numpy.cpp:206.)
  torch.from_numpy(image_array)
[TIMING] isaac_official_unitree_g1/efficient_sam_ti/point/cuda: 50 images
[PROGRESS] isaac_official_unitree_g1/efficient_sam_ti/point/cuda: 1/50 images, last=120.3ms, elapsed=0.1s
[PROGRESS] isaac_official_unitree_g1/efficient_sam_ti/point/cuda: 5/50 images, last=121.3ms, elapsed=0.6s
[PROGRESS] isaac_official_unitree_g1/efficient_sam_ti/point/cuda: 10/50 images, last=122.3ms, elapsed=1.2s
[PROGRESS] isaac_official_unitree_g1/efficient_sam_ti/point/cuda: 15/50 images, last=121.7ms, elapsed=1.8s
[PROGRESS] isaac_official_unitree_g1/efficient_sam_ti/point/cuda: 20/50 images, last=123.8ms, elapsed=2.4s
[PROGRESS] isaac_official_unitree_g1/efficient_sam_ti/point/cuda: 25/50 images, last=123.0ms, elapsed=3.1s
[PROGRESS] isaac_official_unitree_g1/efficient_sam_ti/point/cuda: 30/50 images, last=123.9ms, elapsed=3.7s
[PROGRESS] isaac_official_unitree_g1/efficient_sam_ti/point/cuda: 35/50 images, last=124.3ms, elapsed=4.3s
[PROGRESS] isaac_official_unitree_g1/efficient_sam_ti/point/cuda: 40/50 images, last=123.2ms, elapsed=4.9s
[PROGRESS] isaac_official_unitree_g1/efficient_sam_ti/point/cuda: 45/50 images, last=123.6ms, elapsed=5.5s
[PROGRESS] isaac_official_unitree_g1/efficient_sam_ti/point/cuda: 50/50 images, last=122.2ms, elapsed=6.1s
[DONE] isaac_official_unitree_g1/efficient_sam_ti/point/cuda: fps=8.136 mean=122.9ms output=outputs/task9_lightweight_sam/inference_speed/cuda/isaac_official_unitree_g1/efficient_sam_ti/point_speed.json
[START] isaac_official_unitree_g1/efficient_sam_ti/box/cuda: loading 53 images
[LOAD] isaac_official_unitree_g1/efficient_sam_ti/box/cuda: building model
[WARMUP] isaac_official_unitree_g1/efficient_sam_ti/box/cuda: 3 images
[TIMING] isaac_official_unitree_g1/efficient_sam_ti/box/cuda: 50 images
[PROGRESS] isaac_official_unitree_g1/efficient_sam_ti/box/cuda: 1/50 images, last=115.9ms, elapsed=0.1s
[PROGRESS] isaac_official_unitree_g1/efficient_sam_ti/box/cuda: 5/50 images, last=116.0ms, elapsed=0.6s
[PROGRESS] isaac_official_unitree_g1/efficient_sam_ti/box/cuda: 10/50 images, last=115.9ms, elapsed=1.2s
[PROGRESS] isaac_official_unitree_g1/efficient_sam_ti/box/cuda: 15/50 images, last=116.2ms, elapsed=1.7s
[PROGRESS] isaac_official_unitree_g1/efficient_sam_ti/box/cuda: 20/50 images, last=115.2ms, elapsed=2.3s
[PROGRESS] isaac_official_unitree_g1/efficient_sam_ti/box/cuda: 25/50 images, last=116.8ms, elapsed=2.9s
[PROGRESS] isaac_official_unitree_g1/efficient_sam_ti/box/cuda: 30/50 images, last=116.2ms, elapsed=3.5s
[PROGRESS] isaac_official_unitree_g1/efficient_sam_ti/box/cuda: 35/50 images, last=115.8ms, elapsed=4.1s
[PROGRESS] isaac_official_unitree_g1/efficient_sam_ti/box/cuda: 40/50 images, last=116.7ms, elapsed=4.7s
[PROGRESS] isaac_official_unitree_g1/efficient_sam_ti/box/cuda: 45/50 images, last=116.3ms, elapsed=5.2s
[PROGRESS] isaac_official_unitree_g1/efficient_sam_ti/box/cuda: 50/50 images, last=117.6ms, elapsed=5.8s
[DONE] isaac_official_unitree_g1/efficient_sam_ti/box/cuda: fps=8.588 mean=116.4ms output=outputs/task9_lightweight_sam/inference_speed/cuda/isaac_official_unitree_g1/efficient_sam_ti/box_speed.json
[START] isaac_official_unitree_g1/efficient_sam_ti/automatic/cuda: loading 23 images
[LOAD] isaac_official_unitree_g1/efficient_sam_ti/automatic/cuda: building model
[WARMUP] isaac_official_unitree_g1/efficient_sam_ti/automatic/cuda: 3 images
[TIMING] isaac_official_unitree_g1/efficient_sam_ti/automatic/cuda: 20 images
[PROGRESS] isaac_official_unitree_g1/efficient_sam_ti/automatic/cuda: 1/20 images, last=520.2ms, elapsed=0.5s
[PROGRESS] isaac_official_unitree_g1/efficient_sam_ti/automatic/cuda: 5/20 images, last=537.0ms, elapsed=2.6s
[PROGRESS] isaac_official_unitree_g1/efficient_sam_ti/automatic/cuda: 10/20 images, last=542.7ms, elapsed=5.4s
[PROGRESS] isaac_official_unitree_g1/efficient_sam_ti/automatic/cuda: 15/20 images, last=544.6ms, elapsed=8.1s
[PROGRESS] isaac_official_unitree_g1/efficient_sam_ti/automatic/cuda: 20/20 images, last=548.6ms, elapsed=10.8s
[DONE] isaac_official_unitree_g1/efficient_sam_ti/automatic/cuda: fps=1.851 mean=540.4ms output=outputs/task9_lightweight_sam/inference_speed/cuda/isaac_official_unitree_g1/efficient_sam_ti/automatic_speed.json
[START] isaac_official_unitree_g1/efficient_sam_s/point/cuda: loading 53 images
[LOAD] isaac_official_unitree_g1/efficient_sam_s/point/cuda: building model
[WARMUP] isaac_official_unitree_g1/efficient_sam_s/point/cuda: 3 images
[TIMING] isaac_official_unitree_g1/efficient_sam_s/point/cuda: 50 images
[PROGRESS] isaac_official_unitree_g1/efficient_sam_s/point/cuda: 1/50 images, last=237.8ms, elapsed=0.2s
[PROGRESS] isaac_official_unitree_g1/efficient_sam_s/point/cuda: 5/50 images, last=236.2ms, elapsed=1.2s
[PROGRESS] isaac_official_unitree_g1/efficient_sam_s/point/cuda: 10/50 images, last=236.7ms, elapsed=2.4s
[PROGRESS] isaac_official_unitree_g1/efficient_sam_s/point/cuda: 15/50 images, last=235.1ms, elapsed=3.5s
[PROGRESS] isaac_official_unitree_g1/efficient_sam_s/point/cuda: 20/50 images, last=235.0ms, elapsed=4.7s
[PROGRESS] isaac_official_unitree_g1/efficient_sam_s/point/cuda: 25/50 images, last=236.1ms, elapsed=5.9s
[PROGRESS] isaac_official_unitree_g1/efficient_sam_s/point/cuda: 30/50 images, last=236.6ms, elapsed=7.1s
[PROGRESS] isaac_official_unitree_g1/efficient_sam_s/point/cuda: 35/50 images, last=236.9ms, elapsed=8.3s
[PROGRESS] isaac_official_unitree_g1/efficient_sam_s/point/cuda: 40/50 images, last=238.0ms, elapsed=9.5s
[PROGRESS] isaac_official_unitree_g1/efficient_sam_s/point/cuda: 45/50 images, last=237.2ms, elapsed=10.6s
[PROGRESS] isaac_official_unitree_g1/efficient_sam_s/point/cuda: 50/50 images, last=237.6ms, elapsed=11.8s
[DONE] isaac_official_unitree_g1/efficient_sam_s/point/cuda: fps=4.224 mean=236.7ms output=outputs/task9_lightweight_sam/inference_speed/cuda/isaac_official_unitree_g1/efficient_sam_s/point_speed.json
[START] isaac_official_unitree_g1/efficient_sam_s/box/cuda: loading 53 images
[LOAD] isaac_official_unitree_g1/efficient_sam_s/box/cuda: building model
[WARMUP] isaac_official_unitree_g1/efficient_sam_s/box/cuda: 3 images
[TIMING] isaac_official_unitree_g1/efficient_sam_s/box/cuda: 50 images
[PROGRESS] isaac_official_unitree_g1/efficient_sam_s/box/cuda: 1/50 images, last=235.8ms, elapsed=0.2s
[PROGRESS] isaac_official_unitree_g1/efficient_sam_s/box/cuda: 5/50 images, last=237.4ms, elapsed=1.2s
[PROGRESS] isaac_official_unitree_g1/efficient_sam_s/box/cuda: 10/50 images, last=238.2ms, elapsed=2.4s
[PROGRESS] isaac_official_unitree_g1/efficient_sam_s/box/cuda: 15/50 images, last=238.2ms, elapsed=3.6s
[PROGRESS] isaac_official_unitree_g1/efficient_sam_s/box/cuda: 20/50 images, last=237.6ms, elapsed=4.7s
[PROGRESS] isaac_official_unitree_g1/efficient_sam_s/box/cuda: 25/50 images, last=237.5ms, elapsed=5.9s
[PROGRESS] isaac_official_unitree_g1/efficient_sam_s/box/cuda: 30/50 images, last=236.3ms, elapsed=7.1s
[PROGRESS] isaac_official_unitree_g1/efficient_sam_s/box/cuda: 35/50 images, last=238.7ms, elapsed=8.3s
[PROGRESS] isaac_official_unitree_g1/efficient_sam_s/box/cuda: 40/50 images, last=238.3ms, elapsed=9.5s
[PROGRESS] isaac_official_unitree_g1/efficient_sam_s/box/cuda: 45/50 images, last=239.5ms, elapsed=10.7s
[PROGRESS] isaac_official_unitree_g1/efficient_sam_s/box/cuda: 50/50 images, last=236.5ms, elapsed=11.9s
[DONE] isaac_official_unitree_g1/efficient_sam_s/box/cuda: fps=4.212 mean=237.4ms output=outputs/task9_lightweight_sam/inference_speed/cuda/isaac_official_unitree_g1/efficient_sam_s/box_speed.json
[START] isaac_official_unitree_g1/efficient_sam_s/automatic/cuda: loading 23 images
[LOAD] isaac_official_unitree_g1/efficient_sam_s/automatic/cuda: building model
[WARMUP] isaac_official_unitree_g1/efficient_sam_s/automatic/cuda: 3 images
[TIMING] isaac_official_unitree_g1/efficient_sam_s/automatic/cuda: 20 images
[PROGRESS] isaac_official_unitree_g1/efficient_sam_s/automatic/cuda: 1/20 images, last=690.8ms, elapsed=0.7s
[PROGRESS] isaac_official_unitree_g1/efficient_sam_s/automatic/cuda: 5/20 images, last=683.8ms, elapsed=3.5s
[PROGRESS] isaac_official_unitree_g1/efficient_sam_s/automatic/cuda: 10/20 images, last=686.9ms, elapsed=7.0s
[PROGRESS] isaac_official_unitree_g1/efficient_sam_s/automatic/cuda: 15/20 images, last=690.7ms, elapsed=10.4s
[PROGRESS] isaac_official_unitree_g1/efficient_sam_s/automatic/cuda: 20/20 images, last=702.9ms, elapsed=13.9s
[DONE] isaac_official_unitree_g1/efficient_sam_s/automatic/cuda: fps=1.435 mean=697.0ms output=outputs/task9_lightweight_sam/inference_speed/cuda/isaac_official_unitree_g1/efficient_sam_s/automatic_speed.json
[START] blenderproc_cogar_sim/mobile_sam_vit_t/point/cuda: loading 53 images
[LOAD] blenderproc_cogar_sim/mobile_sam_vit_t/point/cuda: building model
[WARMUP] blenderproc_cogar_sim/mobile_sam_vit_t/point/cuda: 3 images
[TIMING] blenderproc_cogar_sim/mobile_sam_vit_t/point/cuda: 50 images
[PROGRESS] blenderproc_cogar_sim/mobile_sam_vit_t/point/cuda: 1/50 images, last=63.9ms, elapsed=0.1s
[PROGRESS] blenderproc_cogar_sim/mobile_sam_vit_t/point/cuda: 5/50 images, last=63.9ms, elapsed=0.3s
[PROGRESS] blenderproc_cogar_sim/mobile_sam_vit_t/point/cuda: 10/50 images, last=63.6ms, elapsed=0.6s
[PROGRESS] blenderproc_cogar_sim/mobile_sam_vit_t/point/cuda: 15/50 images, last=63.7ms, elapsed=1.0s
[PROGRESS] blenderproc_cogar_sim/mobile_sam_vit_t/point/cuda: 20/50 images, last=64.0ms, elapsed=1.3s
[PROGRESS] blenderproc_cogar_sim/mobile_sam_vit_t/point/cuda: 25/50 images, last=64.1ms, elapsed=1.6s
[PROGRESS] blenderproc_cogar_sim/mobile_sam_vit_t/point/cuda: 30/50 images, last=63.8ms, elapsed=1.9s
[PROGRESS] blenderproc_cogar_sim/mobile_sam_vit_t/point/cuda: 35/50 images, last=64.1ms, elapsed=2.2s
[PROGRESS] blenderproc_cogar_sim/mobile_sam_vit_t/point/cuda: 40/50 images, last=64.4ms, elapsed=2.6s
[PROGRESS] blenderproc_cogar_sim/mobile_sam_vit_t/point/cuda: 45/50 images, last=64.4ms, elapsed=2.9s
[PROGRESS] blenderproc_cogar_sim/mobile_sam_vit_t/point/cuda: 50/50 images, last=64.4ms, elapsed=3.2s
[DONE] blenderproc_cogar_sim/mobile_sam_vit_t/point/cuda: fps=15.618 mean=64.0ms output=outputs/task9_lightweight_sam/inference_speed/cuda/blenderproc_cogar_sim/mobile_sam_vit_t/point_speed.json
[START] blenderproc_cogar_sim/mobile_sam_vit_t/box/cuda: loading 53 images
[LOAD] blenderproc_cogar_sim/mobile_sam_vit_t/box/cuda: building model
[WARMUP] blenderproc_cogar_sim/mobile_sam_vit_t/box/cuda: 3 images
[TIMING] blenderproc_cogar_sim/mobile_sam_vit_t/box/cuda: 50 images
[PROGRESS] blenderproc_cogar_sim/mobile_sam_vit_t/box/cuda: 1/50 images, last=63.7ms, elapsed=0.1s
[PROGRESS] blenderproc_cogar_sim/mobile_sam_vit_t/box/cuda: 5/50 images, last=63.8ms, elapsed=0.3s
[PROGRESS] blenderproc_cogar_sim/mobile_sam_vit_t/box/cuda: 10/50 images, last=63.8ms, elapsed=0.6s
[PROGRESS] blenderproc_cogar_sim/mobile_sam_vit_t/box/cuda: 15/50 images, last=62.7ms, elapsed=1.0s
[PROGRESS] blenderproc_cogar_sim/mobile_sam_vit_t/box/cuda: 20/50 images, last=63.5ms, elapsed=1.3s
[PROGRESS] blenderproc_cogar_sim/mobile_sam_vit_t/box/cuda: 25/50 images, last=63.6ms, elapsed=1.6s
[PROGRESS] blenderproc_cogar_sim/mobile_sam_vit_t/box/cuda: 30/50 images, last=62.7ms, elapsed=1.9s
[PROGRESS] blenderproc_cogar_sim/mobile_sam_vit_t/box/cuda: 35/50 images, last=63.8ms, elapsed=2.2s
[PROGRESS] blenderproc_cogar_sim/mobile_sam_vit_t/box/cuda: 40/50 images, last=63.3ms, elapsed=2.5s
[PROGRESS] blenderproc_cogar_sim/mobile_sam_vit_t/box/cuda: 45/50 images, last=63.1ms, elapsed=2.9s
[PROGRESS] blenderproc_cogar_sim/mobile_sam_vit_t/box/cuda: 50/50 images, last=64.2ms, elapsed=3.2s
[DONE] blenderproc_cogar_sim/mobile_sam_vit_t/box/cuda: fps=15.737 mean=63.5ms output=outputs/task9_lightweight_sam/inference_speed/cuda/blenderproc_cogar_sim/mobile_sam_vit_t/box_speed.json
[START] blenderproc_cogar_sim/mobile_sam_vit_t/automatic/cuda: loading 23 images
[LOAD] blenderproc_cogar_sim/mobile_sam_vit_t/automatic/cuda: building model
[WARMUP] blenderproc_cogar_sim/mobile_sam_vit_t/automatic/cuda: 3 images
[TIMING] blenderproc_cogar_sim/mobile_sam_vit_t/automatic/cuda: 20 images
[PROGRESS] blenderproc_cogar_sim/mobile_sam_vit_t/automatic/cuda: 1/20 images, last=5085.0ms, elapsed=5.1s
[PROGRESS] blenderproc_cogar_sim/mobile_sam_vit_t/automatic/cuda: 5/20 images, last=4325.4ms, elapsed=25.3s
[PROGRESS] blenderproc_cogar_sim/mobile_sam_vit_t/automatic/cuda: 10/20 images, last=4526.4ms, elapsed=49.0s
[PROGRESS] blenderproc_cogar_sim/mobile_sam_vit_t/automatic/cuda: 15/20 images, last=5842.0ms, elapsed=75.2s
[PROGRESS] blenderproc_cogar_sim/mobile_sam_vit_t/automatic/cuda: 20/20 images, last=4919.9ms, elapsed=101.2s
[DONE] blenderproc_cogar_sim/mobile_sam_vit_t/automatic/cuda: fps=0.198 mean=5060.7ms output=outputs/task9_lightweight_sam/inference_speed/cuda/blenderproc_cogar_sim/mobile_sam_vit_t/automatic_speed.json
[START] blenderproc_cogar_sim/efficient_sam_ti/point/cuda: loading 53 images
[LOAD] blenderproc_cogar_sim/efficient_sam_ti/point/cuda: building model
[WARMUP] blenderproc_cogar_sim/efficient_sam_ti/point/cuda: 3 images
[TIMING] blenderproc_cogar_sim/efficient_sam_ti/point/cuda: 50 images
[PROGRESS] blenderproc_cogar_sim/efficient_sam_ti/point/cuda: 1/50 images, last=110.9ms, elapsed=0.1s
[PROGRESS] blenderproc_cogar_sim/efficient_sam_ti/point/cuda: 5/50 images, last=111.6ms, elapsed=0.6s
[PROGRESS] blenderproc_cogar_sim/efficient_sam_ti/point/cuda: 10/50 images, last=110.8ms, elapsed=1.1s
[PROGRESS] blenderproc_cogar_sim/efficient_sam_ti/point/cuda: 15/50 images, last=109.2ms, elapsed=1.7s
[PROGRESS] blenderproc_cogar_sim/efficient_sam_ti/point/cuda: 20/50 images, last=111.1ms, elapsed=2.2s
[PROGRESS] blenderproc_cogar_sim/efficient_sam_ti/point/cuda: 25/50 images, last=110.4ms, elapsed=2.8s
[PROGRESS] blenderproc_cogar_sim/efficient_sam_ti/point/cuda: 30/50 images, last=110.5ms, elapsed=3.3s
[PROGRESS] blenderproc_cogar_sim/efficient_sam_ti/point/cuda: 35/50 images, last=111.0ms, elapsed=3.9s
[PROGRESS] blenderproc_cogar_sim/efficient_sam_ti/point/cuda: 40/50 images, last=110.8ms, elapsed=4.4s
[PROGRESS] blenderproc_cogar_sim/efficient_sam_ti/point/cuda: 45/50 images, last=111.4ms, elapsed=5.0s
[PROGRESS] blenderproc_cogar_sim/efficient_sam_ti/point/cuda: 50/50 images, last=111.6ms, elapsed=5.5s
[DONE] blenderproc_cogar_sim/efficient_sam_ti/point/cuda: fps=9.024 mean=110.8ms output=outputs/task9_lightweight_sam/inference_speed/cuda/blenderproc_cogar_sim/efficient_sam_ti/point_speed.json
[START] blenderproc_cogar_sim/efficient_sam_ti/box/cuda: loading 53 images
[LOAD] blenderproc_cogar_sim/efficient_sam_ti/box/cuda: building model
[WARMUP] blenderproc_cogar_sim/efficient_sam_ti/box/cuda: 3 images
[TIMING] blenderproc_cogar_sim/efficient_sam_ti/box/cuda: 50 images
[PROGRESS] blenderproc_cogar_sim/efficient_sam_ti/box/cuda: 1/50 images, last=111.9ms, elapsed=0.1s
[PROGRESS] blenderproc_cogar_sim/efficient_sam_ti/box/cuda: 5/50 images, last=110.3ms, elapsed=0.6s
[PROGRESS] blenderproc_cogar_sim/efficient_sam_ti/box/cuda: 10/50 images, last=110.9ms, elapsed=1.1s
[PROGRESS] blenderproc_cogar_sim/efficient_sam_ti/box/cuda: 15/50 images, last=110.8ms, elapsed=1.7s
[PROGRESS] blenderproc_cogar_sim/efficient_sam_ti/box/cuda: 20/50 images, last=110.4ms, elapsed=2.2s
[PROGRESS] blenderproc_cogar_sim/efficient_sam_ti/box/cuda: 25/50 images, last=110.5ms, elapsed=2.8s
[PROGRESS] blenderproc_cogar_sim/efficient_sam_ti/box/cuda: 30/50 images, last=111.6ms, elapsed=3.3s
[PROGRESS] blenderproc_cogar_sim/efficient_sam_ti/box/cuda: 35/50 images, last=110.0ms, elapsed=3.9s
[PROGRESS] blenderproc_cogar_sim/efficient_sam_ti/box/cuda: 40/50 images, last=111.4ms, elapsed=4.4s
[PROGRESS] blenderproc_cogar_sim/efficient_sam_ti/box/cuda: 45/50 images, last=111.2ms, elapsed=5.0s
[PROGRESS] blenderproc_cogar_sim/efficient_sam_ti/box/cuda: 50/50 images, last=111.0ms, elapsed=5.6s
[DONE] blenderproc_cogar_sim/efficient_sam_ti/box/cuda: fps=9.006 mean=111.0ms output=outputs/task9_lightweight_sam/inference_speed/cuda/blenderproc_cogar_sim/efficient_sam_ti/box_speed.json
[START] blenderproc_cogar_sim/efficient_sam_ti/automatic/cuda: loading 23 images
[LOAD] blenderproc_cogar_sim/efficient_sam_ti/automatic/cuda: building model
[WARMUP] blenderproc_cogar_sim/efficient_sam_ti/automatic/cuda: 3 images
[TIMING] blenderproc_cogar_sim/efficient_sam_ti/automatic/cuda: 20 images
[PROGRESS] blenderproc_cogar_sim/efficient_sam_ti/automatic/cuda: 1/20 images, last=389.9ms, elapsed=0.4s
[PROGRESS] blenderproc_cogar_sim/efficient_sam_ti/automatic/cuda: 5/20 images, last=387.8ms, elapsed=2.0s
[PROGRESS] blenderproc_cogar_sim/efficient_sam_ti/automatic/cuda: 10/20 images, last=390.8ms, elapsed=4.0s
[PROGRESS] blenderproc_cogar_sim/efficient_sam_ti/automatic/cuda: 15/20 images, last=400.7ms, elapsed=5.9s
[PROGRESS] blenderproc_cogar_sim/efficient_sam_ti/automatic/cuda: 20/20 images, last=383.4ms, elapsed=7.9s
[DONE] blenderproc_cogar_sim/efficient_sam_ti/automatic/cuda: fps=2.517 mean=397.3ms output=outputs/task9_lightweight_sam/inference_speed/cuda/blenderproc_cogar_sim/efficient_sam_ti/automatic_speed.json
[START] blenderproc_cogar_sim/efficient_sam_s/point/cuda: loading 53 images
[LOAD] blenderproc_cogar_sim/efficient_sam_s/point/cuda: building model
[WARMUP] blenderproc_cogar_sim/efficient_sam_s/point/cuda: 3 images
[TIMING] blenderproc_cogar_sim/efficient_sam_s/point/cuda: 50 images
[PROGRESS] blenderproc_cogar_sim/efficient_sam_s/point/cuda: 1/50 images, last=231.9ms, elapsed=0.2s
[PROGRESS] blenderproc_cogar_sim/efficient_sam_s/point/cuda: 5/50 images, last=231.6ms, elapsed=1.2s
[PROGRESS] blenderproc_cogar_sim/efficient_sam_s/point/cuda: 10/50 images, last=232.5ms, elapsed=2.3s
[PROGRESS] blenderproc_cogar_sim/efficient_sam_s/point/cuda: 15/50 images, last=231.5ms, elapsed=3.5s
[PROGRESS] blenderproc_cogar_sim/efficient_sam_s/point/cuda: 20/50 images, last=232.3ms, elapsed=4.6s
[PROGRESS] blenderproc_cogar_sim/efficient_sam_s/point/cuda: 25/50 images, last=233.1ms, elapsed=5.8s
[PROGRESS] blenderproc_cogar_sim/efficient_sam_s/point/cuda: 30/50 images, last=233.6ms, elapsed=7.0s
[PROGRESS] blenderproc_cogar_sim/efficient_sam_s/point/cuda: 35/50 images, last=231.3ms, elapsed=8.1s
[PROGRESS] blenderproc_cogar_sim/efficient_sam_s/point/cuda: 40/50 images, last=232.2ms, elapsed=9.3s
[PROGRESS] blenderproc_cogar_sim/efficient_sam_s/point/cuda: 45/50 images, last=232.9ms, elapsed=10.4s
[PROGRESS] blenderproc_cogar_sim/efficient_sam_s/point/cuda: 50/50 images, last=232.8ms, elapsed=11.6s
[DONE] blenderproc_cogar_sim/efficient_sam_s/point/cuda: fps=4.312 mean=231.9ms output=outputs/task9_lightweight_sam/inference_speed/cuda/blenderproc_cogar_sim/efficient_sam_s/point_speed.json
[START] blenderproc_cogar_sim/efficient_sam_s/box/cuda: loading 53 images
[LOAD] blenderproc_cogar_sim/efficient_sam_s/box/cuda: building model
[WARMUP] blenderproc_cogar_sim/efficient_sam_s/box/cuda: 3 images
[TIMING] blenderproc_cogar_sim/efficient_sam_s/box/cuda: 50 images
[PROGRESS] blenderproc_cogar_sim/efficient_sam_s/box/cuda: 1/50 images, last=235.3ms, elapsed=0.2s
[PROGRESS] blenderproc_cogar_sim/efficient_sam_s/box/cuda: 5/50 images, last=234.3ms, elapsed=1.2s
[PROGRESS] blenderproc_cogar_sim/efficient_sam_s/box/cuda: 10/50 images, last=232.5ms, elapsed=2.3s
[PROGRESS] blenderproc_cogar_sim/efficient_sam_s/box/cuda: 15/50 images, last=230.3ms, elapsed=3.5s
[PROGRESS] blenderproc_cogar_sim/efficient_sam_s/box/cuda: 20/50 images, last=232.3ms, elapsed=4.6s
[PROGRESS] blenderproc_cogar_sim/efficient_sam_s/box/cuda: 25/50 images, last=231.5ms, elapsed=5.8s
[PROGRESS] blenderproc_cogar_sim/efficient_sam_s/box/cuda: 30/50 images, last=232.1ms, elapsed=7.0s
[PROGRESS] blenderproc_cogar_sim/efficient_sam_s/box/cuda: 35/50 images, last=231.5ms, elapsed=8.1s
[PROGRESS] blenderproc_cogar_sim/efficient_sam_s/box/cuda: 40/50 images, last=234.0ms, elapsed=9.3s
[PROGRESS] blenderproc_cogar_sim/efficient_sam_s/box/cuda: 45/50 images, last=232.6ms, elapsed=10.4s
[PROGRESS] blenderproc_cogar_sim/efficient_sam_s/box/cuda: 50/50 images, last=233.9ms, elapsed=11.6s
[DONE] blenderproc_cogar_sim/efficient_sam_s/box/cuda: fps=4.309 mean=232.1ms output=outputs/task9_lightweight_sam/inference_speed/cuda/blenderproc_cogar_sim/efficient_sam_s/box_speed.json
[START] blenderproc_cogar_sim/efficient_sam_s/automatic/cuda: loading 23 images
[LOAD] blenderproc_cogar_sim/efficient_sam_s/automatic/cuda: building model
[WARMUP] blenderproc_cogar_sim/efficient_sam_s/automatic/cuda: 3 images
[TIMING] blenderproc_cogar_sim/efficient_sam_s/automatic/cuda: 20 images
[PROGRESS] blenderproc_cogar_sim/efficient_sam_s/automatic/cuda: 1/20 images, last=511.6ms, elapsed=0.5s
[PROGRESS] blenderproc_cogar_sim/efficient_sam_s/automatic/cuda: 5/20 images, last=511.1ms, elapsed=2.6s
[PROGRESS] blenderproc_cogar_sim/efficient_sam_s/automatic/cuda: 10/20 images, last=516.6ms, elapsed=5.2s
[PROGRESS] blenderproc_cogar_sim/efficient_sam_s/automatic/cuda: 15/20 images, last=523.8ms, elapsed=7.8s
[PROGRESS] blenderproc_cogar_sim/efficient_sam_s/automatic/cuda: 20/20 images, last=540.6ms, elapsed=10.4s
[DONE] blenderproc_cogar_sim/efficient_sam_s/automatic/cuda: fps=1.915 mean=522.2ms output=outputs/task9_lightweight_sam/inference_speed/cuda/blenderproc_cogar_sim/efficient_sam_s/automatic_speed.json
[START] ocid/mobile_sam_vit_t/point/cuda: loading 53 images
[LOAD] ocid/mobile_sam_vit_t/point/cuda: building model
[WARMUP] ocid/mobile_sam_vit_t/point/cuda: 3 images
[TIMING] ocid/mobile_sam_vit_t/point/cuda: 50 images
[PROGRESS] ocid/mobile_sam_vit_t/point/cuda: 1/50 images, last=64.1ms, elapsed=0.1s
[PROGRESS] ocid/mobile_sam_vit_t/point/cuda: 5/50 images, last=64.4ms, elapsed=0.3s
[PROGRESS] ocid/mobile_sam_vit_t/point/cuda: 10/50 images, last=64.0ms, elapsed=0.6s
[PROGRESS] ocid/mobile_sam_vit_t/point/cuda: 15/50 images, last=64.5ms, elapsed=1.0s
[PROGRESS] ocid/mobile_sam_vit_t/point/cuda: 20/50 images, last=65.1ms, elapsed=1.3s
[PROGRESS] ocid/mobile_sam_vit_t/point/cuda: 25/50 images, last=64.7ms, elapsed=1.6s
[PROGRESS] ocid/mobile_sam_vit_t/point/cuda: 30/50 images, last=64.7ms, elapsed=1.9s
[PROGRESS] ocid/mobile_sam_vit_t/point/cuda: 35/50 images, last=64.2ms, elapsed=2.3s
[PROGRESS] ocid/mobile_sam_vit_t/point/cuda: 40/50 images, last=63.7ms, elapsed=2.6s
[PROGRESS] ocid/mobile_sam_vit_t/point/cuda: 45/50 images, last=64.6ms, elapsed=2.9s
[PROGRESS] ocid/mobile_sam_vit_t/point/cuda: 50/50 images, last=64.7ms, elapsed=3.2s
[DONE] ocid/mobile_sam_vit_t/point/cuda: fps=15.557 mean=64.3ms output=outputs/task9_lightweight_sam/inference_speed/cuda/ocid/mobile_sam_vit_t/point_speed.json
[START] ocid/mobile_sam_vit_t/box/cuda: loading 53 images
[LOAD] ocid/mobile_sam_vit_t/box/cuda: building model
[WARMUP] ocid/mobile_sam_vit_t/box/cuda: 3 images
[TIMING] ocid/mobile_sam_vit_t/box/cuda: 50 images
[PROGRESS] ocid/mobile_sam_vit_t/box/cuda: 1/50 images, last=64.6ms, elapsed=0.1s
[PROGRESS] ocid/mobile_sam_vit_t/box/cuda: 5/50 images, last=64.4ms, elapsed=0.3s
[PROGRESS] ocid/mobile_sam_vit_t/box/cuda: 10/50 images, last=63.7ms, elapsed=0.6s
[PROGRESS] ocid/mobile_sam_vit_t/box/cuda: 15/50 images, last=65.3ms, elapsed=1.0s
[PROGRESS] ocid/mobile_sam_vit_t/box/cuda: 20/50 images, last=64.6ms, elapsed=1.3s
[PROGRESS] ocid/mobile_sam_vit_t/box/cuda: 25/50 images, last=64.1ms, elapsed=1.6s
[PROGRESS] ocid/mobile_sam_vit_t/box/cuda: 30/50 images, last=64.5ms, elapsed=1.9s
[PROGRESS] ocid/mobile_sam_vit_t/box/cuda: 35/50 images, last=64.2ms, elapsed=2.3s
[PROGRESS] ocid/mobile_sam_vit_t/box/cuda: 40/50 images, last=64.5ms, elapsed=2.6s
[PROGRESS] ocid/mobile_sam_vit_t/box/cuda: 45/50 images, last=64.5ms, elapsed=2.9s
[PROGRESS] ocid/mobile_sam_vit_t/box/cuda: 50/50 images, last=64.6ms, elapsed=3.2s
[DONE] ocid/mobile_sam_vit_t/box/cuda: fps=15.522 mean=64.4ms output=outputs/task9_lightweight_sam/inference_speed/cuda/ocid/mobile_sam_vit_t/box_speed.json
[START] ocid/mobile_sam_vit_t/automatic/cuda: loading 23 images
[LOAD] ocid/mobile_sam_vit_t/automatic/cuda: building model
[WARMUP] ocid/mobile_sam_vit_t/automatic/cuda: 3 images
[TIMING] ocid/mobile_sam_vit_t/automatic/cuda: 20 images
[PROGRESS] ocid/mobile_sam_vit_t/automatic/cuda: 1/20 images, last=4544.3ms, elapsed=4.5s
[PROGRESS] ocid/mobile_sam_vit_t/automatic/cuda: 5/20 images, last=4451.4ms, elapsed=22.6s
[PROGRESS] ocid/mobile_sam_vit_t/automatic/cuda: 10/20 images, last=4433.3ms, elapsed=44.5s
[PROGRESS] ocid/mobile_sam_vit_t/automatic/cuda: 15/20 images, last=4394.5ms, elapsed=66.6s
[PROGRESS] ocid/mobile_sam_vit_t/automatic/cuda: 20/20 images, last=3973.9ms, elapsed=87.2s
[DONE] ocid/mobile_sam_vit_t/automatic/cuda: fps=0.229 mean=4359.9ms output=outputs/task9_lightweight_sam/inference_speed/cuda/ocid/mobile_sam_vit_t/automatic_speed.json
[START] ocid/efficient_sam_ti/point/cuda: loading 53 images
[LOAD] ocid/efficient_sam_ti/point/cuda: building model
[WARMUP] ocid/efficient_sam_ti/point/cuda: 3 images
[TIMING] ocid/efficient_sam_ti/point/cuda: 50 images
[PROGRESS] ocid/efficient_sam_ti/point/cuda: 1/50 images, last=111.3ms, elapsed=0.1s
[PROGRESS] ocid/efficient_sam_ti/point/cuda: 5/50 images, last=111.3ms, elapsed=0.6s
[PROGRESS] ocid/efficient_sam_ti/point/cuda: 10/50 images, last=111.4ms, elapsed=1.1s
[PROGRESS] ocid/efficient_sam_ti/point/cuda: 15/50 images, last=112.1ms, elapsed=1.7s
[PROGRESS] ocid/efficient_sam_ti/point/cuda: 20/50 images, last=111.2ms, elapsed=2.2s
[PROGRESS] ocid/efficient_sam_ti/point/cuda: 25/50 images, last=112.1ms, elapsed=2.8s
[PROGRESS] ocid/efficient_sam_ti/point/cuda: 30/50 images, last=111.2ms, elapsed=3.3s
[PROGRESS] ocid/efficient_sam_ti/point/cuda: 35/50 images, last=111.7ms, elapsed=3.9s
[PROGRESS] ocid/efficient_sam_ti/point/cuda: 40/50 images, last=110.8ms, elapsed=4.5s
[PROGRESS] ocid/efficient_sam_ti/point/cuda: 45/50 images, last=111.5ms, elapsed=5.0s
[PROGRESS] ocid/efficient_sam_ti/point/cuda: 50/50 images, last=111.9ms, elapsed=5.6s
[DONE] ocid/efficient_sam_ti/point/cuda: fps=8.966 mean=111.5ms output=outputs/task9_lightweight_sam/inference_speed/cuda/ocid/efficient_sam_ti/point_speed.json
[START] ocid/efficient_sam_ti/box/cuda: loading 53 images
[LOAD] ocid/efficient_sam_ti/box/cuda: building model
[WARMUP] ocid/efficient_sam_ti/box/cuda: 3 images
[TIMING] ocid/efficient_sam_ti/box/cuda: 50 images
[PROGRESS] ocid/efficient_sam_ti/box/cuda: 1/50 images, last=111.7ms, elapsed=0.1s
[PROGRESS] ocid/efficient_sam_ti/box/cuda: 5/50 images, last=112.3ms, elapsed=0.6s
[PROGRESS] ocid/efficient_sam_ti/box/cuda: 10/50 images, last=111.7ms, elapsed=1.1s
[PROGRESS] ocid/efficient_sam_ti/box/cuda: 15/50 images, last=111.2ms, elapsed=1.7s
[PROGRESS] ocid/efficient_sam_ti/box/cuda: 20/50 images, last=112.1ms, elapsed=2.2s
[PROGRESS] ocid/efficient_sam_ti/box/cuda: 25/50 images, last=111.5ms, elapsed=2.8s
[PROGRESS] ocid/efficient_sam_ti/box/cuda: 30/50 images, last=112.0ms, elapsed=3.4s
[PROGRESS] ocid/efficient_sam_ti/box/cuda: 35/50 images, last=111.6ms, elapsed=3.9s
[PROGRESS] ocid/efficient_sam_ti/box/cuda: 40/50 images, last=111.8ms, elapsed=4.5s
[PROGRESS] ocid/efficient_sam_ti/box/cuda: 45/50 images, last=111.3ms, elapsed=5.0s
[PROGRESS] ocid/efficient_sam_ti/box/cuda: 50/50 images, last=113.1ms, elapsed=5.6s
[DONE] ocid/efficient_sam_ti/box/cuda: fps=8.925 mean=112.0ms output=outputs/task9_lightweight_sam/inference_speed/cuda/ocid/efficient_sam_ti/box_speed.json
[START] ocid/efficient_sam_ti/automatic/cuda: loading 23 images
[LOAD] ocid/efficient_sam_ti/automatic/cuda: building model
[WARMUP] ocid/efficient_sam_ti/automatic/cuda: 3 images
[TIMING] ocid/efficient_sam_ti/automatic/cuda: 20 images
[PROGRESS] ocid/efficient_sam_ti/automatic/cuda: 1/20 images, last=392.0ms, elapsed=0.4s
[PROGRESS] ocid/efficient_sam_ti/automatic/cuda: 5/20 images, last=394.6ms, elapsed=2.0s
[PROGRESS] ocid/efficient_sam_ti/automatic/cuda: 10/20 images, last=389.3ms, elapsed=3.9s
[PROGRESS] ocid/efficient_sam_ti/automatic/cuda: 15/20 images, last=397.9ms, elapsed=5.9s
[PROGRESS] ocid/efficient_sam_ti/automatic/cuda: 20/20 images, last=411.2ms, elapsed=7.9s
[DONE] ocid/efficient_sam_ti/automatic/cuda: fps=2.518 mean=397.2ms output=outputs/task9_lightweight_sam/inference_speed/cuda/ocid/efficient_sam_ti/automatic_speed.json
[START] ocid/efficient_sam_s/point/cuda: loading 53 images
[LOAD] ocid/efficient_sam_s/point/cuda: building model
[WARMUP] ocid/efficient_sam_s/point/cuda: 3 images
[TIMING] ocid/efficient_sam_s/point/cuda: 50 images
[PROGRESS] ocid/efficient_sam_s/point/cuda: 1/50 images, last=233.0ms, elapsed=0.2s
[PROGRESS] ocid/efficient_sam_s/point/cuda: 5/50 images, last=231.6ms, elapsed=1.2s
[PROGRESS] ocid/efficient_sam_s/point/cuda: 10/50 images, last=233.4ms, elapsed=2.3s
[PROGRESS] ocid/efficient_sam_s/point/cuda: 15/50 images, last=233.7ms, elapsed=3.5s
[PROGRESS] ocid/efficient_sam_s/point/cuda: 20/50 images, last=233.3ms, elapsed=4.7s
[PROGRESS] ocid/efficient_sam_s/point/cuda: 25/50 images, last=234.2ms, elapsed=5.8s
[PROGRESS] ocid/efficient_sam_s/point/cuda: 30/50 images, last=234.0ms, elapsed=7.0s
[PROGRESS] ocid/efficient_sam_s/point/cuda: 35/50 images, last=234.2ms, elapsed=8.2s
[PROGRESS] ocid/efficient_sam_s/point/cuda: 40/50 images, last=232.5ms, elapsed=9.3s
[PROGRESS] ocid/efficient_sam_s/point/cuda: 45/50 images, last=231.9ms, elapsed=10.5s
[PROGRESS] ocid/efficient_sam_s/point/cuda: 50/50 images, last=232.5ms, elapsed=11.6s
[DONE] ocid/efficient_sam_s/point/cuda: fps=4.293 mean=232.9ms output=outputs/task9_lightweight_sam/inference_speed/cuda/ocid/efficient_sam_s/point_speed.json
[START] ocid/efficient_sam_s/box/cuda: loading 53 images
[LOAD] ocid/efficient_sam_s/box/cuda: building model
[WARMUP] ocid/efficient_sam_s/box/cuda: 3 images
[TIMING] ocid/efficient_sam_s/box/cuda: 50 images
[PROGRESS] ocid/efficient_sam_s/box/cuda: 1/50 images, last=233.9ms, elapsed=0.2s
[PROGRESS] ocid/efficient_sam_s/box/cuda: 5/50 images, last=234.3ms, elapsed=1.2s
[PROGRESS] ocid/efficient_sam_s/box/cuda: 10/50 images, last=232.8ms, elapsed=2.3s
[PROGRESS] ocid/efficient_sam_s/box/cuda: 15/50 images, last=233.7ms, elapsed=3.5s
[PROGRESS] ocid/efficient_sam_s/box/cuda: 20/50 images, last=234.5ms, elapsed=4.7s
[PROGRESS] ocid/efficient_sam_s/box/cuda: 25/50 images, last=231.8ms, elapsed=5.8s
[PROGRESS] ocid/efficient_sam_s/box/cuda: 30/50 images, last=237.5ms, elapsed=7.0s
[PROGRESS] ocid/efficient_sam_s/box/cuda: 35/50 images, last=236.7ms, elapsed=8.2s
[PROGRESS] ocid/efficient_sam_s/box/cuda: 40/50 images, last=232.5ms, elapsed=9.3s
[PROGRESS] ocid/efficient_sam_s/box/cuda: 45/50 images, last=231.1ms, elapsed=10.5s
[PROGRESS] ocid/efficient_sam_s/box/cuda: 50/50 images, last=232.2ms, elapsed=11.7s
[DONE] ocid/efficient_sam_s/box/cuda: fps=4.287 mean=233.3ms output=outputs/task9_lightweight_sam/inference_speed/cuda/ocid/efficient_sam_s/box_speed.json
[START] ocid/efficient_sam_s/automatic/cuda: loading 23 images
[LOAD] ocid/efficient_sam_s/automatic/cuda: building model
[WARMUP] ocid/efficient_sam_s/automatic/cuda: 3 images
[TIMING] ocid/efficient_sam_s/automatic/cuda: 20 images
[PROGRESS] ocid/efficient_sam_s/automatic/cuda: 1/20 images, last=515.5ms, elapsed=0.5s
[PROGRESS] ocid/efficient_sam_s/automatic/cuda: 5/20 images, last=521.3ms, elapsed=2.6s
[PROGRESS] ocid/efficient_sam_s/automatic/cuda: 10/20 images, last=505.6ms, elapsed=5.2s
[PROGRESS] ocid/efficient_sam_s/automatic/cuda: 15/20 images, last=518.9ms, elapsed=7.7s
[PROGRESS] ocid/efficient_sam_s/automatic/cuda: 20/20 images, last=526.3ms, elapsed=10.3s
[DONE] ocid/efficient_sam_s/automatic/cuda: fps=1.934 mean=517.1ms output=outputs/task9_lightweight_sam/inference_speed/cuda/ocid/efficient_sam_s/automatic_speed.json
[START] isaac_official_unitree_g1/mobile_sam_vit_t/point/cpu: loading 13 images
[LOAD] isaac_official_unitree_g1/mobile_sam_vit_t/point/cpu: building model
[WARMUP] isaac_official_unitree_g1/mobile_sam_vit_t/point/cpu: 3 images
[TIMING] isaac_official_unitree_g1/mobile_sam_vit_t/point/cpu: 10 images
[PROGRESS] isaac_official_unitree_g1/mobile_sam_vit_t/point/cpu: 1/10 images, last=1740.0ms, elapsed=1.7s
[PROGRESS] isaac_official_unitree_g1/mobile_sam_vit_t/point/cpu: 5/10 images, last=1747.2ms, elapsed=8.7s
[PROGRESS] isaac_official_unitree_g1/mobile_sam_vit_t/point/cpu: 10/10 images, last=1729.8ms, elapsed=17.4s
[DONE] isaac_official_unitree_g1/mobile_sam_vit_t/point/cpu: fps=0.573 mean=1744.1ms output=outputs/task9_lightweight_sam/inference_speed/cpu/isaac_official_unitree_g1/mobile_sam_vit_t/point_speed.json
[START] isaac_official_unitree_g1/mobile_sam_vit_t/box/cpu: loading 13 images
[LOAD] isaac_official_unitree_g1/mobile_sam_vit_t/box/cpu: building model
[WARMUP] isaac_official_unitree_g1/mobile_sam_vit_t/box/cpu: 3 images
[TIMING] isaac_official_unitree_g1/mobile_sam_vit_t/box/cpu: 10 images
[PROGRESS] isaac_official_unitree_g1/mobile_sam_vit_t/box/cpu: 1/10 images, last=1735.6ms, elapsed=1.7s
[PROGRESS] isaac_official_unitree_g1/mobile_sam_vit_t/box/cpu: 5/10 images, last=1731.9ms, elapsed=8.7s
[PROGRESS] isaac_official_unitree_g1/mobile_sam_vit_t/box/cpu: 10/10 images, last=1723.5ms, elapsed=17.3s
[DONE] isaac_official_unitree_g1/mobile_sam_vit_t/box/cpu: fps=0.577 mean=1732.9ms output=outputs/task9_lightweight_sam/inference_speed/cpu/isaac_official_unitree_g1/mobile_sam_vit_t/box_speed.json
[START] isaac_official_unitree_g1/mobile_sam_vit_t/automatic/cpu: loading 4 images
[LOAD] isaac_official_unitree_g1/mobile_sam_vit_t/automatic/cpu: building model
[WARMUP] isaac_official_unitree_g1/mobile_sam_vit_t/automatic/cpu: 3 images
[TIMING] isaac_official_unitree_g1/mobile_sam_vit_t/automatic/cpu: 1 images
[PROGRESS] isaac_official_unitree_g1/mobile_sam_vit_t/automatic/cpu: 1/1 images, last=169423.8ms, elapsed=169.4s
[DONE] isaac_official_unitree_g1/mobile_sam_vit_t/automatic/cpu: fps=0.006 mean=169423.8ms output=outputs/task9_lightweight_sam/inference_speed/cpu/isaac_official_unitree_g1/mobile_sam_vit_t/automatic_speed.json
[START] isaac_official_unitree_g1/efficient_sam_ti/point/cpu: loading 13 images
[LOAD] isaac_official_unitree_g1/efficient_sam_ti/point/cpu: building model
[WARMUP] isaac_official_unitree_g1/efficient_sam_ti/point/cpu: 3 images
[TIMING] isaac_official_unitree_g1/efficient_sam_ti/point/cpu: 10 images
[PROGRESS] isaac_official_unitree_g1/efficient_sam_ti/point/cpu: 1/10 images, last=5053.7ms, elapsed=5.1s
[PROGRESS] isaac_official_unitree_g1/efficient_sam_ti/point/cpu: 5/10 images, last=5062.0ms, elapsed=25.3s
[PROGRESS] isaac_official_unitree_g1/efficient_sam_ti/point/cpu: 10/10 images, last=5094.3ms, elapsed=50.7s
[DONE] isaac_official_unitree_g1/efficient_sam_ti/point/cpu: fps=0.197 mean=5070.9ms output=outputs/task9_lightweight_sam/inference_speed/cpu/isaac_official_unitree_g1/efficient_sam_ti/point_speed.json
[START] isaac_official_unitree_g1/efficient_sam_ti/box/cpu: loading 13 images
[LOAD] isaac_official_unitree_g1/efficient_sam_ti/box/cpu: building model
[WARMUP] isaac_official_unitree_g1/efficient_sam_ti/box/cpu: 3 images
[TIMING] isaac_official_unitree_g1/efficient_sam_ti/box/cpu: 10 images
[PROGRESS] isaac_official_unitree_g1/efficient_sam_ti/box/cpu: 1/10 images, last=5079.6ms, elapsed=5.1s
[PROGRESS] isaac_official_unitree_g1/efficient_sam_ti/box/cpu: 5/10 images, last=5095.7ms, elapsed=25.5s
[PROGRESS] isaac_official_unitree_g1/efficient_sam_ti/box/cpu: 10/10 images, last=5090.4ms, elapsed=50.9s
[DONE] isaac_official_unitree_g1/efficient_sam_ti/box/cpu: fps=0.196 mean=5093.0ms output=outputs/task9_lightweight_sam/inference_speed/cpu/isaac_official_unitree_g1/efficient_sam_ti/box_speed.json
[START] isaac_official_unitree_g1/efficient_sam_ti/automatic/cpu: loading 4 images
[LOAD] isaac_official_unitree_g1/efficient_sam_ti/automatic/cpu: building model
[WARMUP] isaac_official_unitree_g1/efficient_sam_ti/automatic/cpu: 3 images
[TIMING] isaac_official_unitree_g1/efficient_sam_ti/automatic/cpu: 1 images
[PROGRESS] isaac_official_unitree_g1/efficient_sam_ti/automatic/cpu: 1/1 images, last=13414.5ms, elapsed=13.4s
[DONE] isaac_official_unitree_g1/efficient_sam_ti/automatic/cpu: fps=0.075 mean=13414.5ms output=outputs/task9_lightweight_sam/inference_speed/cpu/isaac_official_unitree_g1/efficient_sam_ti/automatic_speed.json
[START] isaac_official_unitree_g1/efficient_sam_s/point/cpu: loading 13 images
[LOAD] isaac_official_unitree_g1/efficient_sam_s/point/cpu: building model
[WARMUP] isaac_official_unitree_g1/efficient_sam_s/point/cpu: 3 images
[TIMING] isaac_official_unitree_g1/efficient_sam_s/point/cpu: 10 images
[PROGRESS] isaac_official_unitree_g1/efficient_sam_s/point/cpu: 1/10 images, last=10529.8ms, elapsed=10.5s
[PROGRESS] isaac_official_unitree_g1/efficient_sam_s/point/cpu: 5/10 images, last=10493.8ms, elapsed=52.5s
[PROGRESS] isaac_official_unitree_g1/efficient_sam_s/point/cpu: 10/10 images, last=10539.5ms, elapsed=105.0s
[DONE] isaac_official_unitree_g1/efficient_sam_s/point/cpu: fps=0.095 mean=10499.4ms output=outputs/task9_lightweight_sam/inference_speed/cpu/isaac_official_unitree_g1/efficient_sam_s/point_speed.json
[START] isaac_official_unitree_g1/efficient_sam_s/box/cpu: loading 13 images
[LOAD] isaac_official_unitree_g1/efficient_sam_s/box/cpu: building model
[WARMUP] isaac_official_unitree_g1/efficient_sam_s/box/cpu: 3 images
[TIMING] isaac_official_unitree_g1/efficient_sam_s/box/cpu: 10 images
[PROGRESS] isaac_official_unitree_g1/efficient_sam_s/box/cpu: 1/10 images, last=10507.3ms, elapsed=10.5s
[PROGRESS] isaac_official_unitree_g1/efficient_sam_s/box/cpu: 5/10 images, last=10487.3ms, elapsed=52.3s
[PROGRESS] isaac_official_unitree_g1/efficient_sam_s/box/cpu: 10/10 images, last=10479.5ms, elapsed=104.6s
[DONE] isaac_official_unitree_g1/efficient_sam_s/box/cpu: fps=0.096 mean=10459.6ms output=outputs/task9_lightweight_sam/inference_speed/cpu/isaac_official_unitree_g1/efficient_sam_s/box_speed.json
[START] isaac_official_unitree_g1/efficient_sam_s/automatic/cpu: loading 4 images
[LOAD] isaac_official_unitree_g1/efficient_sam_s/automatic/cpu: building model
[WARMUP] isaac_official_unitree_g1/efficient_sam_s/automatic/cpu: 3 images
[TIMING] isaac_official_unitree_g1/efficient_sam_s/automatic/cpu: 1 images
[PROGRESS] isaac_official_unitree_g1/efficient_sam_s/automatic/cpu: 1/1 images, last=18910.0ms, elapsed=18.9s
[DONE] isaac_official_unitree_g1/efficient_sam_s/automatic/cpu: fps=0.053 mean=18910.0ms output=outputs/task9_lightweight_sam/inference_speed/cpu/isaac_official_unitree_g1/efficient_sam_s/automatic_speed.json
[START] blenderproc_cogar_sim/mobile_sam_vit_t/point/cpu: loading 13 images
[LOAD] blenderproc_cogar_sim/mobile_sam_vit_t/point/cpu: building model
[WARMUP] blenderproc_cogar_sim/mobile_sam_vit_t/point/cpu: 3 images
[TIMING] blenderproc_cogar_sim/mobile_sam_vit_t/point/cpu: 10 images
[PROGRESS] blenderproc_cogar_sim/mobile_sam_vit_t/point/cpu: 1/10 images, last=1460.8ms, elapsed=1.5s
[PROGRESS] blenderproc_cogar_sim/mobile_sam_vit_t/point/cpu: 5/10 images, last=1478.1ms, elapsed=7.3s
[PROGRESS] blenderproc_cogar_sim/mobile_sam_vit_t/point/cpu: 10/10 images, last=1467.5ms, elapsed=14.7s
[DONE] blenderproc_cogar_sim/mobile_sam_vit_t/point/cpu: fps=0.681 mean=1469.2ms output=outputs/task9_lightweight_sam/inference_speed/cpu/blenderproc_cogar_sim/mobile_sam_vit_t/point_speed.json
[START] blenderproc_cogar_sim/mobile_sam_vit_t/box/cpu: loading 13 images
[LOAD] blenderproc_cogar_sim/mobile_sam_vit_t/box/cpu: building model
[WARMUP] blenderproc_cogar_sim/mobile_sam_vit_t/box/cpu: 3 images
[TIMING] blenderproc_cogar_sim/mobile_sam_vit_t/box/cpu: 10 images
[PROGRESS] blenderproc_cogar_sim/mobile_sam_vit_t/box/cpu: 1/10 images, last=1527.8ms, elapsed=1.5s
[PROGRESS] blenderproc_cogar_sim/mobile_sam_vit_t/box/cpu: 5/10 images, last=1534.6ms, elapsed=7.7s
[PROGRESS] blenderproc_cogar_sim/mobile_sam_vit_t/box/cpu: 10/10 images, last=1534.8ms, elapsed=15.4s
[DONE] blenderproc_cogar_sim/mobile_sam_vit_t/box/cpu: fps=0.651 mean=1535.3ms output=outputs/task9_lightweight_sam/inference_speed/cpu/blenderproc_cogar_sim/mobile_sam_vit_t/box_speed.json
[START] blenderproc_cogar_sim/mobile_sam_vit_t/automatic/cpu: loading 4 images
[LOAD] blenderproc_cogar_sim/mobile_sam_vit_t/automatic/cpu: building model
[WARMUP] blenderproc_cogar_sim/mobile_sam_vit_t/automatic/cpu: 3 images
[TIMING] blenderproc_cogar_sim/mobile_sam_vit_t/automatic/cpu: 1 images
[PROGRESS] blenderproc_cogar_sim/mobile_sam_vit_t/automatic/cpu: 1/1 images, last=159054.6ms, elapsed=159.1s
[DONE] blenderproc_cogar_sim/mobile_sam_vit_t/automatic/cpu: fps=0.006 mean=159054.6ms output=outputs/task9_lightweight_sam/inference_speed/cpu/blenderproc_cogar_sim/mobile_sam_vit_t/automatic_speed.json
[START] blenderproc_cogar_sim/efficient_sam_ti/point/cpu: loading 13 images
[LOAD] blenderproc_cogar_sim/efficient_sam_ti/point/cpu: building model
[WARMUP] blenderproc_cogar_sim/efficient_sam_ti/point/cpu: 3 images
[TIMING] blenderproc_cogar_sim/efficient_sam_ti/point/cpu: 10 images
[PROGRESS] blenderproc_cogar_sim/efficient_sam_ti/point/cpu: 1/10 images, last=5131.6ms, elapsed=5.1s
[PROGRESS] blenderproc_cogar_sim/efficient_sam_ti/point/cpu: 5/10 images, last=5106.5ms, elapsed=25.5s
[PROGRESS] blenderproc_cogar_sim/efficient_sam_ti/point/cpu: 10/10 images, last=5107.8ms, elapsed=51.1s
[DONE] blenderproc_cogar_sim/efficient_sam_ti/point/cpu: fps=0.196 mean=5113.2ms output=outputs/task9_lightweight_sam/inference_speed/cpu/blenderproc_cogar_sim/efficient_sam_ti/point_speed.json
[START] blenderproc_cogar_sim/efficient_sam_ti/box/cpu: loading 13 images
[LOAD] blenderproc_cogar_sim/efficient_sam_ti/box/cpu: building model
[WARMUP] blenderproc_cogar_sim/efficient_sam_ti/box/cpu: 3 images
[TIMING] blenderproc_cogar_sim/efficient_sam_ti/box/cpu: 10 images
[PROGRESS] blenderproc_cogar_sim/efficient_sam_ti/box/cpu: 1/10 images, last=5126.5ms, elapsed=5.1s
[PROGRESS] blenderproc_cogar_sim/efficient_sam_ti/box/cpu: 5/10 images, last=5155.9ms, elapsed=25.7s
[PROGRESS] blenderproc_cogar_sim/efficient_sam_ti/box/cpu: 10/10 images, last=5123.0ms, elapsed=51.5s
[DONE] blenderproc_cogar_sim/efficient_sam_ti/box/cpu: fps=0.194 mean=5148.3ms output=outputs/task9_lightweight_sam/inference_speed/cpu/blenderproc_cogar_sim/efficient_sam_ti/box_speed.json
[START] blenderproc_cogar_sim/efficient_sam_ti/automatic/cpu: loading 4 images
[LOAD] blenderproc_cogar_sim/efficient_sam_ti/automatic/cpu: building model
[WARMUP] blenderproc_cogar_sim/efficient_sam_ti/automatic/cpu: 3 images
[TIMING] blenderproc_cogar_sim/efficient_sam_ti/automatic/cpu: 1 images
[PROGRESS] blenderproc_cogar_sim/efficient_sam_ti/automatic/cpu: 1/1 images, last=13067.9ms, elapsed=13.1s
[DONE] blenderproc_cogar_sim/efficient_sam_ti/automatic/cpu: fps=0.077 mean=13067.9ms output=outputs/task9_lightweight_sam/inference_speed/cpu/blenderproc_cogar_sim/efficient_sam_ti/automatic_speed.json
[START] blenderproc_cogar_sim/efficient_sam_s/point/cpu: loading 13 images
[LOAD] blenderproc_cogar_sim/efficient_sam_s/point/cpu: building model
[WARMUP] blenderproc_cogar_sim/efficient_sam_s/point/cpu: 3 images
[TIMING] blenderproc_cogar_sim/efficient_sam_s/point/cpu: 10 images
[PROGRESS] blenderproc_cogar_sim/efficient_sam_s/point/cpu: 1/10 images, last=10672.5ms, elapsed=10.7s
[PROGRESS] blenderproc_cogar_sim/efficient_sam_s/point/cpu: 5/10 images, last=10510.6ms, elapsed=52.8s
[PROGRESS] blenderproc_cogar_sim/efficient_sam_s/point/cpu: 10/10 images, last=10574.5ms, elapsed=105.6s
[DONE] blenderproc_cogar_sim/efficient_sam_s/point/cpu: fps=0.095 mean=10555.8ms output=outputs/task9_lightweight_sam/inference_speed/cpu/blenderproc_cogar_sim/efficient_sam_s/point_speed.json
[START] blenderproc_cogar_sim/efficient_sam_s/box/cpu: loading 13 images
[LOAD] blenderproc_cogar_sim/efficient_sam_s/box/cpu: building model
[WARMUP] blenderproc_cogar_sim/efficient_sam_s/box/cpu: 3 images
[TIMING] blenderproc_cogar_sim/efficient_sam_s/box/cpu: 10 images
[PROGRESS] blenderproc_cogar_sim/efficient_sam_s/box/cpu: 1/10 images, last=10594.5ms, elapsed=10.6s
[PROGRESS] blenderproc_cogar_sim/efficient_sam_s/box/cpu: 5/10 images, last=10643.2ms, elapsed=53.0s
[PROGRESS] blenderproc_cogar_sim/efficient_sam_s/box/cpu: 10/10 images, last=10742.9ms, elapsed=106.1s
[DONE] blenderproc_cogar_sim/efficient_sam_s/box/cpu: fps=0.094 mean=10609.6ms output=outputs/task9_lightweight_sam/inference_speed/cpu/blenderproc_cogar_sim/efficient_sam_s/box_speed.json
[START] blenderproc_cogar_sim/efficient_sam_s/automatic/cpu: loading 4 images
[LOAD] blenderproc_cogar_sim/efficient_sam_s/automatic/cpu: building model
[WARMUP] blenderproc_cogar_sim/efficient_sam_s/automatic/cpu: 3 images
[TIMING] blenderproc_cogar_sim/efficient_sam_s/automatic/cpu: 1 images
[PROGRESS] blenderproc_cogar_sim/efficient_sam_s/automatic/cpu: 1/1 images, last=18827.3ms, elapsed=18.8s
[DONE] blenderproc_cogar_sim/efficient_sam_s/automatic/cpu: fps=0.053 mean=18827.3ms output=outputs/task9_lightweight_sam/inference_speed/cpu/blenderproc_cogar_sim/efficient_sam_s/automatic_speed.json
[START] ocid/mobile_sam_vit_t/point/cpu: loading 13 images
[LOAD] ocid/mobile_sam_vit_t/point/cpu: building model
[WARMUP] ocid/mobile_sam_vit_t/point/cpu: 3 images
[TIMING] ocid/mobile_sam_vit_t/point/cpu: 10 images
[PROGRESS] ocid/mobile_sam_vit_t/point/cpu: 1/10 images, last=1584.3ms, elapsed=1.6s
[PROGRESS] ocid/mobile_sam_vit_t/point/cpu: 5/10 images, last=1612.5ms, elapsed=8.0s
[PROGRESS] ocid/mobile_sam_vit_t/point/cpu: 10/10 images, last=1599.2ms, elapsed=16.0s
[DONE] ocid/mobile_sam_vit_t/point/cpu: fps=0.625 mean=1599.3ms output=outputs/task9_lightweight_sam/inference_speed/cpu/ocid/mobile_sam_vit_t/point_speed.json
[START] ocid/mobile_sam_vit_t/box/cpu: loading 13 images
[LOAD] ocid/mobile_sam_vit_t/box/cpu: building model
[WARMUP] ocid/mobile_sam_vit_t/box/cpu: 3 images
[TIMING] ocid/mobile_sam_vit_t/box/cpu: 10 images
[PROGRESS] ocid/mobile_sam_vit_t/box/cpu: 1/10 images, last=1570.4ms, elapsed=1.6s
[PROGRESS] ocid/mobile_sam_vit_t/box/cpu: 5/10 images, last=1571.5ms, elapsed=7.9s
[PROGRESS] ocid/mobile_sam_vit_t/box/cpu: 10/10 images, last=1569.7ms, elapsed=15.7s
[DONE] ocid/mobile_sam_vit_t/box/cpu: fps=0.636 mean=1572.4ms output=outputs/task9_lightweight_sam/inference_speed/cpu/ocid/mobile_sam_vit_t/box_speed.json
[START] ocid/mobile_sam_vit_t/automatic/cpu: loading 4 images
[LOAD] ocid/mobile_sam_vit_t/automatic/cpu: building model
[WARMUP] ocid/mobile_sam_vit_t/automatic/cpu: 3 images
[TIMING] ocid/mobile_sam_vit_t/automatic/cpu: 1 images
[PROGRESS] ocid/mobile_sam_vit_t/automatic/cpu: 1/1 images, last=155528.8ms, elapsed=155.5s
[DONE] ocid/mobile_sam_vit_t/automatic/cpu: fps=0.006 mean=155528.8ms output=outputs/task9_lightweight_sam/inference_speed/cpu/ocid/mobile_sam_vit_t/automatic_speed.json
[START] ocid/efficient_sam_ti/point/cpu: loading 13 images
[LOAD] ocid/efficient_sam_ti/point/cpu: building model
[WARMUP] ocid/efficient_sam_ti/point/cpu: 3 images
[TIMING] ocid/efficient_sam_ti/point/cpu: 10 images
[PROGRESS] ocid/efficient_sam_ti/point/cpu: 1/10 images, last=5107.5ms, elapsed=5.1s
[PROGRESS] ocid/efficient_sam_ti/point/cpu: 5/10 images, last=5110.6ms, elapsed=25.5s
[PROGRESS] ocid/efficient_sam_ti/point/cpu: 10/10 images, last=5098.7ms, elapsed=51.1s
[DONE] ocid/efficient_sam_ti/point/cpu: fps=0.196 mean=5109.2ms output=outputs/task9_lightweight_sam/inference_speed/cpu/ocid/efficient_sam_ti/point_speed.json
[START] ocid/efficient_sam_ti/box/cpu: loading 13 images
[LOAD] ocid/efficient_sam_ti/box/cpu: building model
[WARMUP] ocid/efficient_sam_ti/box/cpu: 3 images
[TIMING] ocid/efficient_sam_ti/box/cpu: 10 images
[PROGRESS] ocid/efficient_sam_ti/box/cpu: 1/10 images, last=5140.0ms, elapsed=5.1s
[PROGRESS] ocid/efficient_sam_ti/box/cpu: 5/10 images, last=5090.5ms, elapsed=25.6s
[PROGRESS] ocid/efficient_sam_ti/box/cpu: 10/10 images, last=5114.1ms, elapsed=51.1s
[DONE] ocid/efficient_sam_ti/box/cpu: fps=0.196 mean=5110.7ms output=outputs/task9_lightweight_sam/inference_speed/cpu/ocid/efficient_sam_ti/box_speed.json
[START] ocid/efficient_sam_ti/automatic/cpu: loading 4 images
[LOAD] ocid/efficient_sam_ti/automatic/cpu: building model
[WARMUP] ocid/efficient_sam_ti/automatic/cpu: 3 images
[TIMING] ocid/efficient_sam_ti/automatic/cpu: 1 images
[PROGRESS] ocid/efficient_sam_ti/automatic/cpu: 1/1 images, last=13170.3ms, elapsed=13.2s
[DONE] ocid/efficient_sam_ti/automatic/cpu: fps=0.076 mean=13170.3ms output=outputs/task9_lightweight_sam/inference_speed/cpu/ocid/efficient_sam_ti/automatic_speed.json
[START] ocid/efficient_sam_s/point/cpu: loading 13 images
[LOAD] ocid/efficient_sam_s/point/cpu: building model
[WARMUP] ocid/efficient_sam_s/point/cpu: 3 images
[TIMING] ocid/efficient_sam_s/point/cpu: 10 images
[PROGRESS] ocid/efficient_sam_s/point/cpu: 1/10 images, last=10426.5ms, elapsed=10.4s
[PROGRESS] ocid/efficient_sam_s/point/cpu: 5/10 images, last=10384.6ms, elapsed=51.7s
[PROGRESS] ocid/efficient_sam_s/point/cpu: 10/10 images, last=10177.4ms, elapsed=102.9s
[DONE] ocid/efficient_sam_s/point/cpu: fps=0.097 mean=10292.4ms output=outputs/task9_lightweight_sam/inference_speed/cpu/ocid/efficient_sam_s/point_speed.json
[START] ocid/efficient_sam_s/box/cpu: loading 13 images
[LOAD] ocid/efficient_sam_s/box/cpu: building model
[WARMUP] ocid/efficient_sam_s/box/cpu: 3 images
[TIMING] ocid/efficient_sam_s/box/cpu: 10 images
[PROGRESS] ocid/efficient_sam_s/box/cpu: 1/10 images, last=10356.0ms, elapsed=10.4s
[PROGRESS] ocid/efficient_sam_s/box/cpu: 5/10 images, last=10279.3ms, elapsed=51.5s
[PROGRESS] ocid/efficient_sam_s/box/cpu: 10/10 images, last=10321.1ms, elapsed=102.7s
[DONE] ocid/efficient_sam_s/box/cpu: fps=0.097 mean=10274.3ms output=outputs/task9_lightweight_sam/inference_speed/cpu/ocid/efficient_sam_s/box_speed.json
[START] ocid/efficient_sam_s/automatic/cpu: loading 4 images
[LOAD] ocid/efficient_sam_s/automatic/cpu: building model
[WARMUP] ocid/efficient_sam_s/automatic/cpu: 3 images
[TIMING] ocid/efficient_sam_s/automatic/cpu: 1 images
[PROGRESS] ocid/efficient_sam_s/automatic/cpu: 1/1 images, last=18258.2ms, elapsed=18.3s
[DONE] ocid/efficient_sam_s/automatic/cpu: fps=0.055 mean=18258.2ms output=outputs/task9_lightweight_sam/inference_speed/cpu/ocid/efficient_sam_s/automatic_speed.json
[DONE] wrote outputs/task9_lightweight_sam/inference_speed/summary.csv
[DONE] Task 7 inference-speed benchmark
