nohup: ignoring input
[START] evaluating yolo8_seg/isaac_official_unitree_g1
[PROGRESS] yolo8_seg/isaac_official_unitree_g1: predicted 25/50 images
[PROGRESS] yolo8_seg/isaac_official_unitree_g1: predicted 50/50 images
[OK] yolo8_seg/isaac_official_unitree_g1: wrote 14802 predictions in 35.1s
loading annotations into memory...
Done (t=0.15s)
creating index...
index created!
Loading and preparing results...
DONE (t=0.01s)
creating index...
index created!
[START] evaluating yolo8_seg/blenderproc_cogar_sim
[PROGRESS] yolo8_seg/blenderproc_cogar_sim: predicted 25/50 images
[PROGRESS] yolo8_seg/blenderproc_cogar_sim: predicted 50/50 images
[OK] yolo8_seg/blenderproc_cogar_sim: wrote 11056 predictions in 10.0s
loading annotations into memory...
Done (t=0.02s)
creating index...
index created!
Loading and preparing results...
DONE (t=0.01s)
creating index...
index created!
[START] evaluating yolo8_seg/ocid
[PROGRESS] yolo8_seg/ocid: predicted 25/50 images
[PROGRESS] yolo8_seg/ocid: predicted 50/50 images
[OK] yolo8_seg/ocid: wrote 14852 predictions in 13.2s
loading annotations into memory...
Done (t=0.00s)
creating index...
index created!
Loading and preparing results...
DONE (t=0.01s)
creating index...
index created!
[START] evaluating mask_rcnn/isaac_official_unitree_g1
loading annotations into memory...
Done (t=0.14s)
creating index...
index created!
Loading and preparing results...
DONE (t=0.00s)
creating index...
index created!
[START] evaluating mask_rcnn/blenderproc_cogar_sim
loading annotations into memory...
Done (t=0.02s)
creating index...
index created!
Loading and preparing results...
DONE (t=0.00s)
creating index...
index created!
[START] evaluating mask_rcnn/ocid
loading annotations into memory...
Done (t=0.00s)
creating index...
index created!
Loading and preparing results...
DONE (t=0.00s)
creating index...
index created!
[START] evaluating deeplabv3plus/isaac_official_unitree_g1
/home/ubuntu/COGAR_Foundation-Model-Segmentation-for-Robotic-Scenes/scripts/evaluation/evaluate_task6_baselines.py:432: DeprecationWarning: 'mode' parameter for changing data types is deprecated and will be removed in Pillow 13 (2026-10-15)
  target_image = Image.fromarray(target.astype(np.uint16), mode="I;16")
[PROGRESS] deeplabv3plus/isaac_official_unitree_g1: evaluated 25/50 masks
[PROGRESS] deeplabv3plus/isaac_official_unitree_g1: evaluated 50/50 masks
[START] evaluating deeplabv3plus/blenderproc_cogar_sim
[PROGRESS] deeplabv3plus/blenderproc_cogar_sim: evaluated 25/50 masks
[PROGRESS] deeplabv3plus/blenderproc_cogar_sim: evaluated 50/50 masks
[START] evaluating deeplabv3plus/ocid
[PROGRESS] deeplabv3plus/ocid: evaluated 25/50 masks
[PROGRESS] deeplabv3plus/ocid: evaluated 50/50 masks
[DONE] wrote outputs/task6_evaluation/baselines/summary.csv
[DONE] Task 6 baseline evaluation
