nohup: ignoring input
[START] evaluating blenderproc_cogar_sim/sam_vit_b/point from results/task4_zero_shot_sam/blenderproc_cogar_sim/sam_vit_b/point_predictions.jsonl
loading annotations into memory...
Done (t=0.47s)
creating index...
index created!
Loading and preparing results...
DONE (t=0.00s)
creating index...
index created!
[START] evaluating blenderproc_cogar_sim/sam_vit_b/automatic from results/task4_zero_shot_sam/blenderproc_cogar_sim/sam_vit_b/automatic_predictions.jsonl
loading annotations into memory...
Done (t=0.37s)
creating index...
index created!
Loading and preparing results...
DONE (t=0.00s)
creating index...
index created!
[DONE] wrote outputs/task6_evaluation/zero_shot/summary.csv
[DONE] Task 6 zero-shot evaluation
