Using device: cuda
train: images=350, objects=3120, image_col=image_path, mask_col=instance_mask_path, category_col=category_name
val: images=75, objects=672, image_col=image_path, mask_col=instance_mask_path, category_col=category_name
test: images=75, objects=679, image_col=image_path, mask_col=instance_mask_path, category_col=category_name
Backbone frozen
epoch=1 step=10/350 loss=2.9322 loss_classifier=1.2338, loss_box_reg=0.9344, loss_mask=0.6354, loss_objectness=0.0770, loss_rpn_box_reg=0.0516
epoch=1 step=20/350 loss=2.6452 loss_classifier=0.8274, loss_box_reg=0.8068, loss_mask=0.6655, loss_objectness=0.3018, loss_rpn_box_reg=0.0438
epoch=1 step=30/350 loss=2.0959 loss_classifier=0.5759, loss_box_reg=0.7222, loss_mask=0.6889, loss_objectness=0.0776, loss_rpn_box_reg=0.0312
epoch=1 step=40/350 loss=2.3832 loss_classifier=0.5299, loss_box_reg=0.5305, loss_mask=0.4127, loss_objectness=0.3493, loss_rpn_box_reg=0.5608
epoch=1 step=50/350 loss=2.2363 loss_classifier=0.6686, loss_box_reg=0.8116, loss_mask=0.4749, loss_objectness=0.1453, loss_rpn_box_reg=0.1358
epoch=1 step=60/350 loss=1.5297 loss_classifier=0.4580, loss_box_reg=0.5627, loss_mask=0.4357, loss_objectness=0.0579, loss_rpn_box_reg=0.0155
epoch=1 step=70/350 loss=2.4968 loss_classifier=0.7455, loss_box_reg=0.6948, loss_mask=0.2949, loss_objectness=0.2597, loss_rpn_box_reg=0.5019
epoch=1 step=80/350 loss=1.3748 loss_classifier=0.4196, loss_box_reg=0.3896, loss_mask=0.3590, loss_objectness=0.1812, loss_rpn_box_reg=0.0253
epoch=1 step=90/350 loss=2.1620 loss_classifier=0.5461, loss_box_reg=0.6727, loss_mask=0.4682, loss_objectness=0.1015, loss_rpn_box_reg=0.3735
epoch=1 step=100/350 loss=1.4204 loss_classifier=0.5087, loss_box_reg=0.4841, loss_mask=0.2511, loss_objectness=0.0685, loss_rpn_box_reg=0.1080
epoch=1 step=110/350 loss=1.3089 loss_classifier=0.3766, loss_box_reg=0.5106, loss_mask=0.3315, loss_objectness=0.0580, loss_rpn_box_reg=0.0323
epoch=1 step=120/350 loss=1.5862 loss_classifier=0.5995, loss_box_reg=0.5927, loss_mask=0.2407, loss_objectness=0.0989, loss_rpn_box_reg=0.0543
epoch=1 step=130/350 loss=1.2557 loss_classifier=0.3721, loss_box_reg=0.5304, loss_mask=0.1931, loss_objectness=0.1286, loss_rpn_box_reg=0.0315
epoch=1 step=140/350 loss=1.6383 loss_classifier=0.6472, loss_box_reg=0.6305, loss_mask=0.2505, loss_objectness=0.0891, loss_rpn_box_reg=0.0211
epoch=1 step=150/350 loss=1.9690 loss_classifier=0.7059, loss_box_reg=0.5998, loss_mask=0.5546, loss_objectness=0.0728, loss_rpn_box_reg=0.0359
epoch=1 step=160/350 loss=1.5636 loss_classifier=0.5768, loss_box_reg=0.6065, loss_mask=0.1986, loss_objectness=0.1513, loss_rpn_box_reg=0.0303
epoch=1 step=170/350 loss=2.4425 loss_classifier=0.6175, loss_box_reg=0.5483, loss_mask=0.2469, loss_objectness=0.1912, loss_rpn_box_reg=0.8386
epoch=1 step=180/350 loss=1.1403 loss_classifier=0.4207, loss_box_reg=0.4815, loss_mask=0.1693, loss_objectness=0.0477, loss_rpn_box_reg=0.0211
epoch=1 step=190/350 loss=1.4262 loss_classifier=0.3411, loss_box_reg=0.3380, loss_mask=0.3281, loss_objectness=0.2834, loss_rpn_box_reg=0.1356
epoch=1 step=200/350 loss=1.2941 loss_classifier=0.3374, loss_box_reg=0.4842, loss_mask=0.3659, loss_objectness=0.0836, loss_rpn_box_reg=0.0230
epoch=1 step=210/350 loss=2.3532 loss_classifier=0.3565, loss_box_reg=0.4285, loss_mask=0.3581, loss_objectness=0.4292, loss_rpn_box_reg=0.7809
epoch=1 step=220/350 loss=1.5312 loss_classifier=0.6037, loss_box_reg=0.4701, loss_mask=0.2421, loss_objectness=0.1628, loss_rpn_box_reg=0.0525
epoch=1 step=230/350 loss=1.8085 loss_classifier=0.3732, loss_box_reg=0.3954, loss_mask=0.1506, loss_objectness=0.2052, loss_rpn_box_reg=0.6842
epoch=1 step=240/350 loss=1.5744 loss_classifier=0.3679, loss_box_reg=0.5034, loss_mask=0.2622, loss_objectness=0.1641, loss_rpn_box_reg=0.2768
epoch=1 step=250/350 loss=2.1710 loss_classifier=0.5067, loss_box_reg=0.6248, loss_mask=0.3921, loss_objectness=0.1918, loss_rpn_box_reg=0.4556
epoch=1 step=260/350 loss=2.0033 loss_classifier=0.4067, loss_box_reg=0.5902, loss_mask=0.2471, loss_objectness=0.1257, loss_rpn_box_reg=0.6336
epoch=1 step=270/350 loss=0.8231 loss_classifier=0.3498, loss_box_reg=0.2838, loss_mask=0.1285, loss_objectness=0.0447, loss_rpn_box_reg=0.0164
epoch=1 step=280/350 loss=1.1041 loss_classifier=0.3707, loss_box_reg=0.4356, loss_mask=0.1749, loss_objectness=0.0898, loss_rpn_box_reg=0.0330
epoch=1 step=290/350 loss=1.3322 loss_classifier=0.3663, loss_box_reg=0.5250, loss_mask=0.3121, loss_objectness=0.1026, loss_rpn_box_reg=0.0261
epoch=1 step=300/350 loss=1.6447 loss_classifier=0.5497, loss_box_reg=0.4544, loss_mask=0.2183, loss_objectness=0.0604, loss_rpn_box_reg=0.3618
epoch=1 step=310/350 loss=1.7599 loss_classifier=0.5063, loss_box_reg=0.4403, loss_mask=0.2612, loss_objectness=0.1563, loss_rpn_box_reg=0.3958
epoch=1 step=320/350 loss=1.6183 loss_classifier=0.5143, loss_box_reg=0.5012, loss_mask=0.2715, loss_objectness=0.1497, loss_rpn_box_reg=0.1815
epoch=1 step=330/350 loss=1.3141 loss_classifier=0.3619, loss_box_reg=0.4481, loss_mask=0.1800, loss_objectness=0.0421, loss_rpn_box_reg=0.2819
epoch=1 step=340/350 loss=1.7687 loss_classifier=0.5771, loss_box_reg=0.4890, loss_mask=0.2335, loss_objectness=0.1988, loss_rpn_box_reg=0.2703
epoch=1 step=350/350 loss=0.9106 loss_classifier=0.2145, loss_box_reg=0.3430, loss_mask=0.1445, loss_objectness=0.0997, loss_rpn_box_reg=0.1088
epoch=1 avg_train_loss=1.8098
epoch=2 step=10/350 loss=1.4984 loss_classifier=0.3113, loss_box_reg=0.4456, loss_mask=0.2607, loss_objectness=0.1339, loss_rpn_box_reg=0.3469
epoch=2 step=20/350 loss=2.5754 loss_classifier=0.3787, loss_box_reg=0.4104, loss_mask=0.2563, loss_objectness=0.3044, loss_rpn_box_reg=1.2256
epoch=2 step=30/350 loss=1.1496 loss_classifier=0.2663, loss_box_reg=0.3559, loss_mask=0.4262, loss_objectness=0.0912, loss_rpn_box_reg=0.0101
epoch=2 step=40/350 loss=1.1003 loss_classifier=0.3827, loss_box_reg=0.2986, loss_mask=0.2541, loss_objectness=0.0542, loss_rpn_box_reg=0.1107
epoch=2 step=50/350 loss=1.8673 loss_classifier=0.5552, loss_box_reg=0.5612, loss_mask=0.4483, loss_objectness=0.1434, loss_rpn_box_reg=0.1593
epoch=2 step=60/350 loss=1.0699 loss_classifier=0.2975, loss_box_reg=0.3362, loss_mask=0.3306, loss_objectness=0.0811, loss_rpn_box_reg=0.0246
epoch=2 step=70/350 loss=1.9995 loss_classifier=0.5304, loss_box_reg=0.5145, loss_mask=0.2751, loss_objectness=0.2245, loss_rpn_box_reg=0.4549
epoch=2 step=80/350 loss=1.1422 loss_classifier=0.3674, loss_box_reg=0.4407, loss_mask=0.2142, loss_objectness=0.0874, loss_rpn_box_reg=0.0324
epoch=2 step=90/350 loss=1.2521 loss_classifier=0.4512, loss_box_reg=0.4277, loss_mask=0.1650, loss_objectness=0.0818, loss_rpn_box_reg=0.1263
epoch=2 step=100/350 loss=2.0558 loss_classifier=0.2681, loss_box_reg=0.4932, loss_mask=0.4533, loss_objectness=0.2881, loss_rpn_box_reg=0.5532
epoch=2 step=110/350 loss=0.9654 loss_classifier=0.4880, loss_box_reg=0.2759, loss_mask=0.1715, loss_objectness=0.0237, loss_rpn_box_reg=0.0063
epoch=2 step=120/350 loss=1.2732 loss_classifier=0.3543, loss_box_reg=0.5609, loss_mask=0.2761, loss_objectness=0.0581, loss_rpn_box_reg=0.0239
epoch=2 step=130/350 loss=1.1000 loss_classifier=0.2827, loss_box_reg=0.2806, loss_mask=0.1235, loss_objectness=0.1242, loss_rpn_box_reg=0.2890
epoch=2 step=140/350 loss=1.9987 loss_classifier=0.5586, loss_box_reg=0.5048, loss_mask=0.3143, loss_objectness=0.3349, loss_rpn_box_reg=0.2861
epoch=2 step=150/350 loss=0.9364 loss_classifier=0.3335, loss_box_reg=0.3355, loss_mask=0.1786, loss_objectness=0.0677, loss_rpn_box_reg=0.0210
epoch=2 step=160/350 loss=1.2089 loss_classifier=0.5352, loss_box_reg=0.4101, loss_mask=0.1917, loss_objectness=0.0334, loss_rpn_box_reg=0.0384
epoch=2 step=170/350 loss=1.3999 loss_classifier=0.5005, loss_box_reg=0.5090, loss_mask=0.2551, loss_objectness=0.0780, loss_rpn_box_reg=0.0573
epoch=2 step=180/350 loss=1.1440 loss_classifier=0.3671, loss_box_reg=0.4829, loss_mask=0.1871, loss_objectness=0.0752, loss_rpn_box_reg=0.0317
epoch=2 step=190/350 loss=1.2323 loss_classifier=0.2154, loss_box_reg=0.4766, loss_mask=0.3203, loss_objectness=0.0750, loss_rpn_box_reg=0.1450
epoch=2 step=200/350 loss=1.6670 loss_classifier=0.3235, loss_box_reg=0.4624, loss_mask=0.1662, loss_objectness=0.1190, loss_rpn_box_reg=0.5959
epoch=2 step=210/350 loss=1.3168 loss_classifier=0.4636, loss_box_reg=0.3720, loss_mask=0.2046, loss_objectness=0.0947, loss_rpn_box_reg=0.1819
epoch=2 step=220/350 loss=1.4567 loss_classifier=0.2498, loss_box_reg=0.3924, loss_mask=0.2032, loss_objectness=0.1862, loss_rpn_box_reg=0.4251
epoch=2 step=230/350 loss=1.2249 loss_classifier=0.4818, loss_box_reg=0.4698, loss_mask=0.1836, loss_objectness=0.0521, loss_rpn_box_reg=0.0375
epoch=2 step=240/350 loss=1.6459 loss_classifier=0.3000, loss_box_reg=0.4368, loss_mask=0.1587, loss_objectness=0.0999, loss_rpn_box_reg=0.6505
epoch=2 step=250/350 loss=1.1604 loss_classifier=0.3325, loss_box_reg=0.3735, loss_mask=0.1609, loss_objectness=0.0768, loss_rpn_box_reg=0.2168
epoch=2 step=260/350 loss=0.7599 loss_classifier=0.1308, loss_box_reg=0.1667, loss_mask=0.2344, loss_objectness=0.0322, loss_rpn_box_reg=0.1957
epoch=2 step=270/350 loss=1.7600 loss_classifier=0.4233, loss_box_reg=0.4580, loss_mask=0.1614, loss_objectness=0.2298, loss_rpn_box_reg=0.4876
epoch=2 step=280/350 loss=0.6158 loss_classifier=0.0976, loss_box_reg=0.1131, loss_mask=0.1395, loss_objectness=0.0439, loss_rpn_box_reg=0.2216
epoch=2 step=290/350 loss=1.4608 loss_classifier=0.4750, loss_box_reg=0.3937, loss_mask=0.4819, loss_objectness=0.1021, loss_rpn_box_reg=0.0080
epoch=2 step=300/350 loss=1.7556 loss_classifier=0.3684, loss_box_reg=0.4678, loss_mask=0.2289, loss_objectness=0.2035, loss_rpn_box_reg=0.4870
epoch=2 step=310/350 loss=1.7642 loss_classifier=0.4124, loss_box_reg=0.4155, loss_mask=0.1359, loss_objectness=0.2023, loss_rpn_box_reg=0.5981
epoch=2 step=320/350 loss=1.0302 loss_classifier=0.3244, loss_box_reg=0.3217, loss_mask=0.2347, loss_objectness=0.0841, loss_rpn_box_reg=0.0653
epoch=2 step=330/350 loss=1.0815 loss_classifier=0.3050, loss_box_reg=0.4542, loss_mask=0.2216, loss_objectness=0.0509, loss_rpn_box_reg=0.0499
epoch=2 step=340/350 loss=1.3656 loss_classifier=0.4361, loss_box_reg=0.4977, loss_mask=0.3247, loss_objectness=0.0778, loss_rpn_box_reg=0.0294
epoch=2 step=350/350 loss=1.2918 loss_classifier=0.4141, loss_box_reg=0.5195, loss_mask=0.2494, loss_objectness=0.0718, loss_rpn_box_reg=0.0370
epoch=2 avg_train_loss=1.3266
epoch=3 step=10/350 loss=1.2506 loss_classifier=0.2599, loss_box_reg=0.3283, loss_mask=0.1230, loss_objectness=0.1252, loss_rpn_box_reg=0.4141
epoch=3 step=20/350 loss=0.9990 loss_classifier=0.2934, loss_box_reg=0.3330, loss_mask=0.2155, loss_objectness=0.0631, loss_rpn_box_reg=0.0940
epoch=3 step=30/350 loss=1.1925 loss_classifier=0.4096, loss_box_reg=0.3936, loss_mask=0.1985, loss_objectness=0.1402, loss_rpn_box_reg=0.0505
epoch=3 step=40/350 loss=0.8949 loss_classifier=0.1511, loss_box_reg=0.3917, loss_mask=0.2848, loss_objectness=0.0347, loss_rpn_box_reg=0.0326
epoch=3 step=50/350 loss=1.3439 loss_classifier=0.3508, loss_box_reg=0.4068, loss_mask=0.2096, loss_objectness=0.1523, loss_rpn_box_reg=0.2245
epoch=3 step=60/350 loss=1.5629 loss_classifier=0.3364, loss_box_reg=0.4570, loss_mask=0.2368, loss_objectness=0.1004, loss_rpn_box_reg=0.4324
epoch=3 step=70/350 loss=0.6869 loss_classifier=0.2294, loss_box_reg=0.2658, loss_mask=0.1400, loss_objectness=0.0405, loss_rpn_box_reg=0.0113
epoch=3 step=80/350 loss=1.3006 loss_classifier=0.4634, loss_box_reg=0.4439, loss_mask=0.2925, loss_objectness=0.0618, loss_rpn_box_reg=0.0391
epoch=3 step=90/350 loss=1.0868 loss_classifier=0.4960, loss_box_reg=0.3209, loss_mask=0.1719, loss_objectness=0.0722, loss_rpn_box_reg=0.0257
epoch=3 step=100/350 loss=0.7783 loss_classifier=0.1848, loss_box_reg=0.1924, loss_mask=0.1370, loss_objectness=0.0532, loss_rpn_box_reg=0.2109
epoch=3 step=110/350 loss=1.0055 loss_classifier=0.3157, loss_box_reg=0.4024, loss_mask=0.1750, loss_objectness=0.0466, loss_rpn_box_reg=0.0658
epoch=3 step=120/350 loss=1.6097 loss_classifier=0.2422, loss_box_reg=0.3550, loss_mask=0.2264, loss_objectness=0.1103, loss_rpn_box_reg=0.6757
epoch=3 step=130/350 loss=0.9617 loss_classifier=0.2915, loss_box_reg=0.2939, loss_mask=0.2107, loss_objectness=0.0984, loss_rpn_box_reg=0.0673
epoch=3 step=140/350 loss=0.6050 loss_classifier=0.1959, loss_box_reg=0.2503, loss_mask=0.1143, loss_objectness=0.0306, loss_rpn_box_reg=0.0138
epoch=3 step=150/350 loss=0.8296 loss_classifier=0.2967, loss_box_reg=0.3299, loss_mask=0.1713, loss_objectness=0.0225, loss_rpn_box_reg=0.0092
epoch=3 step=160/350 loss=1.4350 loss_classifier=0.4075, loss_box_reg=0.3953, loss_mask=0.1591, loss_objectness=0.2871, loss_rpn_box_reg=0.1860
epoch=3 step=170/350 loss=1.1542 loss_classifier=0.4023, loss_box_reg=0.4001, loss_mask=0.1984, loss_objectness=0.0845, loss_rpn_box_reg=0.0689
epoch=3 step=180/350 loss=0.8672 loss_classifier=0.2290, loss_box_reg=0.3093, loss_mask=0.2125, loss_objectness=0.0715, loss_rpn_box_reg=0.0449
epoch=3 step=190/350 loss=0.5595 loss_classifier=0.0728, loss_box_reg=0.0913, loss_mask=0.1251, loss_objectness=0.0771, loss_rpn_box_reg=0.1932
epoch=3 step=200/350 loss=1.4511 loss_classifier=0.4049, loss_box_reg=0.4814, loss_mask=0.2763, loss_objectness=0.1396, loss_rpn_box_reg=0.1488
epoch=3 step=210/350 loss=0.9242 loss_classifier=0.2270, loss_box_reg=0.3946, loss_mask=0.2157, loss_objectness=0.0711, loss_rpn_box_reg=0.0157
epoch=3 step=220/350 loss=1.1877 loss_classifier=0.2800, loss_box_reg=0.2858, loss_mask=0.1211, loss_objectness=0.1737, loss_rpn_box_reg=0.3271
epoch=3 step=230/350 loss=1.4316 loss_classifier=0.5368, loss_box_reg=0.5131, loss_mask=0.2459, loss_objectness=0.0850, loss_rpn_box_reg=0.0507
epoch=3 step=240/350 loss=0.7224 loss_classifier=0.1670, loss_box_reg=0.2641, loss_mask=0.2244, loss_objectness=0.0511, loss_rpn_box_reg=0.0157
epoch=3 step=250/350 loss=0.8490 loss_classifier=0.2803, loss_box_reg=0.2343, loss_mask=0.1778, loss_objectness=0.0347, loss_rpn_box_reg=0.1219
epoch=3 step=260/350 loss=1.0440 loss_classifier=0.3190, loss_box_reg=0.3662, loss_mask=0.2680, loss_objectness=0.0649, loss_rpn_box_reg=0.0259
epoch=3 step=270/350 loss=0.7746 loss_classifier=0.2132, loss_box_reg=0.2953, loss_mask=0.1962, loss_objectness=0.0389, loss_rpn_box_reg=0.0311
epoch=3 step=280/350 loss=1.2011 loss_classifier=0.2306, loss_box_reg=0.3312, loss_mask=0.2516, loss_objectness=0.0661, loss_rpn_box_reg=0.3216
epoch=3 step=290/350 loss=0.7141 loss_classifier=0.2265, loss_box_reg=0.1903, loss_mask=0.1185, loss_objectness=0.0679, loss_rpn_box_reg=0.1109
epoch=3 step=300/350 loss=0.8853 loss_classifier=0.2565, loss_box_reg=0.3451, loss_mask=0.1793, loss_objectness=0.0434, loss_rpn_box_reg=0.0611
epoch=3 step=310/350 loss=1.2613 loss_classifier=0.2832, loss_box_reg=0.3951, loss_mask=0.2729, loss_objectness=0.1121, loss_rpn_box_reg=0.1980
epoch=3 step=320/350 loss=0.8293 loss_classifier=0.2241, loss_box_reg=0.3635, loss_mask=0.1585, loss_objectness=0.0620, loss_rpn_box_reg=0.0212
epoch=3 step=330/350 loss=0.8284 loss_classifier=0.2496, loss_box_reg=0.3534, loss_mask=0.1571, loss_objectness=0.0421, loss_rpn_box_reg=0.0262
epoch=3 step=340/350 loss=1.3642 loss_classifier=0.4058, loss_box_reg=0.3573, loss_mask=0.2079, loss_objectness=0.1518, loss_rpn_box_reg=0.2414
epoch=3 step=350/350 loss=1.2340 loss_classifier=0.3878, loss_box_reg=0.4167, loss_mask=0.2325, loss_objectness=0.0561, loss_rpn_box_reg=0.1410
epoch=3 avg_train_loss=1.1427
epoch=4 step=10/350 loss=0.9265 loss_classifier=0.2890, loss_box_reg=0.3673, loss_mask=0.1484, loss_objectness=0.0997, loss_rpn_box_reg=0.0222
epoch=4 step=20/350 loss=0.8234 loss_classifier=0.2243, loss_box_reg=0.3034, loss_mask=0.2502, loss_objectness=0.0290, loss_rpn_box_reg=0.0166
epoch=4 step=30/350 loss=0.7643 loss_classifier=0.2145, loss_box_reg=0.2999, loss_mask=0.2108, loss_objectness=0.0242, loss_rpn_box_reg=0.0149
epoch=4 step=40/350 loss=1.5759 loss_classifier=0.3655, loss_box_reg=0.4673, loss_mask=0.2077, loss_objectness=0.1493, loss_rpn_box_reg=0.3861
epoch=4 step=50/350 loss=1.1251 loss_classifier=0.3093, loss_box_reg=0.3349, loss_mask=0.1684, loss_objectness=0.0597, loss_rpn_box_reg=0.2528
epoch=4 step=60/350 loss=1.0682 loss_classifier=0.3246, loss_box_reg=0.3432, loss_mask=0.2060, loss_objectness=0.0883, loss_rpn_box_reg=0.1061
epoch=4 step=70/350 loss=0.7294 loss_classifier=0.2735, loss_box_reg=0.2691, loss_mask=0.1015, loss_objectness=0.0607, loss_rpn_box_reg=0.0247
epoch=4 step=80/350 loss=1.3854 loss_classifier=0.3911, loss_box_reg=0.3818, loss_mask=0.1588, loss_objectness=0.2835, loss_rpn_box_reg=0.1702
epoch=4 step=90/350 loss=1.0344 loss_classifier=0.3193, loss_box_reg=0.2643, loss_mask=0.1506, loss_objectness=0.1040, loss_rpn_box_reg=0.1962
epoch=4 step=100/350 loss=1.2553 loss_classifier=0.4457, loss_box_reg=0.4379, loss_mask=0.2755, loss_objectness=0.0566, loss_rpn_box_reg=0.0396
epoch=4 step=110/350 loss=1.1384 loss_classifier=0.4027, loss_box_reg=0.3481, loss_mask=0.1964, loss_objectness=0.1325, loss_rpn_box_reg=0.0586
epoch=4 step=120/350 loss=0.9393 loss_classifier=0.3609, loss_box_reg=0.3014, loss_mask=0.1775, loss_objectness=0.0843, loss_rpn_box_reg=0.0152
epoch=4 step=130/350 loss=0.7432 loss_classifier=0.1995, loss_box_reg=0.3185, loss_mask=0.1271, loss_objectness=0.0698, loss_rpn_box_reg=0.0282
epoch=4 step=140/350 loss=0.5753 loss_classifier=0.1787, loss_box_reg=0.2022, loss_mask=0.1133, loss_objectness=0.0604, loss_rpn_box_reg=0.0208
epoch=4 step=150/350 loss=1.2169 loss_classifier=0.4338, loss_box_reg=0.4228, loss_mask=0.2743, loss_objectness=0.0687, loss_rpn_box_reg=0.0172
epoch=4 step=160/350 loss=1.4545 loss_classifier=0.2965, loss_box_reg=0.3531, loss_mask=0.3079, loss_objectness=0.2166, loss_rpn_box_reg=0.2804
epoch=4 step=170/350 loss=0.8319 loss_classifier=0.2356, loss_box_reg=0.3287, loss_mask=0.1815, loss_objectness=0.0649, loss_rpn_box_reg=0.0213
epoch=4 step=180/350 loss=0.8286 loss_classifier=0.3350, loss_box_reg=0.2394, loss_mask=0.1418, loss_objectness=0.0831, loss_rpn_box_reg=0.0294
epoch=4 step=190/350 loss=1.1402 loss_classifier=0.3703, loss_box_reg=0.3332, loss_mask=0.3568, loss_objectness=0.0738, loss_rpn_box_reg=0.0061
epoch=4 step=200/350 loss=1.1324 loss_classifier=0.3499, loss_box_reg=0.3780, loss_mask=0.1518, loss_objectness=0.0345, loss_rpn_box_reg=0.2182
epoch=4 step=210/350 loss=2.2002 loss_classifier=0.2896, loss_box_reg=0.2807, loss_mask=0.1722, loss_objectness=0.1855, loss_rpn_box_reg=1.2722
epoch=4 step=220/350 loss=0.8741 loss_classifier=0.3139, loss_box_reg=0.2558, loss_mask=0.2178, loss_objectness=0.0354, loss_rpn_box_reg=0.0513
epoch=4 step=230/350 loss=0.9799 loss_classifier=0.2887, loss_box_reg=0.3565, loss_mask=0.1957, loss_objectness=0.0843, loss_rpn_box_reg=0.0547
epoch=4 step=240/350 loss=0.9905 loss_classifier=0.3193, loss_box_reg=0.3410, loss_mask=0.2587, loss_objectness=0.0451, loss_rpn_box_reg=0.0263
epoch=4 step=250/350 loss=1.1419 loss_classifier=0.2589, loss_box_reg=0.2903, loss_mask=0.1440, loss_objectness=0.0639, loss_rpn_box_reg=0.3848
epoch=4 step=260/350 loss=0.8727 loss_classifier=0.2651, loss_box_reg=0.3499, loss_mask=0.1583, loss_objectness=0.0430, loss_rpn_box_reg=0.0564
epoch=4 step=270/350 loss=1.3063 loss_classifier=0.2424, loss_box_reg=0.3736, loss_mask=0.2279, loss_objectness=0.1315, loss_rpn_box_reg=0.3309
epoch=4 step=280/350 loss=1.0513 loss_classifier=0.2709, loss_box_reg=0.3436, loss_mask=0.1926, loss_objectness=0.0604, loss_rpn_box_reg=0.1839
epoch=4 step=290/350 loss=0.7715 loss_classifier=0.1637, loss_box_reg=0.2272, loss_mask=0.1488, loss_objectness=0.0783, loss_rpn_box_reg=0.1535
epoch=4 step=300/350 loss=1.1454 loss_classifier=0.1685, loss_box_reg=0.2200, loss_mask=0.1754, loss_objectness=0.0659, loss_rpn_box_reg=0.5155
epoch=4 step=310/350 loss=1.4344 loss_classifier=0.4121, loss_box_reg=0.4562, loss_mask=0.3314, loss_objectness=0.0581, loss_rpn_box_reg=0.1765
epoch=4 step=320/350 loss=1.7866 loss_classifier=0.4420, loss_box_reg=0.4376, loss_mask=0.2189, loss_objectness=0.0477, loss_rpn_box_reg=0.6404
epoch=4 step=330/350 loss=1.6321 loss_classifier=0.2514, loss_box_reg=0.4348, loss_mask=0.2409, loss_objectness=0.1027, loss_rpn_box_reg=0.6023
epoch=4 step=340/350 loss=1.1286 loss_classifier=0.2275, loss_box_reg=0.2973, loss_mask=0.1514, loss_objectness=0.1077, loss_rpn_box_reg=0.3448
epoch=4 step=350/350 loss=0.5923 loss_classifier=0.1979, loss_box_reg=0.2148, loss_mask=0.1348, loss_objectness=0.0344, loss_rpn_box_reg=0.0104
epoch=4 avg_train_loss=1.1040
epoch=5 step=10/350 loss=0.9927 loss_classifier=0.1498, loss_box_reg=0.2856, loss_mask=0.1699, loss_objectness=0.0548, loss_rpn_box_reg=0.3326
epoch=5 step=20/350 loss=0.7921 loss_classifier=0.2237, loss_box_reg=0.3252, loss_mask=0.1882, loss_objectness=0.0437, loss_rpn_box_reg=0.0112
epoch=5 step=30/350 loss=0.9467 loss_classifier=0.2740, loss_box_reg=0.2807, loss_mask=0.2999, loss_objectness=0.0683, loss_rpn_box_reg=0.0237
epoch=5 step=40/350 loss=0.9403 loss_classifier=0.3278, loss_box_reg=0.2659, loss_mask=0.1872, loss_objectness=0.0778, loss_rpn_box_reg=0.0816
epoch=5 step=50/350 loss=1.1303 loss_classifier=0.3047, loss_box_reg=0.5090, loss_mask=0.2146, loss_objectness=0.0475, loss_rpn_box_reg=0.0545
epoch=5 step=60/350 loss=1.5930 loss_classifier=0.2464, loss_box_reg=0.3274, loss_mask=0.2608, loss_objectness=0.1358, loss_rpn_box_reg=0.6227
epoch=5 step=70/350 loss=0.7245 loss_classifier=0.1877, loss_box_reg=0.3415, loss_mask=0.1317, loss_objectness=0.0459, loss_rpn_box_reg=0.0176
epoch=5 step=80/350 loss=1.7189 loss_classifier=0.4294, loss_box_reg=0.3741, loss_mask=0.3035, loss_objectness=0.3672, loss_rpn_box_reg=0.2446
epoch=5 step=90/350 loss=0.9155 loss_classifier=0.2382, loss_box_reg=0.2893, loss_mask=0.2141, loss_objectness=0.1179, loss_rpn_box_reg=0.0561
epoch=5 step=100/350 loss=0.9087 loss_classifier=0.3038, loss_box_reg=0.3434, loss_mask=0.1826, loss_objectness=0.0652, loss_rpn_box_reg=0.0137
epoch=5 step=110/350 loss=0.9042 loss_classifier=0.3067, loss_box_reg=0.3366, loss_mask=0.1637, loss_objectness=0.0855, loss_rpn_box_reg=0.0117
epoch=5 step=120/350 loss=0.7830 loss_classifier=0.2292, loss_box_reg=0.2479, loss_mask=0.1682, loss_objectness=0.1189, loss_rpn_box_reg=0.0189
epoch=5 step=130/350 loss=1.0354 loss_classifier=0.1727, loss_box_reg=0.3841, loss_mask=0.2872, loss_objectness=0.0419, loss_rpn_box_reg=0.1495
epoch=5 step=140/350 loss=0.9695 loss_classifier=0.3687, loss_box_reg=0.3123, loss_mask=0.1749, loss_objectness=0.0991, loss_rpn_box_reg=0.0145
epoch=5 step=150/350 loss=1.0342 loss_classifier=0.2133, loss_box_reg=0.2369, loss_mask=0.1518, loss_objectness=0.0494, loss_rpn_box_reg=0.3827
epoch=5 step=160/350 loss=0.4626 loss_classifier=0.2176, loss_box_reg=0.1190, loss_mask=0.1050, loss_objectness=0.0160, loss_rpn_box_reg=0.0050
epoch=5 step=170/350 loss=1.5398 loss_classifier=0.3385, loss_box_reg=0.3772, loss_mask=0.3897, loss_objectness=0.0564, loss_rpn_box_reg=0.3779
epoch=5 step=180/350 loss=1.7719 loss_classifier=0.2336, loss_box_reg=0.4105, loss_mask=0.2844, loss_objectness=0.1602, loss_rpn_box_reg=0.6833
epoch=5 step=190/350 loss=1.4231 loss_classifier=0.4417, loss_box_reg=0.3260, loss_mask=0.1672, loss_objectness=0.1915, loss_rpn_box_reg=0.2967
epoch=5 step=200/350 loss=1.6568 loss_classifier=0.3996, loss_box_reg=0.2658, loss_mask=0.1535, loss_objectness=0.3017, loss_rpn_box_reg=0.5363
epoch=5 step=210/350 loss=0.8322 loss_classifier=0.2504, loss_box_reg=0.3037, loss_mask=0.1781, loss_objectness=0.0508, loss_rpn_box_reg=0.0492
epoch=5 step=220/350 loss=1.1253 loss_classifier=0.2214, loss_box_reg=0.3166, loss_mask=0.1791, loss_objectness=0.1933, loss_rpn_box_reg=0.2150
epoch=5 step=230/350 loss=0.9753 loss_classifier=0.3293, loss_box_reg=0.3314, loss_mask=0.2557, loss_objectness=0.0474, loss_rpn_box_reg=0.0114
epoch=5 step=240/350 loss=1.2734 loss_classifier=0.2240, loss_box_reg=0.3973, loss_mask=0.2224, loss_objectness=0.1505, loss_rpn_box_reg=0.2792
epoch=5 step=250/350 loss=0.9541 loss_classifier=0.2901, loss_box_reg=0.3128, loss_mask=0.2504, loss_objectness=0.0774, loss_rpn_box_reg=0.0235
epoch=5 step=260/350 loss=0.9424 loss_classifier=0.2220, loss_box_reg=0.4155, loss_mask=0.2526, loss_objectness=0.0329, loss_rpn_box_reg=0.0193
epoch=5 step=270/350 loss=1.2423 loss_classifier=0.2171, loss_box_reg=0.3231, loss_mask=0.2319, loss_objectness=0.0636, loss_rpn_box_reg=0.4066
epoch=5 step=280/350 loss=0.9325 loss_classifier=0.2720, loss_box_reg=0.4001, loss_mask=0.1499, loss_objectness=0.0829, loss_rpn_box_reg=0.0277
epoch=5 step=290/350 loss=0.8530 loss_classifier=0.2429, loss_box_reg=0.2245, loss_mask=0.1650, loss_objectness=0.1232, loss_rpn_box_reg=0.0975
epoch=5 step=300/350 loss=1.2816 loss_classifier=0.3221, loss_box_reg=0.4875, loss_mask=0.2438, loss_objectness=0.0852, loss_rpn_box_reg=0.1430
epoch=5 step=310/350 loss=0.8547 loss_classifier=0.1744, loss_box_reg=0.2703, loss_mask=0.2801, loss_objectness=0.1212, loss_rpn_box_reg=0.0086
epoch=5 step=320/350 loss=1.1735 loss_classifier=0.2978, loss_box_reg=0.4463, loss_mask=0.3283, loss_objectness=0.0571, loss_rpn_box_reg=0.0440
epoch=5 step=330/350 loss=1.3679 loss_classifier=0.3326, loss_box_reg=0.4229, loss_mask=0.3683, loss_objectness=0.0758, loss_rpn_box_reg=0.1683
epoch=5 step=340/350 loss=0.5241 loss_classifier=0.1458, loss_box_reg=0.2022, loss_mask=0.1330, loss_objectness=0.0289, loss_rpn_box_reg=0.0141
epoch=5 step=350/350 loss=1.0325 loss_classifier=0.2801, loss_box_reg=0.4214, loss_mask=0.2626, loss_objectness=0.0502, loss_rpn_box_reg=0.0181
epoch=5 avg_train_loss=1.0805
eval image 1/75 gt_done=9 preds_kept=55
eval image 2/75 gt_done=19 preds_kept=77
eval image 3/75 gt_done=30 preds_kept=63
eval image 4/75 gt_done=38 preds_kept=46
eval image 5/75 gt_done=45 preds_kept=62
eval image 6/75 gt_done=61 preds_kept=78
eval image 7/75 gt_done=70 preds_kept=63
eval image 8/75 gt_done=80 preds_kept=100
eval image 9/75 gt_done=87 preds_kept=50
eval image 10/75 gt_done=97 preds_kept=59
eval image 11/75 gt_done=107 preds_kept=62
eval image 12/75 gt_done=115 preds_kept=77
eval image 13/75 gt_done=123 preds_kept=84
eval image 14/75 gt_done=134 preds_kept=47
eval image 15/75 gt_done=142 preds_kept=40
eval image 16/75 gt_done=147 preds_kept=25
eval image 17/75 gt_done=159 preds_kept=47
eval image 18/75 gt_done=169 preds_kept=100
eval image 19/75 gt_done=176 preds_kept=61
eval image 20/75 gt_done=185 preds_kept=98
eval image 21/75 gt_done=198 preds_kept=55
eval image 22/75 gt_done=205 preds_kept=27
eval image 23/75 gt_done=216 preds_kept=61
eval image 24/75 gt_done=226 preds_kept=71
eval image 25/75 gt_done=232 preds_kept=59
eval image 26/75 gt_done=240 preds_kept=57
eval image 27/75 gt_done=251 preds_kept=51
eval image 28/75 gt_done=259 preds_kept=80
eval image 29/75 gt_done=265 preds_kept=55
eval image 30/75 gt_done=275 preds_kept=94
eval image 31/75 gt_done=285 preds_kept=100
eval image 32/75 gt_done=296 preds_kept=42
eval image 33/75 gt_done=304 preds_kept=38
eval image 34/75 gt_done=313 preds_kept=100
eval image 35/75 gt_done=321 preds_kept=61
eval image 36/75 gt_done=331 preds_kept=69
eval image 37/75 gt_done=339 preds_kept=37
eval image 38/75 gt_done=345 preds_kept=32
eval image 39/75 gt_done=353 preds_kept=76
eval image 40/75 gt_done=362 preds_kept=64
eval image 41/75 gt_done=372 preds_kept=100
eval image 42/75 gt_done=382 preds_kept=63
eval image 43/75 gt_done=390 preds_kept=38
eval image 44/75 gt_done=400 preds_kept=100
eval image 45/75 gt_done=406 preds_kept=32
eval image 46/75 gt_done=413 preds_kept=52
eval image 47/75 gt_done=421 preds_kept=89
eval image 48/75 gt_done=432 preds_kept=65
eval image 49/75 gt_done=441 preds_kept=64
eval image 50/75 gt_done=449 preds_kept=37
eval image 51/75 gt_done=459 preds_kept=71
eval image 52/75 gt_done=470 preds_kept=53
eval image 53/75 gt_done=480 preds_kept=70
eval image 54/75 gt_done=486 preds_kept=51
eval image 55/75 gt_done=493 preds_kept=37
eval image 56/75 gt_done=502 preds_kept=35
eval image 57/75 gt_done=515 preds_kept=65
eval image 58/75 gt_done=522 preds_kept=100
eval image 59/75 gt_done=532 preds_kept=49
eval image 60/75 gt_done=546 preds_kept=72
eval image 61/75 gt_done=555 preds_kept=47
eval image 62/75 gt_done=564 preds_kept=100
eval image 63/75 gt_done=572 preds_kept=75
eval image 64/75 gt_done=584 preds_kept=68
eval image 65/75 gt_done=594 preds_kept=66
eval image 66/75 gt_done=605 preds_kept=67
eval image 67/75 gt_done=613 preds_kept=93
eval image 68/75 gt_done=618 preds_kept=38
eval image 69/75 gt_done=627 preds_kept=69
eval image 70/75 gt_done=639 preds_kept=70
eval image 71/75 gt_done=645 preds_kept=58
eval image 72/75 gt_done=650 preds_kept=52
eval image 73/75 gt_done=658 preds_kept=87
eval image 74/75 gt_done=671 preds_kept=71
eval image 75/75 gt_done=679 preds_kept=63
{
  "model": "maskrcnn_resnet50_fpn",
  "num_test_images": 75,
  "num_test_objects": 679,
  "score_thresh": 0.05,
  "mean_iou": 0.7461524914807578,
  "median_iou": 0.830856781536516,
  "mean_boundary_f1": 0.7218426575393403,
  "iou_ge_090": 0.28718703976435933,
  "iou_ge_075": 0.6745213549337261,
  "iou_ge_050": 0.8748159057437408,
  "iou_lt_010": 0.060382916053019146,
  "total_inference_time_s": 13.427603096999519,
  "mean_fps_images": 5.5855091529149545,
  "mean_fps_objects": 50.56747619772339
}
Saved: /home/amir/Desktop/COGAR/COGAR_Foundation-Model-Segmentation-for-Robotic-Scenes/outputs/results/maskrcnn_resnet50_fpn_cogar_full.csv
Saved: /home/amir/Desktop/COGAR/COGAR_Foundation-Model-Segmentation-for-Robotic-Scenes/outputs/tables/maskrcnn_resnet50_fpn_cogar_full_summary.json
Saved: /home/amir/Desktop/COGAR/COGAR_Foundation-Model-Segmentation-for-Robotic-Scenes/outputs/tables/maskrcnn_resnet50_fpn_cogar_full_per_class.csv
Checkpoint dir: /home/amir/Desktop/COGAR/COGAR_Foundation-Model-Segmentation-for-Robotic-Scenes/outputs/baselines/maskrcnn/maskrcnn_resnet50_fpn_cogar_full
