Using device: cuda
train: images=60, objects=544, image_col=image_path, mask_col=instance_mask_path, category_col=category_name
val: images=75, objects=672, image_col=image_path, mask_col=instance_mask_path, category_col=category_name
test: images=30, objects=275, image_col=image_path, mask_col=instance_mask_path, category_col=category_name
Backbone frozen
epoch=1 step=1/60 loss=6.4049 loss_classifier=2.9627, loss_box_reg=0.9558, loss_mask=1.1790, loss_objectness=1.1721, loss_rpn_box_reg=0.1353
epoch=1 step=2/60 loss=10.2666 loss_classifier=3.0123, loss_box_reg=0.8383, loss_mask=1.6866, loss_objectness=4.3314, loss_rpn_box_reg=0.3980
epoch=1 step=3/60 loss=5.6535 loss_classifier=3.0279, loss_box_reg=0.9946, loss_mask=1.2388, loss_objectness=0.3648, loss_rpn_box_reg=0.0274
epoch=1 step=4/60 loss=11.4082 loss_classifier=2.0588, loss_box_reg=0.8434, loss_mask=1.1805, loss_objectness=6.7793, loss_rpn_box_reg=0.5463
epoch=1 step=5/60 loss=3.7298 loss_classifier=1.0895, loss_box_reg=0.9765, loss_mask=1.1704, loss_objectness=0.4806, loss_rpn_box_reg=0.0128
epoch=1 step=6/60 loss=5.2684 loss_classifier=1.0265, loss_box_reg=1.0044, loss_mask=1.3071, loss_objectness=1.7796, loss_rpn_box_reg=0.1507
epoch=1 step=7/60 loss=9.4772 loss_classifier=1.1094, loss_box_reg=0.7369, loss_mask=1.2855, loss_objectness=4.8223, loss_rpn_box_reg=1.5231
epoch=1 step=8/60 loss=2.7331 loss_classifier=0.8127, loss_box_reg=0.4794, loss_mask=1.0836, loss_objectness=0.2614, loss_rpn_box_reg=0.0960
epoch=1 step=9/60 loss=2.7761 loss_classifier=1.2121, loss_box_reg=0.7772, loss_mask=0.7186, loss_objectness=0.0437, loss_rpn_box_reg=0.0245
epoch=1 step=10/60 loss=2.0567 loss_classifier=0.7132, loss_box_reg=0.4744, loss_mask=0.6416, loss_objectness=0.1936, loss_rpn_box_reg=0.0338
epoch=1 step=11/60 loss=2.2176 loss_classifier=0.6857, loss_box_reg=0.4348, loss_mask=0.6612, loss_objectness=0.2933, loss_rpn_box_reg=0.1426
epoch=1 step=12/60 loss=2.3505 loss_classifier=0.6856, loss_box_reg=0.4319, loss_mask=0.5995, loss_objectness=0.5928, loss_rpn_box_reg=0.0408
epoch=1 step=13/60 loss=2.9956 loss_classifier=0.5479, loss_box_reg=0.4846, loss_mask=0.6750, loss_objectness=0.6406, loss_rpn_box_reg=0.6475
epoch=1 step=14/60 loss=2.8432 loss_classifier=0.8953, loss_box_reg=0.8677, loss_mask=0.6917, loss_objectness=0.2563, loss_rpn_box_reg=0.1323
epoch=1 step=15/60 loss=2.5668 loss_classifier=0.7821, loss_box_reg=0.8622, loss_mask=0.6099, loss_objectness=0.2925, loss_rpn_box_reg=0.0202
epoch=1 step=16/60 loss=2.6279 loss_classifier=0.5407, loss_box_reg=0.5277, loss_mask=0.6037, loss_objectness=0.2998, loss_rpn_box_reg=0.6560
epoch=1 step=17/60 loss=2.8614 loss_classifier=0.8640, loss_box_reg=0.8589, loss_mask=0.6253, loss_objectness=0.1490, loss_rpn_box_reg=0.3642
epoch=1 step=18/60 loss=3.2716 loss_classifier=0.9428, loss_box_reg=0.9127, loss_mask=0.6281, loss_objectness=0.3204, loss_rpn_box_reg=0.4676
epoch=1 step=19/60 loss=2.6435 loss_classifier=0.9809, loss_box_reg=0.8221, loss_mask=0.5648, loss_objectness=0.1411, loss_rpn_box_reg=0.1345
epoch=1 step=20/60 loss=2.6433 loss_classifier=0.9517, loss_box_reg=0.8872, loss_mask=0.5561, loss_objectness=0.1759, loss_rpn_box_reg=0.0724
epoch=1 step=21/60 loss=2.6288 loss_classifier=0.8981, loss_box_reg=0.8916, loss_mask=0.6711, loss_objectness=0.0999, loss_rpn_box_reg=0.0682
epoch=1 step=22/60 loss=2.3036 loss_classifier=0.8266, loss_box_reg=0.8079, loss_mask=0.5350, loss_objectness=0.0718, loss_rpn_box_reg=0.0623
epoch=1 step=23/60 loss=2.2206 loss_classifier=0.7141, loss_box_reg=0.8917, loss_mask=0.4975, loss_objectness=0.0861, loss_rpn_box_reg=0.0312
epoch=1 step=24/60 loss=3.2491 loss_classifier=0.7140, loss_box_reg=0.7733, loss_mask=0.5964, loss_objectness=0.5082, loss_rpn_box_reg=0.6573
epoch=1 step=25/60 loss=2.3189 loss_classifier=0.7461, loss_box_reg=0.9179, loss_mask=0.4934, loss_objectness=0.0810, loss_rpn_box_reg=0.0806
epoch=1 step=26/60 loss=2.8958 loss_classifier=0.8107, loss_box_reg=0.8875, loss_mask=0.5847, loss_objectness=0.3944, loss_rpn_box_reg=0.2185
epoch=1 step=27/60 loss=1.9381 loss_classifier=0.6341, loss_box_reg=0.7505, loss_mask=0.4529, loss_objectness=0.0776, loss_rpn_box_reg=0.0230
epoch=1 step=28/60 loss=3.1350 loss_classifier=0.9987, loss_box_reg=0.7999, loss_mask=0.5601, loss_objectness=0.2063, loss_rpn_box_reg=0.5701
epoch=1 step=29/60 loss=2.2258 loss_classifier=0.7514, loss_box_reg=0.9083, loss_mask=0.4521, loss_objectness=0.0870, loss_rpn_box_reg=0.0270
epoch=1 step=30/60 loss=2.0025 loss_classifier=0.7012, loss_box_reg=0.8449, loss_mask=0.3685, loss_objectness=0.0566, loss_rpn_box_reg=0.0313
epoch=1 step=31/60 loss=2.5628 loss_classifier=0.9205, loss_box_reg=0.9368, loss_mask=0.4548, loss_objectness=0.2128, loss_rpn_box_reg=0.0379
epoch=1 step=32/60 loss=2.0752 loss_classifier=0.6551, loss_box_reg=0.8530, loss_mask=0.3950, loss_objectness=0.1060, loss_rpn_box_reg=0.0663
epoch=1 step=33/60 loss=2.2873 loss_classifier=0.8453, loss_box_reg=0.8576, loss_mask=0.4777, loss_objectness=0.0698, loss_rpn_box_reg=0.0368
epoch=1 step=34/60 loss=2.6034 loss_classifier=0.8814, loss_box_reg=0.8958, loss_mask=0.4863, loss_objectness=0.2918, loss_rpn_box_reg=0.0480
epoch=1 step=35/60 loss=2.1841 loss_classifier=0.5691, loss_box_reg=0.7896, loss_mask=0.3053, loss_objectness=0.1643, loss_rpn_box_reg=0.3558
epoch=1 step=36/60 loss=4.1378 loss_classifier=0.9427, loss_box_reg=0.8945, loss_mask=0.5731, loss_objectness=0.7640, loss_rpn_box_reg=0.9636
epoch=1 step=37/60 loss=1.9965 loss_classifier=0.6661, loss_box_reg=0.8017, loss_mask=0.3677, loss_objectness=0.1154, loss_rpn_box_reg=0.0456
epoch=1 step=38/60 loss=3.2522 loss_classifier=0.6904, loss_box_reg=0.8726, loss_mask=0.4833, loss_objectness=0.2939, loss_rpn_box_reg=0.9120
epoch=1 step=39/60 loss=2.3040 loss_classifier=0.7011, loss_box_reg=0.8531, loss_mask=0.4672, loss_objectness=0.1709, loss_rpn_box_reg=0.1116
epoch=1 step=40/60 loss=2.2767 loss_classifier=0.7500, loss_box_reg=0.7459, loss_mask=0.4551, loss_objectness=0.1469, loss_rpn_box_reg=0.1789
epoch=1 step=41/60 loss=2.8681 loss_classifier=0.7404, loss_box_reg=0.8035, loss_mask=0.4462, loss_objectness=0.3971, loss_rpn_box_reg=0.4808
epoch=1 step=42/60 loss=2.1250 loss_classifier=0.7276, loss_box_reg=0.7921, loss_mask=0.4439, loss_objectness=0.1269, loss_rpn_box_reg=0.0344
epoch=1 step=43/60 loss=2.1557 loss_classifier=0.8111, loss_box_reg=0.8657, loss_mask=0.3713, loss_objectness=0.0935, loss_rpn_box_reg=0.0140
epoch=1 step=44/60 loss=1.5916 loss_classifier=0.5095, loss_box_reg=0.6564, loss_mask=0.3463, loss_objectness=0.0454, loss_rpn_box_reg=0.0340
epoch=1 step=45/60 loss=1.9394 loss_classifier=0.6531, loss_box_reg=0.6844, loss_mask=0.4712, loss_objectness=0.0776, loss_rpn_box_reg=0.0531
epoch=1 step=46/60 loss=2.0709 loss_classifier=0.5246, loss_box_reg=0.6408, loss_mask=0.4060, loss_objectness=0.1761, loss_rpn_box_reg=0.3234
epoch=1 step=47/60 loss=2.1623 loss_classifier=0.5925, loss_box_reg=0.8070, loss_mask=0.3689, loss_objectness=0.0771, loss_rpn_box_reg=0.3169
epoch=1 step=48/60 loss=2.4906 loss_classifier=0.6621, loss_box_reg=0.7522, loss_mask=0.4410, loss_objectness=0.1705, loss_rpn_box_reg=0.4648
epoch=1 step=49/60 loss=1.9710 loss_classifier=0.3905, loss_box_reg=0.5204, loss_mask=0.5995, loss_objectness=0.2191, loss_rpn_box_reg=0.2414
epoch=1 step=50/60 loss=3.4875 loss_classifier=0.7458, loss_box_reg=0.7491, loss_mask=0.3318, loss_objectness=0.2975, loss_rpn_box_reg=1.3633
epoch=1 step=51/60 loss=1.9557 loss_classifier=0.6471, loss_box_reg=0.7233, loss_mask=0.4244, loss_objectness=0.1250, loss_rpn_box_reg=0.0358
epoch=1 step=52/60 loss=2.4950 loss_classifier=0.6476, loss_box_reg=0.8208, loss_mask=0.3473, loss_objectness=0.1847, loss_rpn_box_reg=0.4946
epoch=1 step=53/60 loss=2.8052 loss_classifier=0.4938, loss_box_reg=0.6149, loss_mask=0.4493, loss_objectness=0.3618, loss_rpn_box_reg=0.8854
epoch=1 step=54/60 loss=2.1577 loss_classifier=0.7119, loss_box_reg=0.8657, loss_mask=0.3504, loss_objectness=0.1180, loss_rpn_box_reg=0.1117
epoch=1 step=55/60 loss=2.4607 loss_classifier=0.6247, loss_box_reg=0.7794, loss_mask=0.3279, loss_objectness=0.1272, loss_rpn_box_reg=0.6015
epoch=1 step=56/60 loss=1.9886 loss_classifier=0.6247, loss_box_reg=0.7002, loss_mask=0.3675, loss_objectness=0.1233, loss_rpn_box_reg=0.1729
epoch=1 step=57/60 loss=2.5189 loss_classifier=0.6321, loss_box_reg=0.6981, loss_mask=0.3811, loss_objectness=0.3850, loss_rpn_box_reg=0.4227
epoch=1 step=58/60 loss=2.2727 loss_classifier=0.6773, loss_box_reg=0.7867, loss_mask=0.2931, loss_objectness=0.2332, loss_rpn_box_reg=0.2824
epoch=1 step=59/60 loss=3.1094 loss_classifier=0.6723, loss_box_reg=0.7695, loss_mask=0.5111, loss_objectness=0.1591, loss_rpn_box_reg=0.9974
epoch=1 step=60/60 loss=1.8800 loss_classifier=0.4907, loss_box_reg=0.6549, loss_mask=0.3682, loss_objectness=0.0771, loss_rpn_box_reg=0.2892
epoch=1 avg_train_loss=3.0650
epoch=2 step=1/60 loss=1.7268 loss_classifier=0.5357, loss_box_reg=0.6914, loss_mask=0.2812, loss_objectness=0.1209, loss_rpn_box_reg=0.0976
epoch=2 step=2/60 loss=1.9138 loss_classifier=0.3783, loss_box_reg=0.3625, loss_mask=0.3226, loss_objectness=0.2289, loss_rpn_box_reg=0.6215
epoch=2 step=3/60 loss=2.0525 loss_classifier=0.6763, loss_box_reg=0.7330, loss_mask=0.4591, loss_objectness=0.1407, loss_rpn_box_reg=0.0434
epoch=2 step=4/60 loss=1.9185 loss_classifier=0.7166, loss_box_reg=0.7004, loss_mask=0.3867, loss_objectness=0.0815, loss_rpn_box_reg=0.0334
epoch=2 step=5/60 loss=2.3135 loss_classifier=0.5326, loss_box_reg=0.7035, loss_mask=0.3813, loss_objectness=0.0757, loss_rpn_box_reg=0.6204
epoch=2 step=6/60 loss=1.6903 loss_classifier=0.3947, loss_box_reg=0.6081, loss_mask=0.4488, loss_objectness=0.1532, loss_rpn_box_reg=0.0854
epoch=2 step=7/60 loss=1.9462 loss_classifier=0.5568, loss_box_reg=0.7534, loss_mask=0.3864, loss_objectness=0.1043, loss_rpn_box_reg=0.1453
epoch=2 step=8/60 loss=1.5689 loss_classifier=0.5584, loss_box_reg=0.5805, loss_mask=0.2257, loss_objectness=0.1582, loss_rpn_box_reg=0.0460
epoch=2 step=9/60 loss=1.8112 loss_classifier=0.4008, loss_box_reg=0.6337, loss_mask=0.2804, loss_objectness=0.1604, loss_rpn_box_reg=0.3359
epoch=2 step=10/60 loss=1.5466 loss_classifier=0.4374, loss_box_reg=0.5818, loss_mask=0.3767, loss_objectness=0.1137, loss_rpn_box_reg=0.0369
epoch=2 step=11/60 loss=1.8087 loss_classifier=0.5762, loss_box_reg=0.6641, loss_mask=0.3498, loss_objectness=0.1362, loss_rpn_box_reg=0.0824
epoch=2 step=12/60 loss=1.5171 loss_classifier=0.5938, loss_box_reg=0.5409, loss_mask=0.2227, loss_objectness=0.1303, loss_rpn_box_reg=0.0294
epoch=2 step=13/60 loss=1.7668 loss_classifier=0.6563, loss_box_reg=0.7090, loss_mask=0.2698, loss_objectness=0.1145, loss_rpn_box_reg=0.0171
epoch=2 step=14/60 loss=1.4727 loss_classifier=0.4609, loss_box_reg=0.4692, loss_mask=0.1985, loss_objectness=0.1258, loss_rpn_box_reg=0.2183
epoch=2 step=15/60 loss=1.6071 loss_classifier=0.3790, loss_box_reg=0.5844, loss_mask=0.3518, loss_objectness=0.0995, loss_rpn_box_reg=0.1923
epoch=2 step=16/60 loss=1.5899 loss_classifier=0.5015, loss_box_reg=0.5677, loss_mask=0.2860, loss_objectness=0.0907, loss_rpn_box_reg=0.1440
epoch=2 step=17/60 loss=2.0231 loss_classifier=0.8103, loss_box_reg=0.7743, loss_mask=0.3298, loss_objectness=0.0927, loss_rpn_box_reg=0.0159
epoch=2 step=18/60 loss=2.1653 loss_classifier=0.6070, loss_box_reg=0.6303, loss_mask=0.2816, loss_objectness=0.1927, loss_rpn_box_reg=0.4538
epoch=2 step=19/60 loss=1.2113 loss_classifier=0.3562, loss_box_reg=0.4586, loss_mask=0.2535, loss_objectness=0.1204, loss_rpn_box_reg=0.0226
epoch=2 step=20/60 loss=1.7852 loss_classifier=0.6022, loss_box_reg=0.6740, loss_mask=0.2732, loss_objectness=0.2008, loss_rpn_box_reg=0.0350
epoch=2 step=21/60 loss=1.5735 loss_classifier=0.4458, loss_box_reg=0.6211, loss_mask=0.2774, loss_objectness=0.1032, loss_rpn_box_reg=0.1260
epoch=2 step=22/60 loss=1.5040 loss_classifier=0.5032, loss_box_reg=0.5927, loss_mask=0.2377, loss_objectness=0.0639, loss_rpn_box_reg=0.1064
epoch=2 step=23/60 loss=1.8127 loss_classifier=0.5422, loss_box_reg=0.5931, loss_mask=0.3024, loss_objectness=0.1016, loss_rpn_box_reg=0.2734
epoch=2 step=24/60 loss=1.7214 loss_classifier=0.4159, loss_box_reg=0.5433, loss_mask=0.3127, loss_objectness=0.1217, loss_rpn_box_reg=0.3277
epoch=2 step=25/60 loss=1.9512 loss_classifier=0.4280, loss_box_reg=0.6361, loss_mask=0.2768, loss_objectness=0.1294, loss_rpn_box_reg=0.4809
epoch=2 step=26/60 loss=1.8454 loss_classifier=0.4245, loss_box_reg=0.5687, loss_mask=0.2745, loss_objectness=0.1250, loss_rpn_box_reg=0.4527
epoch=2 step=27/60 loss=1.4018 loss_classifier=0.4853, loss_box_reg=0.5426, loss_mask=0.1968, loss_objectness=0.0843, loss_rpn_box_reg=0.0927
epoch=2 step=28/60 loss=2.1062 loss_classifier=0.6360, loss_box_reg=0.7712, loss_mask=0.6088, loss_objectness=0.0666, loss_rpn_box_reg=0.0237
epoch=2 step=29/60 loss=1.6811 loss_classifier=0.5077, loss_box_reg=0.6385, loss_mask=0.4347, loss_objectness=0.0566, loss_rpn_box_reg=0.0437
epoch=2 step=30/60 loss=1.3662 loss_classifier=0.4068, loss_box_reg=0.6030, loss_mask=0.2718, loss_objectness=0.0341, loss_rpn_box_reg=0.0506
epoch=2 step=31/60 loss=1.4474 loss_classifier=0.5439, loss_box_reg=0.4979, loss_mask=0.3453, loss_objectness=0.0442, loss_rpn_box_reg=0.0161
epoch=2 step=32/60 loss=2.0500 loss_classifier=0.5897, loss_box_reg=0.6921, loss_mask=0.3730, loss_objectness=0.1372, loss_rpn_box_reg=0.2580
epoch=2 step=33/60 loss=2.0088 loss_classifier=0.5865, loss_box_reg=0.5256, loss_mask=0.2893, loss_objectness=0.1736, loss_rpn_box_reg=0.4337
epoch=2 step=34/60 loss=1.7584 loss_classifier=0.3485, loss_box_reg=0.3798, loss_mask=0.4179, loss_objectness=0.1821, loss_rpn_box_reg=0.4302
epoch=2 step=35/60 loss=1.7063 loss_classifier=0.6204, loss_box_reg=0.6848, loss_mask=0.3178, loss_objectness=0.0636, loss_rpn_box_reg=0.0198
epoch=2 step=36/60 loss=3.1752 loss_classifier=0.6501, loss_box_reg=0.4807, loss_mask=0.2293, loss_objectness=0.2591, loss_rpn_box_reg=1.5559
epoch=2 step=37/60 loss=1.8830 loss_classifier=0.7264, loss_box_reg=0.6611, loss_mask=0.2679, loss_objectness=0.1833, loss_rpn_box_reg=0.0442
epoch=2 step=38/60 loss=2.3008 loss_classifier=0.6321, loss_box_reg=0.6418, loss_mask=0.3372, loss_objectness=0.1035, loss_rpn_box_reg=0.5862
epoch=2 step=39/60 loss=1.8054 loss_classifier=0.3773, loss_box_reg=0.6465, loss_mask=0.3228, loss_objectness=0.1254, loss_rpn_box_reg=0.3335
epoch=2 step=40/60 loss=1.4635 loss_classifier=0.3474, loss_box_reg=0.5154, loss_mask=0.2499, loss_objectness=0.0768, loss_rpn_box_reg=0.2739
epoch=2 step=41/60 loss=1.5368 loss_classifier=0.6159, loss_box_reg=0.5491, loss_mask=0.2557, loss_objectness=0.0551, loss_rpn_box_reg=0.0611
epoch=2 step=42/60 loss=2.7272 loss_classifier=0.4501, loss_box_reg=0.5672, loss_mask=0.3024, loss_objectness=0.1817, loss_rpn_box_reg=1.2259
epoch=2 step=43/60 loss=1.7198 loss_classifier=0.5390, loss_box_reg=0.5894, loss_mask=0.2423, loss_objectness=0.0998, loss_rpn_box_reg=0.2493
epoch=2 step=44/60 loss=1.3481 loss_classifier=0.4580, loss_box_reg=0.5226, loss_mask=0.2541, loss_objectness=0.0857, loss_rpn_box_reg=0.0278
epoch=2 step=45/60 loss=1.8378 loss_classifier=0.5883, loss_box_reg=0.6237, loss_mask=0.2457, loss_objectness=0.1798, loss_rpn_box_reg=0.2004
epoch=2 step=46/60 loss=1.6084 loss_classifier=0.5605, loss_box_reg=0.6098, loss_mask=0.2558, loss_objectness=0.0729, loss_rpn_box_reg=0.1094
epoch=2 step=47/60 loss=1.6190 loss_classifier=0.8064, loss_box_reg=0.4604, loss_mask=0.2326, loss_objectness=0.0927, loss_rpn_box_reg=0.0268
epoch=2 step=48/60 loss=1.5472 loss_classifier=0.3146, loss_box_reg=0.6830, loss_mask=0.3666, loss_objectness=0.0900, loss_rpn_box_reg=0.0930
epoch=2 step=49/60 loss=1.3472 loss_classifier=0.4385, loss_box_reg=0.4032, loss_mask=0.1912, loss_objectness=0.0891, loss_rpn_box_reg=0.2252
epoch=2 step=50/60 loss=1.6247 loss_classifier=0.4012, loss_box_reg=0.4690, loss_mask=0.3024, loss_objectness=0.1516, loss_rpn_box_reg=0.3005
epoch=2 step=51/60 loss=2.0202 loss_classifier=0.5042, loss_box_reg=0.6140, loss_mask=0.2717, loss_objectness=0.0783, loss_rpn_box_reg=0.5520
epoch=2 step=52/60 loss=1.5461 loss_classifier=0.3530, loss_box_reg=0.3799, loss_mask=0.1605, loss_objectness=0.0973, loss_rpn_box_reg=0.5554
epoch=2 step=53/60 loss=2.2968 loss_classifier=0.3726, loss_box_reg=0.5457, loss_mask=0.4007, loss_objectness=0.2460, loss_rpn_box_reg=0.7317
epoch=2 step=54/60 loss=1.1345 loss_classifier=0.3411, loss_box_reg=0.4450, loss_mask=0.2143, loss_objectness=0.0902, loss_rpn_box_reg=0.0440
epoch=2 step=55/60 loss=2.9604 loss_classifier=0.6700, loss_box_reg=0.7189, loss_mask=0.4873, loss_objectness=0.4013, loss_rpn_box_reg=0.6829
epoch=2 step=56/60 loss=2.5265 loss_classifier=0.4490, loss_box_reg=0.5992, loss_mask=0.4068, loss_objectness=0.0650, loss_rpn_box_reg=1.0065
epoch=2 step=57/60 loss=1.6766 loss_classifier=0.4475, loss_box_reg=0.5129, loss_mask=0.2466, loss_objectness=0.1416, loss_rpn_box_reg=0.3280
epoch=2 step=58/60 loss=1.5930 loss_classifier=0.4756, loss_box_reg=0.5496, loss_mask=0.3609, loss_objectness=0.1395, loss_rpn_box_reg=0.0674
epoch=2 step=59/60 loss=1.2749 loss_classifier=0.4637, loss_box_reg=0.4553, loss_mask=0.1995, loss_objectness=0.1466, loss_rpn_box_reg=0.0098
epoch=2 step=60/60 loss=1.0175 loss_classifier=0.3659, loss_box_reg=0.3864, loss_mask=0.1540, loss_objectness=0.0965, loss_rpn_box_reg=0.0148
epoch=2 avg_train_loss=1.7827
epoch=3 step=1/60 loss=1.4025 loss_classifier=0.3162, loss_box_reg=0.4644, loss_mask=0.2501, loss_objectness=0.0796, loss_rpn_box_reg=0.2923
epoch=3 step=2/60 loss=1.5012 loss_classifier=0.4063, loss_box_reg=0.5591, loss_mask=0.2878, loss_objectness=0.1004, loss_rpn_box_reg=0.1477
epoch=3 step=3/60 loss=1.1694 loss_classifier=0.3932, loss_box_reg=0.4298, loss_mask=0.2053, loss_objectness=0.0772, loss_rpn_box_reg=0.0639
epoch=3 step=4/60 loss=1.4841 loss_classifier=0.5539, loss_box_reg=0.5627, loss_mask=0.2703, loss_objectness=0.0844, loss_rpn_box_reg=0.0129
epoch=3 step=5/60 loss=1.2265 loss_classifier=0.3620, loss_box_reg=0.4945, loss_mask=0.1941, loss_objectness=0.1058, loss_rpn_box_reg=0.0701
epoch=3 step=6/60 loss=1.8437 loss_classifier=0.4628, loss_box_reg=0.4990, loss_mask=0.2723, loss_objectness=0.1083, loss_rpn_box_reg=0.5014
epoch=3 step=7/60 loss=1.4083 loss_classifier=0.4178, loss_box_reg=0.4988, loss_mask=0.2292, loss_objectness=0.0863, loss_rpn_box_reg=0.1762
epoch=3 step=8/60 loss=1.1788 loss_classifier=0.3811, loss_box_reg=0.4483, loss_mask=0.2128, loss_objectness=0.1145, loss_rpn_box_reg=0.0221
epoch=3 step=9/60 loss=1.3777 loss_classifier=0.3224, loss_box_reg=0.4366, loss_mask=0.2370, loss_objectness=0.1235, loss_rpn_box_reg=0.2582
epoch=3 step=10/60 loss=1.2901 loss_classifier=0.4401, loss_box_reg=0.4667, loss_mask=0.3175, loss_objectness=0.0562, loss_rpn_box_reg=0.0096
epoch=3 step=11/60 loss=1.9951 loss_classifier=0.3203, loss_box_reg=0.4913, loss_mask=0.4133, loss_objectness=0.1138, loss_rpn_box_reg=0.6564
epoch=3 step=12/60 loss=0.9791 loss_classifier=0.2605, loss_box_reg=0.2872, loss_mask=0.1844, loss_objectness=0.0588, loss_rpn_box_reg=0.1882
epoch=3 step=13/60 loss=1.7808 loss_classifier=0.7400, loss_box_reg=0.5191, loss_mask=0.4271, loss_objectness=0.0727, loss_rpn_box_reg=0.0219
epoch=3 step=14/60 loss=1.8723 loss_classifier=0.4158, loss_box_reg=0.5903, loss_mask=0.3098, loss_objectness=0.0860, loss_rpn_box_reg=0.4703
epoch=3 step=15/60 loss=1.3639 loss_classifier=0.2840, loss_box_reg=0.4593, loss_mask=0.3592, loss_objectness=0.0963, loss_rpn_box_reg=0.1651
epoch=3 step=16/60 loss=1.5695 loss_classifier=0.6479, loss_box_reg=0.4995, loss_mask=0.2422, loss_objectness=0.1467, loss_rpn_box_reg=0.0332
epoch=3 step=17/60 loss=1.3608 loss_classifier=0.4076, loss_box_reg=0.4565, loss_mask=0.2824, loss_objectness=0.0823, loss_rpn_box_reg=0.1319
epoch=3 step=18/60 loss=1.5415 loss_classifier=0.4387, loss_box_reg=0.4733, loss_mask=0.2388, loss_objectness=0.1096, loss_rpn_box_reg=0.2811
epoch=3 step=19/60 loss=1.5813 loss_classifier=0.3433, loss_box_reg=0.3633, loss_mask=0.2529, loss_objectness=0.1210, loss_rpn_box_reg=0.5008
epoch=3 step=20/60 loss=1.3275 loss_classifier=0.3344, loss_box_reg=0.3280, loss_mask=0.1475, loss_objectness=0.0932, loss_rpn_box_reg=0.4243
epoch=3 step=21/60 loss=1.6278 loss_classifier=0.6209, loss_box_reg=0.5568, loss_mask=0.2642, loss_objectness=0.1751, loss_rpn_box_reg=0.0108
epoch=3 step=22/60 loss=1.3587 loss_classifier=0.5493, loss_box_reg=0.4496, loss_mask=0.2572, loss_objectness=0.0763, loss_rpn_box_reg=0.0263
epoch=3 step=23/60 loss=1.7159 loss_classifier=0.5160, loss_box_reg=0.6384, loss_mask=0.4503, loss_objectness=0.0937, loss_rpn_box_reg=0.0175
epoch=3 step=24/60 loss=1.2630 loss_classifier=0.3861, loss_box_reg=0.4451, loss_mask=0.2543, loss_objectness=0.1218, loss_rpn_box_reg=0.0557
epoch=3 step=25/60 loss=1.1342 loss_classifier=0.3325, loss_box_reg=0.3373, loss_mask=0.1660, loss_objectness=0.1300, loss_rpn_box_reg=0.1684
epoch=3 step=26/60 loss=1.3256 loss_classifier=0.3918, loss_box_reg=0.5165, loss_mask=0.2537, loss_objectness=0.0883, loss_rpn_box_reg=0.0753
epoch=3 step=27/60 loss=1.5264 loss_classifier=0.5330, loss_box_reg=0.6051, loss_mask=0.2470, loss_objectness=0.0800, loss_rpn_box_reg=0.0614
epoch=3 step=28/60 loss=1.3397 loss_classifier=0.3102, loss_box_reg=0.4622, loss_mask=0.2633, loss_objectness=0.0676, loss_rpn_box_reg=0.2365
epoch=3 step=29/60 loss=1.4868 loss_classifier=0.4680, loss_box_reg=0.5445, loss_mask=0.3164, loss_objectness=0.0947, loss_rpn_box_reg=0.0633
epoch=3 step=30/60 loss=1.4406 loss_classifier=0.3848, loss_box_reg=0.5556, loss_mask=0.3194, loss_objectness=0.0708, loss_rpn_box_reg=0.1098
epoch=3 step=31/60 loss=2.3645 loss_classifier=0.4074, loss_box_reg=0.5469, loss_mask=0.3920, loss_objectness=0.0629, loss_rpn_box_reg=0.9554
epoch=3 step=32/60 loss=1.8379 loss_classifier=0.4880, loss_box_reg=0.6050, loss_mask=0.2781, loss_objectness=0.1124, loss_rpn_box_reg=0.3544
epoch=3 step=33/60 loss=1.6197 loss_classifier=0.3615, loss_box_reg=0.5207, loss_mask=0.2862, loss_objectness=0.1232, loss_rpn_box_reg=0.3280
epoch=3 step=34/60 loss=2.4519 loss_classifier=0.6031, loss_box_reg=0.6158, loss_mask=0.4035, loss_objectness=0.3071, loss_rpn_box_reg=0.5223
epoch=3 step=35/60 loss=0.8982 loss_classifier=0.3376, loss_box_reg=0.3349, loss_mask=0.1468, loss_objectness=0.0663, loss_rpn_box_reg=0.0126
epoch=3 step=36/60 loss=1.4124 loss_classifier=0.4437, loss_box_reg=0.5108, loss_mask=0.3451, loss_objectness=0.0912, loss_rpn_box_reg=0.0215
epoch=3 step=37/60 loss=1.3434 loss_classifier=0.2913, loss_box_reg=0.4319, loss_mask=0.2528, loss_objectness=0.0935, loss_rpn_box_reg=0.2739
epoch=3 step=38/60 loss=1.4433 loss_classifier=0.2911, loss_box_reg=0.4426, loss_mask=0.2189, loss_objectness=0.0853, loss_rpn_box_reg=0.4055
epoch=3 step=39/60 loss=1.2679 loss_classifier=0.3110, loss_box_reg=0.5129, loss_mask=0.3182, loss_objectness=0.0559, loss_rpn_box_reg=0.0699
epoch=3 step=40/60 loss=1.2059 loss_classifier=0.4601, loss_box_reg=0.4232, loss_mask=0.1842, loss_objectness=0.1110, loss_rpn_box_reg=0.0275
epoch=3 step=41/60 loss=1.3691 loss_classifier=0.4195, loss_box_reg=0.4777, loss_mask=0.3185, loss_objectness=0.0976, loss_rpn_box_reg=0.0559
epoch=3 step=42/60 loss=0.8928 loss_classifier=0.2657, loss_box_reg=0.3126, loss_mask=0.2174, loss_objectness=0.0789, loss_rpn_box_reg=0.0183
epoch=3 step=43/60 loss=1.5654 loss_classifier=0.4924, loss_box_reg=0.6033, loss_mask=0.3769, loss_objectness=0.0554, loss_rpn_box_reg=0.0373
epoch=3 step=44/60 loss=1.3446 loss_classifier=0.2745, loss_box_reg=0.5216, loss_mask=0.4109, loss_objectness=0.0714, loss_rpn_box_reg=0.0661
epoch=3 step=45/60 loss=1.5103 loss_classifier=0.6163, loss_box_reg=0.5511, loss_mask=0.2676, loss_objectness=0.0625, loss_rpn_box_reg=0.0128
epoch=3 step=46/60 loss=1.0635 loss_classifier=0.2994, loss_box_reg=0.4584, loss_mask=0.2273, loss_objectness=0.0516, loss_rpn_box_reg=0.0269
epoch=3 step=47/60 loss=1.9592 loss_classifier=0.6162, loss_box_reg=0.6043, loss_mask=0.2365, loss_objectness=0.0777, loss_rpn_box_reg=0.4244
epoch=3 step=48/60 loss=1.3902 loss_classifier=0.4795, loss_box_reg=0.5057, loss_mask=0.2402, loss_objectness=0.1357, loss_rpn_box_reg=0.0291
epoch=3 step=49/60 loss=0.9783 loss_classifier=0.3040, loss_box_reg=0.3825, loss_mask=0.1857, loss_objectness=0.0840, loss_rpn_box_reg=0.0220
epoch=3 step=50/60 loss=1.0130 loss_classifier=0.3303, loss_box_reg=0.3791, loss_mask=0.1916, loss_objectness=0.0973, loss_rpn_box_reg=0.0147
epoch=3 step=51/60 loss=1.0972 loss_classifier=0.4328, loss_box_reg=0.4071, loss_mask=0.1833, loss_objectness=0.0655, loss_rpn_box_reg=0.0086
epoch=3 step=52/60 loss=1.6348 loss_classifier=0.4462, loss_box_reg=0.5877, loss_mask=0.3264, loss_objectness=0.1193, loss_rpn_box_reg=0.1552
epoch=3 step=53/60 loss=1.2853 loss_classifier=0.3259, loss_box_reg=0.3421, loss_mask=0.2649, loss_objectness=0.0904, loss_rpn_box_reg=0.2620
epoch=3 step=54/60 loss=2.3788 loss_classifier=0.4244, loss_box_reg=0.4428, loss_mask=0.2192, loss_objectness=0.1600, loss_rpn_box_reg=1.1323
epoch=3 step=55/60 loss=1.2098 loss_classifier=0.5454, loss_box_reg=0.4061, loss_mask=0.1867, loss_objectness=0.0471, loss_rpn_box_reg=0.0245
epoch=3 step=56/60 loss=2.3991 loss_classifier=0.4321, loss_box_reg=0.4768, loss_mask=0.2538, loss_objectness=0.1391, loss_rpn_box_reg=1.0973
epoch=3 step=57/60 loss=1.7661 loss_classifier=0.3656, loss_box_reg=0.5559, loss_mask=0.2745, loss_objectness=0.1224, loss_rpn_box_reg=0.4478
epoch=3 step=58/60 loss=1.4307 loss_classifier=0.4807, loss_box_reg=0.4677, loss_mask=0.3681, loss_objectness=0.0782, loss_rpn_box_reg=0.0359
epoch=3 step=59/60 loss=1.4750 loss_classifier=0.4468, loss_box_reg=0.4456, loss_mask=0.2620, loss_objectness=0.0920, loss_rpn_box_reg=0.2287
epoch=3 step=60/60 loss=1.8405 loss_classifier=0.3453, loss_box_reg=0.5637, loss_mask=0.2817, loss_objectness=0.0601, loss_rpn_box_reg=0.5897
epoch=3 avg_train_loss=1.4820
epoch=4 step=1/60 loss=1.2757 loss_classifier=0.3530, loss_box_reg=0.5486, loss_mask=0.2390, loss_objectness=0.0780, loss_rpn_box_reg=0.0571
epoch=4 step=2/60 loss=1.1939 loss_classifier=0.3421, loss_box_reg=0.4371, loss_mask=0.2556, loss_objectness=0.1088, loss_rpn_box_reg=0.0504
epoch=4 step=3/60 loss=1.3806 loss_classifier=0.5046, loss_box_reg=0.4851, loss_mask=0.2244, loss_objectness=0.1388, loss_rpn_box_reg=0.0277
epoch=4 step=4/60 loss=1.3872 loss_classifier=0.2918, loss_box_reg=0.4047, loss_mask=0.2140, loss_objectness=0.0624, loss_rpn_box_reg=0.4144
epoch=4 step=5/60 loss=1.6404 loss_classifier=0.4359, loss_box_reg=0.6205, loss_mask=0.4758, loss_objectness=0.0911, loss_rpn_box_reg=0.0171
epoch=4 step=6/60 loss=1.5350 loss_classifier=0.3184, loss_box_reg=0.4633, loss_mask=0.2738, loss_objectness=0.1202, loss_rpn_box_reg=0.3593
epoch=4 step=7/60 loss=1.9215 loss_classifier=0.3223, loss_box_reg=0.4375, loss_mask=0.4150, loss_objectness=0.1126, loss_rpn_box_reg=0.6341
epoch=4 step=8/60 loss=1.6632 loss_classifier=0.6336, loss_box_reg=0.4725, loss_mask=0.4234, loss_objectness=0.1102, loss_rpn_box_reg=0.0236
epoch=4 step=9/60 loss=1.5334 loss_classifier=0.4183, loss_box_reg=0.5352, loss_mask=0.3074, loss_objectness=0.1294, loss_rpn_box_reg=0.1431
epoch=4 step=10/60 loss=0.9444 loss_classifier=0.2890, loss_box_reg=0.3844, loss_mask=0.1838, loss_objectness=0.0670, loss_rpn_box_reg=0.0203
epoch=4 step=11/60 loss=1.1248 loss_classifier=0.4832, loss_box_reg=0.3197, loss_mask=0.1846, loss_objectness=0.1129, loss_rpn_box_reg=0.0244
epoch=4 step=12/60 loss=1.4783 loss_classifier=0.4739, loss_box_reg=0.5258, loss_mask=0.3008, loss_objectness=0.1190, loss_rpn_box_reg=0.0589
epoch=4 step=13/60 loss=1.2912 loss_classifier=0.3053, loss_box_reg=0.4067, loss_mask=0.2249, loss_objectness=0.0748, loss_rpn_box_reg=0.2796
epoch=4 step=14/60 loss=1.1317 loss_classifier=0.4039, loss_box_reg=0.3936, loss_mask=0.2853, loss_objectness=0.0387, loss_rpn_box_reg=0.0102
epoch=4 step=15/60 loss=1.5468 loss_classifier=0.6021, loss_box_reg=0.5437, loss_mask=0.2767, loss_objectness=0.1134, loss_rpn_box_reg=0.0110
epoch=4 step=16/60 loss=2.3662 loss_classifier=0.3883, loss_box_reg=0.4574, loss_mask=0.2358, loss_objectness=0.1331, loss_rpn_box_reg=1.1516
epoch=4 step=17/60 loss=1.3205 loss_classifier=0.3329, loss_box_reg=0.5129, loss_mask=0.3055, loss_objectness=0.0903, loss_rpn_box_reg=0.0789
epoch=4 step=18/60 loss=1.3479 loss_classifier=0.2907, loss_box_reg=0.4864, loss_mask=0.3939, loss_objectness=0.1099, loss_rpn_box_reg=0.0670
epoch=4 step=19/60 loss=1.5107 loss_classifier=0.4778, loss_box_reg=0.4815, loss_mask=0.2748, loss_objectness=0.0684, loss_rpn_box_reg=0.2082
epoch=4 step=20/60 loss=1.2920 loss_classifier=0.2799, loss_box_reg=0.4293, loss_mask=0.3246, loss_objectness=0.0970, loss_rpn_box_reg=0.1612
epoch=4 step=21/60 loss=1.8029 loss_classifier=0.4383, loss_box_reg=0.5400, loss_mask=0.2887, loss_objectness=0.0838, loss_rpn_box_reg=0.4521
epoch=4 step=22/60 loss=1.1015 loss_classifier=0.3790, loss_box_reg=0.4195, loss_mask=0.1763, loss_objectness=0.0579, loss_rpn_box_reg=0.0688
epoch=4 step=23/60 loss=1.3048 loss_classifier=0.3280, loss_box_reg=0.5197, loss_mask=0.3453, loss_objectness=0.0457, loss_rpn_box_reg=0.0661
epoch=4 step=24/60 loss=1.2247 loss_classifier=0.5050, loss_box_reg=0.3976, loss_mask=0.2492, loss_objectness=0.0396, loss_rpn_box_reg=0.0333
epoch=4 step=25/60 loss=1.4014 loss_classifier=0.5589, loss_box_reg=0.4919, loss_mask=0.2354, loss_objectness=0.1047, loss_rpn_box_reg=0.0104
epoch=4 step=26/60 loss=1.2702 loss_classifier=0.2717, loss_box_reg=0.3972, loss_mask=0.2430, loss_objectness=0.0754, loss_rpn_box_reg=0.2829
epoch=4 step=27/60 loss=1.4262 loss_classifier=0.3849, loss_box_reg=0.4773, loss_mask=0.2466, loss_objectness=0.1641, loss_rpn_box_reg=0.1532
epoch=4 step=28/60 loss=1.5132 loss_classifier=0.3229, loss_box_reg=0.3038, loss_mask=0.2389, loss_objectness=0.1524, loss_rpn_box_reg=0.4953
epoch=4 step=29/60 loss=1.5331 loss_classifier=0.4765, loss_box_reg=0.6198, loss_mask=0.3632, loss_objectness=0.0364, loss_rpn_box_reg=0.0372
epoch=4 step=30/60 loss=1.1111 loss_classifier=0.3548, loss_box_reg=0.4223, loss_mask=0.2113, loss_objectness=0.1029, loss_rpn_box_reg=0.0198
epoch=4 step=31/60 loss=1.9525 loss_classifier=0.6012, loss_box_reg=0.6054, loss_mask=0.2305, loss_objectness=0.1208, loss_rpn_box_reg=0.3946
epoch=4 step=32/60 loss=1.1511 loss_classifier=0.3787, loss_box_reg=0.4444, loss_mask=0.2065, loss_objectness=0.0650, loss_rpn_box_reg=0.0565
epoch=4 step=33/60 loss=2.5075 loss_classifier=0.4507, loss_box_reg=0.6087, loss_mask=0.4357, loss_objectness=0.0612, loss_rpn_box_reg=0.9512
epoch=4 step=34/60 loss=1.3207 loss_classifier=0.2914, loss_box_reg=0.4072, loss_mask=0.2511, loss_objectness=0.1237, loss_rpn_box_reg=0.2472
epoch=4 step=35/60 loss=1.3224 loss_classifier=0.4088, loss_box_reg=0.4506, loss_mask=0.3096, loss_objectness=0.0997, loss_rpn_box_reg=0.0537
epoch=4 step=36/60 loss=1.5368 loss_classifier=0.6035, loss_box_reg=0.5089, loss_mask=0.2622, loss_objectness=0.1315, loss_rpn_box_reg=0.0307
epoch=4 step=37/60 loss=1.2078 loss_classifier=0.3003, loss_box_reg=0.3061, loss_mask=0.1348, loss_objectness=0.0700, loss_rpn_box_reg=0.3966
epoch=4 step=38/60 loss=2.4623 loss_classifier=0.5834, loss_box_reg=0.6180, loss_mask=0.4089, loss_objectness=0.3482, loss_rpn_box_reg=0.5037
epoch=4 step=39/60 loss=1.4998 loss_classifier=0.6012, loss_box_reg=0.5508, loss_mask=0.2654, loss_objectness=0.0701, loss_rpn_box_reg=0.0124
epoch=4 step=40/60 loss=0.9513 loss_classifier=0.3408, loss_box_reg=0.3840, loss_mask=0.1423, loss_objectness=0.0736, loss_rpn_box_reg=0.0107
epoch=4 step=41/60 loss=1.2879 loss_classifier=0.3985, loss_box_reg=0.4689, loss_mask=0.3208, loss_objectness=0.0783, loss_rpn_box_reg=0.0215
epoch=4 step=42/60 loss=2.2693 loss_classifier=0.4019, loss_box_reg=0.3892, loss_mask=0.2035, loss_objectness=0.1697, loss_rpn_box_reg=1.1050
epoch=4 step=43/60 loss=1.1737 loss_classifier=0.2723, loss_box_reg=0.4133, loss_mask=0.2394, loss_objectness=0.0478, loss_rpn_box_reg=0.2008
epoch=4 step=44/60 loss=1.3656 loss_classifier=0.4699, loss_box_reg=0.4400, loss_mask=0.3505, loss_objectness=0.0715, loss_rpn_box_reg=0.0337
epoch=4 step=45/60 loss=1.2265 loss_classifier=0.3127, loss_box_reg=0.3360, loss_mask=0.2588, loss_objectness=0.0757, loss_rpn_box_reg=0.2433
epoch=4 step=46/60 loss=1.8812 loss_classifier=0.3287, loss_box_reg=0.5816, loss_mask=0.2962, loss_objectness=0.0990, loss_rpn_box_reg=0.5757
epoch=4 step=47/60 loss=1.3649 loss_classifier=0.3994, loss_box_reg=0.4012, loss_mask=0.2099, loss_objectness=0.1060, loss_rpn_box_reg=0.2485
epoch=4 step=48/60 loss=0.9892 loss_classifier=0.3424, loss_box_reg=0.3612, loss_mask=0.1870, loss_objectness=0.0841, loss_rpn_box_reg=0.0144
epoch=4 step=49/60 loss=1.8280 loss_classifier=0.4690, loss_box_reg=0.5030, loss_mask=0.2884, loss_objectness=0.0897, loss_rpn_box_reg=0.4779
epoch=4 step=50/60 loss=1.2584 loss_classifier=0.3987, loss_box_reg=0.4142, loss_mask=0.2093, loss_objectness=0.0597, loss_rpn_box_reg=0.1764
epoch=4 step=51/60 loss=1.3322 loss_classifier=0.4278, loss_box_reg=0.4136, loss_mask=0.2634, loss_objectness=0.0962, loss_rpn_box_reg=0.1312
epoch=4 step=52/60 loss=1.1420 loss_classifier=0.4549, loss_box_reg=0.4319, loss_mask=0.1878, loss_objectness=0.0586, loss_rpn_box_reg=0.0087
epoch=4 step=53/60 loss=1.7816 loss_classifier=0.4741, loss_box_reg=0.5921, loss_mask=0.2534, loss_objectness=0.1208, loss_rpn_box_reg=0.3413
epoch=4 step=54/60 loss=1.3429 loss_classifier=0.4411, loss_box_reg=0.5685, loss_mask=0.2247, loss_objectness=0.0466, loss_rpn_box_reg=0.0621
epoch=4 step=55/60 loss=1.0925 loss_classifier=0.3134, loss_box_reg=0.4382, loss_mask=0.2612, loss_objectness=0.0534, loss_rpn_box_reg=0.0264
epoch=4 step=56/60 loss=1.0783 loss_classifier=0.3197, loss_box_reg=0.2730, loss_mask=0.2058, loss_objectness=0.0749, loss_rpn_box_reg=0.2049
epoch=4 step=57/60 loss=0.9432 loss_classifier=0.2841, loss_box_reg=0.3594, loss_mask=0.2207, loss_objectness=0.0607, loss_rpn_box_reg=0.0184
epoch=4 step=58/60 loss=1.1903 loss_classifier=0.5158, loss_box_reg=0.3893, loss_mask=0.1742, loss_objectness=0.0894, loss_rpn_box_reg=0.0217
epoch=4 step=59/60 loss=1.7047 loss_classifier=0.3216, loss_box_reg=0.5356, loss_mask=0.2597, loss_objectness=0.1468, loss_rpn_box_reg=0.4411
epoch=4 step=60/60 loss=0.9473 loss_classifier=0.2735, loss_box_reg=0.2806, loss_mask=0.1582, loss_objectness=0.0696, loss_rpn_box_reg=0.1654
epoch=4 avg_train_loss=1.4281
epoch=5 step=1/60 loss=2.2315 loss_classifier=0.4248, loss_box_reg=0.4524, loss_mask=0.2421, loss_objectness=0.1334, loss_rpn_box_reg=0.9787
epoch=5 step=2/60 loss=1.0492 loss_classifier=0.3661, loss_box_reg=0.3977, loss_mask=0.1709, loss_objectness=0.0459, loss_rpn_box_reg=0.0687
epoch=5 step=3/60 loss=1.3216 loss_classifier=0.3372, loss_box_reg=0.4990, loss_mask=0.3142, loss_objectness=0.0902, loss_rpn_box_reg=0.0811
epoch=5 step=4/60 loss=1.3826 loss_classifier=0.5785, loss_box_reg=0.4911, loss_mask=0.2435, loss_objectness=0.0579, loss_rpn_box_reg=0.0115
epoch=5 step=5/60 loss=1.4335 loss_classifier=0.5095, loss_box_reg=0.4890, loss_mask=0.2231, loss_objectness=0.1845, loss_rpn_box_reg=0.0272
epoch=5 step=6/60 loss=1.6717 loss_classifier=0.6655, loss_box_reg=0.4734, loss_mask=0.4181, loss_objectness=0.0927, loss_rpn_box_reg=0.0220
epoch=5 step=7/60 loss=1.2731 loss_classifier=0.3772, loss_box_reg=0.4833, loss_mask=0.3202, loss_objectness=0.0728, loss_rpn_box_reg=0.0196
epoch=5 step=8/60 loss=1.2664 loss_classifier=0.3408, loss_box_reg=0.3005, loss_mask=0.1357, loss_objectness=0.0700, loss_rpn_box_reg=0.4194
epoch=5 step=9/60 loss=1.7835 loss_classifier=0.5775, loss_box_reg=0.5380, loss_mask=0.2210, loss_objectness=0.1081, loss_rpn_box_reg=0.3389
epoch=5 step=10/60 loss=1.2980 loss_classifier=0.2972, loss_box_reg=0.4009, loss_mask=0.2389, loss_objectness=0.1252, loss_rpn_box_reg=0.2358
epoch=5 step=11/60 loss=1.1394 loss_classifier=0.3924, loss_box_reg=0.4063, loss_mask=0.2735, loss_objectness=0.0576, loss_rpn_box_reg=0.0098
epoch=5 step=12/60 loss=1.4207 loss_classifier=0.4522, loss_box_reg=0.5330, loss_mask=0.2980, loss_objectness=0.0791, loss_rpn_box_reg=0.0583
epoch=5 step=13/60 loss=1.7040 loss_classifier=0.4415, loss_box_reg=0.5567, loss_mask=0.2460, loss_objectness=0.1330, loss_rpn_box_reg=0.3269
epoch=5 step=14/60 loss=1.2431 loss_classifier=0.3152, loss_box_reg=0.4015, loss_mask=0.2089, loss_objectness=0.0448, loss_rpn_box_reg=0.2726
epoch=5 step=15/60 loss=2.2281 loss_classifier=0.4126, loss_box_reg=0.3924, loss_mask=0.2064, loss_objectness=0.1880, loss_rpn_box_reg=1.0286
epoch=5 step=16/60 loss=1.1966 loss_classifier=0.3021, loss_box_reg=0.2975, loss_mask=0.2603, loss_objectness=0.1072, loss_rpn_box_reg=0.2296
epoch=5 step=17/60 loss=0.9249 loss_classifier=0.3790, loss_box_reg=0.3472, loss_mask=0.1411, loss_objectness=0.0478, loss_rpn_box_reg=0.0098
epoch=5 step=18/60 loss=0.8504 loss_classifier=0.2663, loss_box_reg=0.3314, loss_mask=0.1703, loss_objectness=0.0623, loss_rpn_box_reg=0.0201
epoch=5 step=19/60 loss=1.4096 loss_classifier=0.2972, loss_box_reg=0.4546, loss_mask=0.2774, loss_objectness=0.0974, loss_rpn_box_reg=0.2830
epoch=5 step=20/60 loss=1.2402 loss_classifier=0.2612, loss_box_reg=0.3996, loss_mask=0.2306, loss_objectness=0.0989, loss_rpn_box_reg=0.2499
epoch=5 step=21/60 loss=2.3376 loss_classifier=0.5644, loss_box_reg=0.5604, loss_mask=0.4233, loss_objectness=0.3203, loss_rpn_box_reg=0.4691
epoch=5 step=22/60 loss=1.1483 loss_classifier=0.3461, loss_box_reg=0.4281, loss_mask=0.2466, loss_objectness=0.0778, loss_rpn_box_reg=0.0497
epoch=5 step=23/60 loss=1.2577 loss_classifier=0.4025, loss_box_reg=0.3971, loss_mask=0.2568, loss_objectness=0.0733, loss_rpn_box_reg=0.1280
epoch=5 step=24/60 loss=0.9954 loss_classifier=0.2807, loss_box_reg=0.2520, loss_mask=0.1930, loss_objectness=0.0673, loss_rpn_box_reg=0.2024
epoch=5 step=25/60 loss=1.3377 loss_classifier=0.4993, loss_box_reg=0.4946, loss_mask=0.2341, loss_objectness=0.0997, loss_rpn_box_reg=0.0100
epoch=5 step=26/60 loss=1.2879 loss_classifier=0.5335, loss_box_reg=0.4285, loss_mask=0.2471, loss_objectness=0.0404, loss_rpn_box_reg=0.0384
epoch=5 step=27/60 loss=1.0831 loss_classifier=0.4299, loss_box_reg=0.4172, loss_mask=0.1832, loss_objectness=0.0443, loss_rpn_box_reg=0.0085
epoch=5 step=28/60 loss=1.4707 loss_classifier=0.4140, loss_box_reg=0.4882, loss_mask=0.2772, loss_objectness=0.1371, loss_rpn_box_reg=0.1542
epoch=5 step=29/60 loss=1.3282 loss_classifier=0.4406, loss_box_reg=0.5530, loss_mask=0.2211, loss_objectness=0.0531, loss_rpn_box_reg=0.0604
epoch=5 step=30/60 loss=2.3764 loss_classifier=0.4258, loss_box_reg=0.5301, loss_mask=0.4196, loss_objectness=0.0704, loss_rpn_box_reg=0.9306
epoch=5 step=31/60 loss=1.4757 loss_classifier=0.4791, loss_box_reg=0.4490, loss_mask=0.2521, loss_objectness=0.0991, loss_rpn_box_reg=0.1964
epoch=5 step=32/60 loss=1.5123 loss_classifier=0.4301, loss_box_reg=0.6156, loss_mask=0.3726, loss_objectness=0.0573, loss_rpn_box_reg=0.0367
epoch=5 step=33/60 loss=1.1098 loss_classifier=0.3517, loss_box_reg=0.4393, loss_mask=0.2092, loss_objectness=0.0501, loss_rpn_box_reg=0.0595
epoch=5 step=34/60 loss=1.2422 loss_classifier=0.2882, loss_box_reg=0.4964, loss_mask=0.3250, loss_objectness=0.0687, loss_rpn_box_reg=0.0639
epoch=5 step=35/60 loss=1.1133 loss_classifier=0.3712, loss_box_reg=0.4280, loss_mask=0.2132, loss_objectness=0.0811, loss_rpn_box_reg=0.0198
epoch=5 step=36/60 loss=1.0169 loss_classifier=0.2850, loss_box_reg=0.3507, loss_mask=0.2196, loss_objectness=0.1433, loss_rpn_box_reg=0.0182
epoch=5 step=37/60 loss=1.3484 loss_classifier=0.4355, loss_box_reg=0.4869, loss_mask=0.3016, loss_objectness=0.0759, loss_rpn_box_reg=0.0485
epoch=5 step=38/60 loss=1.4393 loss_classifier=0.4087, loss_box_reg=0.4135, loss_mask=0.2245, loss_objectness=0.1355, loss_rpn_box_reg=0.2572
epoch=5 step=39/60 loss=0.9944 loss_classifier=0.2643, loss_box_reg=0.3898, loss_mask=0.2628, loss_objectness=0.0518, loss_rpn_box_reg=0.0257
epoch=5 step=40/60 loss=1.2746 loss_classifier=0.4089, loss_box_reg=0.4053, loss_mask=0.2146, loss_objectness=0.0719, loss_rpn_box_reg=0.1739
epoch=5 step=41/60 loss=0.9520 loss_classifier=0.3148, loss_box_reg=0.3621, loss_mask=0.1841, loss_objectness=0.0763, loss_rpn_box_reg=0.0147
epoch=5 step=42/60 loss=1.7501 loss_classifier=0.2949, loss_box_reg=0.5375, loss_mask=0.2796, loss_objectness=0.0878, loss_rpn_box_reg=0.5503
epoch=5 step=43/60 loss=1.3453 loss_classifier=0.2513, loss_box_reg=0.3777, loss_mask=0.1991, loss_objectness=0.0591, loss_rpn_box_reg=0.4580
epoch=5 step=44/60 loss=1.1416 loss_classifier=0.5181, loss_box_reg=0.3785, loss_mask=0.1767, loss_objectness=0.0471, loss_rpn_box_reg=0.0213
epoch=5 step=45/60 loss=1.6449 loss_classifier=0.2976, loss_box_reg=0.5250, loss_mask=0.2627, loss_objectness=0.1207, loss_rpn_box_reg=0.4389
epoch=5 step=46/60 loss=1.2915 loss_classifier=0.3883, loss_box_reg=0.5695, loss_mask=0.2364, loss_objectness=0.0364, loss_rpn_box_reg=0.0610
epoch=5 step=47/60 loss=1.7449 loss_classifier=0.4155, loss_box_reg=0.5128, loss_mask=0.2739, loss_objectness=0.1002, loss_rpn_box_reg=0.4425
epoch=5 step=48/60 loss=1.3229 loss_classifier=0.2982, loss_box_reg=0.4531, loss_mask=0.3282, loss_objectness=0.0862, loss_rpn_box_reg=0.1573
epoch=5 step=49/60 loss=1.1666 loss_classifier=0.5562, loss_box_reg=0.3489, loss_mask=0.1906, loss_objectness=0.0464, loss_rpn_box_reg=0.0246
epoch=5 step=50/60 loss=1.4866 loss_classifier=0.2990, loss_box_reg=0.2868, loss_mask=0.2240, loss_objectness=0.1923, loss_rpn_box_reg=0.4845
epoch=5 step=51/60 loss=1.3700 loss_classifier=0.4864, loss_box_reg=0.4497, loss_mask=0.3454, loss_objectness=0.0555, loss_rpn_box_reg=0.0330
epoch=5 step=52/60 loss=1.7458 loss_classifier=0.4391, loss_box_reg=0.4736, loss_mask=0.2830, loss_objectness=0.0861, loss_rpn_box_reg=0.4639
epoch=5 step=53/60 loss=1.2742 loss_classifier=0.2570, loss_box_reg=0.4973, loss_mask=0.3600, loss_objectness=0.0938, loss_rpn_box_reg=0.0661
epoch=5 step=54/60 loss=1.5098 loss_classifier=0.3879, loss_box_reg=0.5883, loss_mask=0.4756, loss_objectness=0.0419, loss_rpn_box_reg=0.0161
epoch=5 step=55/60 loss=0.9576 loss_classifier=0.2759, loss_box_reg=0.2756, loss_mask=0.1639, loss_objectness=0.0783, loss_rpn_box_reg=0.1640
epoch=5 step=56/60 loss=1.4705 loss_classifier=0.5726, loss_box_reg=0.5214, loss_mask=0.2740, loss_objectness=0.0920, loss_rpn_box_reg=0.0106
epoch=5 step=57/60 loss=1.4548 loss_classifier=0.4032, loss_box_reg=0.5114, loss_mask=0.3057, loss_objectness=0.1036, loss_rpn_box_reg=0.1309
epoch=5 step=58/60 loss=1.9105 loss_classifier=0.2672, loss_box_reg=0.3938, loss_mask=0.4607, loss_objectness=0.1364, loss_rpn_box_reg=0.6524
epoch=5 step=59/60 loss=1.5111 loss_classifier=0.5888, loss_box_reg=0.4841, loss_mask=0.2585, loss_objectness=0.1503, loss_rpn_box_reg=0.0295
epoch=5 step=60/60 loss=1.1309 loss_classifier=0.2594, loss_box_reg=0.3750, loss_mask=0.2340, loss_objectness=0.0500, loss_rpn_box_reg=0.2124
epoch=5 avg_train_loss=1.3900
eval image 1/30 gt_done=9 preds_kept=92
eval image 2/30 gt_done=19 preds_kept=100
eval image 3/30 gt_done=30 preds_kept=100
eval image 4/30 gt_done=38 preds_kept=74
eval image 5/30 gt_done=45 preds_kept=100
eval image 6/30 gt_done=61 preds_kept=100
eval image 7/30 gt_done=70 preds_kept=100
eval image 8/30 gt_done=80 preds_kept=100
eval image 9/30 gt_done=87 preds_kept=88
eval image 10/30 gt_done=97 preds_kept=76
eval image 11/30 gt_done=107 preds_kept=69
eval image 12/30 gt_done=115 preds_kept=100
eval image 13/30 gt_done=123 preds_kept=100
eval image 14/30 gt_done=134 preds_kept=71
eval image 15/30 gt_done=142 preds_kept=66
eval image 16/30 gt_done=147 preds_kept=41
eval image 17/30 gt_done=159 preds_kept=79
eval image 18/30 gt_done=169 preds_kept=100
eval image 19/30 gt_done=176 preds_kept=63
eval image 20/30 gt_done=185 preds_kept=86
eval image 21/30 gt_done=198 preds_kept=84
eval image 22/30 gt_done=205 preds_kept=54
eval image 23/30 gt_done=216 preds_kept=100
eval image 24/30 gt_done=226 preds_kept=93
eval image 25/30 gt_done=232 preds_kept=25
eval image 26/30 gt_done=240 preds_kept=80
eval image 27/30 gt_done=251 preds_kept=93
eval image 28/30 gt_done=259 preds_kept=95
eval image 29/30 gt_done=265 preds_kept=92
eval image 30/30 gt_done=275 preds_kept=100
{
  "model": "maskrcnn_resnet50_fpn",
  "num_test_images": 30,
  "num_test_objects": 275,
  "score_thresh": 0.05,
  "mean_iou": 0.6729931894193915,
  "median_iou": 0.7756385068762279,
  "mean_boundary_f1": 0.6258636974239365,
  "iou_ge_090": 0.18181818181818182,
  "iou_ge_075": 0.5563636363636364,
  "iou_ge_050": 0.7890909090909091,
  "iou_lt_010": 0.09454545454545454,
  "total_inference_time_s": 5.837942700993153,
  "mean_fps_images": 5.1387965823810475,
  "mean_fps_objects": 47.10563533849294
}
Saved: /home/amir/Desktop/COGAR/COGAR_Foundation-Model-Segmentation-for-Robotic-Scenes/outputs/results/maskrcnn_resnet50_fpn_cogar_tiny.csv
Saved: /home/amir/Desktop/COGAR/COGAR_Foundation-Model-Segmentation-for-Robotic-Scenes/outputs/tables/maskrcnn_resnet50_fpn_cogar_tiny_summary.json
Saved: /home/amir/Desktop/COGAR/COGAR_Foundation-Model-Segmentation-for-Robotic-Scenes/outputs/tables/maskrcnn_resnet50_fpn_cogar_tiny_per_class.csv
Checkpoint dir: /home/amir/Desktop/COGAR/COGAR_Foundation-Model-Segmentation-for-Robotic-Scenes/outputs/baselines/maskrcnn/maskrcnn_resnet50_fpn_cogar_tiny
