[AWS] Repo: /mnt/cogar/COGAR_Foundation-Model-Segmentation-for-Robotic-Scenes
[AWS] OCID_ROOT: /mnt/cogar/datasets/OCID-dataset
[AWS] CONFIG: configs/paths.yaml
[AWS] INDEX: outputs/ocid_full/indexes/ocid_full_objects_filtered_with_masks.csv
[AWS] CHECKPOINT: checkpoints/sam_vit_b_01ec64.pth
[AWS] MODEL_TYPE: vit_b
[AWS] DEVICE: cuda
[AWS] PROGRESS_EVERY: 500
[AWS] NO_SAVE_MASKS: 1
Thu Jun 11 11:32:29 2026       
+-----------------------------------------------------------------------------------------+
| NVIDIA-SMI 580.159.03             Driver Version: 580.159.03     CUDA Version: 13.0     |
+-----------------------------------------+------------------------+----------------------+
| GPU  Name                 Persistence-M | Bus-Id          Disp.A | Volatile Uncorr. ECC |
| Fan  Temp   Perf          Pwr:Usage/Cap |           Memory-Usage | GPU-Util  Compute M. |
|                                         |                        |               MIG M. |
|=========================================+========================+======================|
|   0  Tesla T4                       Off |   00000000:00:1E.0 Off |                    0 |
| N/A   34C    P0             25W /   70W |       0MiB /  15360MiB |      0%      Default |
|                                         |                        |                  N/A |
+-----------------------------------------+------------------------+----------------------+

+-----------------------------------------------------------------------------------------+
| Processes:                                                                              |
|  GPU   GI   CI              PID   Type   Process name                        GPU Memory |
|        ID   ID                                                               Usage      |
|=========================================================================================|
|  No running processes found                                                             |
+-----------------------------------------------------------------------------------------+
[AWS] Reusing existing OCID index: outputs/ocid_full/indexes/ocid_full_objects_filtered_with_masks.csv
[AWS] Reusing existing OCID index: outputs/ocid_full/indexes/ocid_full_objects_filtered_with_masks.csv

[AWS] python3 scripts/eval/run_sam_box_prompt.py --config configs/paths.yaml --index outputs/ocid_full/indexes/ocid_full_objects_filtered_with_masks.csv --checkpoint checkpoints/sam_vit_b_01ec64.pth --model-type vit_b --device cuda --output-dir outputs/ocid_full/aws/sam_vit_b_box --results-csv outputs/ocid_full/results/sam_vit_b_box.csv --no-visualizations --progress-every 500 --no-save-masks
[001/17545] row=0000 obj=3 score=0.9476 IoU=0.8611
[500/17545] row=0499 obj=6 score=0.9700 IoU=0.8972
[1000/17545] row=0999 obj=5 score=0.9760 IoU=0.9073
[1500/17545] row=1499 obj=3 score=0.9654 IoU=0.8168
[2000/17545] row=1999 obj=8 score=0.9582 IoU=0.9292
[2500/17545] row=2499 obj=7 score=0.9717 IoU=0.9187
[3000/17545] row=2999 obj=3 score=0.8958 IoU=0.8686
[3500/17545] row=3499 obj=8 score=0.9752 IoU=0.9335
[4000/17545] row=3999 obj=3 score=0.9883 IoU=0.9079
[4500/17545] row=4499 obj=13 score=0.9773 IoU=0.8687
[5000/17545] row=4999 obj=4 score=0.9658 IoU=0.7653
[5500/17545] row=5499 obj=3 score=0.9753 IoU=0.9333
[6000/17545] row=5999 obj=2 score=0.9780 IoU=0.9281
[6500/17545] row=6499 obj=4 score=0.9767 IoU=0.9353
[7000/17545] row=6999 obj=3 score=0.9990 IoU=0.9058
[7500/17545] row=7499 obj=5 score=0.9530 IoU=0.8212
[8000/17545] row=7999 obj=15 score=0.9645 IoU=0.8700
[8500/17545] row=8499 obj=4 score=0.9694 IoU=0.8849
[9000/17545] row=8999 obj=9 score=0.9577 IoU=0.8201
[9500/17545] row=9499 obj=16 score=0.9717 IoU=0.8727
[10000/17545] row=9999 obj=6 score=0.9754 IoU=0.9315
[10500/17545] row=10499 obj=17 score=0.9761 IoU=0.8844
[11000/17545] row=10999 obj=12 score=0.9655 IoU=0.9030
[11500/17545] row=11499 obj=3 score=0.9785 IoU=0.7940
[12000/17545] row=11999 obj=3 score=0.9371 IoU=0.7737
[12500/17545] row=12499 obj=8 score=0.9687 IoU=0.8591
[13000/17545] row=12999 obj=4 score=0.9593 IoU=0.7472
[13500/17545] row=13499 obj=22 score=0.8747 IoU=0.8237
[14000/17545] row=13999 obj=4 score=0.9198 IoU=0.7246
[14500/17545] row=14499 obj=17 score=0.9722 IoU=0.8886
[15000/17545] row=14999 obj=6 score=0.9510 IoU=0.8321
[15500/17545] row=15499 obj=2 score=0.9739 IoU=0.9095
[16000/17545] row=15999 obj=3 score=0.9662 IoU=0.8172
[16500/17545] row=16499 obj=7 score=0.9713 IoU=0.8726
[17000/17545] row=16999 obj=9 score=0.9474 IoU=0.8778
[17500/17545] row=17499 obj=4 score=0.9829 IoU=0.9365
[17545/17545] row=17544 obj=12 score=0.9472 IoU=0.8798
Saved results CSV: /mnt/cogar/COGAR_Foundation-Model-Segmentation-for-Robotic-Scenes/outputs/ocid_full/results/sam_vit_b_box.csv
Rows evaluated: 17545
Mean IoU: 0.8624
Median IoU: 0.8839
Mean SAM score: 0.9598
[AWS] Reusing existing OCID index: outputs/ocid_full/indexes/ocid_full_objects_filtered_with_masks.csv

[AWS] python3 scripts/eval/run_sam_point_prompt.py --config configs/paths.yaml --index outputs/ocid_full/indexes/ocid_full_objects_filtered_with_masks.csv --checkpoint checkpoints/sam_vit_b_01ec64.pth --model-type vit_b --device cuda --output-dir outputs/ocid_full/aws/sam_vit_b_point --results-csv outputs/ocid_full/results/sam_vit_b_point.csv --no-visualizations --progress-every 500 --no-save-masks
[001/17545] row=0000 obj=3 score=0.7821 IoU=0.8920
[500/17545] row=0499 obj=6 score=0.9890 IoU=0.8985
[1000/17545] row=0999 obj=5 score=0.7286 IoU=0.7423
[1500/17545] row=1499 obj=3 score=0.9482 IoU=0.8130
[2000/17545] row=1999 obj=8 score=0.8633 IoU=0.9151
[2500/17545] row=2499 obj=7 score=0.9349 IoU=0.9182
[3000/17545] row=2999 obj=3 score=0.7573 IoU=0.6278
[3500/17545] row=3499 obj=8 score=0.9876 IoU=0.9343
[4000/17545] row=3999 obj=3 score=0.9750 IoU=0.9270
[4500/17545] row=4499 obj=13 score=0.9333 IoU=0.8692
[5000/17545] row=4999 obj=4 score=0.6701 IoU=0.7635
[5500/17545] row=5499 obj=3 score=0.8066 IoU=0.0461
[6000/17545] row=5999 obj=2 score=0.9653 IoU=0.1661
[6500/17545] row=6499 obj=4 score=0.7165 IoU=0.2117
[7000/17545] row=6999 obj=3 score=0.8071 IoU=0.0755
[7500/17545] row=7499 obj=5 score=0.7915 IoU=0.8398
[8000/17545] row=7999 obj=15 score=0.6112 IoU=0.1430
[8500/17545] row=8499 obj=4 score=0.9452 IoU=0.8826
[9000/17545] row=8999 obj=9 score=0.8715 IoU=0.8099
[9500/17545] row=9499 obj=16 score=0.9468 IoU=0.8746
[10000/17545] row=9999 obj=6 score=0.9446 IoU=0.9334
[10500/17545] row=10499 obj=17 score=0.9623 IoU=0.8776
[11000/17545] row=10999 obj=12 score=0.8197 IoU=0.7574
[11500/17545] row=11499 obj=3 score=0.9484 IoU=0.8077
[12000/17545] row=11999 obj=3 score=0.8492 IoU=0.7665
[12500/17545] row=12499 obj=8 score=0.7003 IoU=0.1653
[13000/17545] row=12999 obj=4 score=0.7762 IoU=0.0239
[13500/17545] row=13499 obj=22 score=0.8345 IoU=0.6667
[14000/17545] row=13999 obj=4 score=0.3078 IoU=0.1919
[14500/17545] row=14499 obj=17 score=0.9476 IoU=0.8863
[15000/17545] row=14999 obj=6 score=0.7053 IoU=0.1991
[15500/17545] row=15499 obj=2 score=0.8812 IoU=0.9039
[16000/17545] row=15999 obj=3 score=0.9559 IoU=0.8204
[16500/17545] row=16499 obj=7 score=0.9014 IoU=0.8798
[17000/17545] row=16999 obj=9 score=0.7497 IoU=0.0946
[17500/17545] row=17499 obj=4 score=0.4874 IoU=0.6864
[17545/17545] row=17544 obj=12 score=0.8242 IoU=0.6240
Saved results CSV: /mnt/cogar/COGAR_Foundation-Model-Segmentation-for-Robotic-Scenes/outputs/ocid_full/results/sam_vit_b_point.csv
Rows evaluated: 17545
Mean IoU: 0.6112
Median IoU: 0.7639
Mean SAM score: 0.8248
[AWS] Reusing existing OCID index: outputs/ocid_full/indexes/ocid_full_objects_filtered_with_masks.csv

[AWS] python3 scripts/eval/run_sam_auto_masks.py --config configs/paths.yaml --index outputs/ocid_full/indexes/ocid_full_objects_filtered_with_masks.csv --checkpoint checkpoints/sam_vit_b_01ec64.pth --model-type vit_b --device cuda --output-dir outputs/ocid_full/aws/sam_vit_b_auto_fast16 --results-csv outputs/ocid_full/results/sam_vit_b_auto_fast16.csv --points-per-side 16 --pred-iou-thresh 0.90 --stability-score-thresh 0.92 --crop-n-layers 0 --progress-every 500 --no-save-masks
[001/17545] row=0000 obj=3 masks=44 IoU=0.9099 elapsed=0.1m eta=2145.6m
[500/17545] row=0499 obj=6 masks=62 IoU=0.8973 elapsed=2.8m eta=94.0m
[1000/17545] row=0999 obj=5 masks=53 IoU=0.0520 elapsed=5.4m eta=89.7m
[1500/17545] row=1499 obj=3 masks=53 IoU=0.8106 elapsed=7.9m eta=84.8m
[2000/17545] row=1999 obj=8 masks=42 IoU=0.9164 elapsed=10.4m eta=81.0m
[2500/17545] row=2499 obj=7 masks=20 IoU=0.9177 elapsed=12.9m eta=77.6m
[3000/17545] row=2999 obj=3 masks=26 IoU=0.8826 elapsed=15.4m eta=74.5m
[3500/17545] row=3499 obj=8 masks=29 IoU=0.9322 elapsed=17.8m eta=71.5m
[4000/17545] row=3999 obj=3 masks=16 IoU=0.9578 elapsed=20.3m eta=68.6m
[4500/17545] row=4499 obj=13 masks=39 IoU=0.8694 elapsed=22.4m eta=64.9m
[5000/17545] row=4999 obj=4 masks=42 IoU=0.7688 elapsed=24.0m eta=60.2m
[5500/17545] row=5499 obj=3 masks=17 IoU=0.0011 elapsed=25.7m eta=56.3m
[6000/17545] row=5999 obj=2 masks=31 IoU=0.9337 elapsed=27.3m eta=52.4m
[6500/17545] row=6499 obj=4 masks=31 IoU=0.9389 elapsed=29.0m eta=49.2m
[7000/17545] row=6999 obj=3 masks=26 IoU=0.9081 elapsed=30.6m eta=46.1m
[7500/17545] row=7499 obj=5 masks=10 IoU=0.8204 elapsed=32.2m eta=43.2m
[8000/17545] row=7999 obj=15 masks=25 IoU=0.8739 elapsed=33.8m eta=40.3m
[8500/17545] row=8499 obj=4 masks=31 IoU=0.8818 elapsed=35.4m eta=37.7m
[9000/17545] row=8999 obj=9 masks=25 IoU=0.7916 elapsed=37.1m eta=35.3m
[9500/17545] row=9499 obj=16 masks=15 IoU=0.0001 elapsed=38.7m eta=32.8m
[10000/17545] row=9999 obj=6 masks=33 IoU=0.9244 elapsed=40.3m eta=30.4m
[10500/17545] row=10499 obj=17 masks=47 IoU=0.8822 elapsed=41.8m eta=28.0m
[11000/17545] row=10999 obj=12 masks=46 IoU=0.0039 elapsed=43.2m eta=25.7m
[11500/17545] row=11499 obj=3 masks=47 IoU=0.8063 elapsed=44.9m eta=23.6m
[12000/17545] row=11999 obj=3 masks=38 IoU=0.7589 elapsed=46.3m eta=21.4m
[12500/17545] row=12499 obj=8 masks=31 IoU=0.8578 elapsed=47.9m eta=19.3m
[13000/17545] row=12999 obj=4 masks=38 IoU=0.7300 elapsed=49.3m eta=17.2m
[13500/17545] row=13499 obj=22 masks=28 IoU=0.5334 elapsed=50.7m eta=15.2m
[14000/17545] row=13999 obj=4 masks=27 IoU=0.1517 elapsed=52.3m eta=13.3m
[14500/17545] row=14499 obj=17 masks=37 IoU=0.8943 elapsed=53.7m eta=11.3m
[15000/17545] row=14999 obj=6 masks=55 IoU=0.0031 elapsed=55.3m eta=9.4m
[15500/17545] row=15499 obj=2 masks=60 IoU=0.9005 elapsed=57.8m eta=7.6m
[16000/17545] row=15999 obj=3 masks=18 IoU=0.8193 elapsed=60.4m eta=5.8m
[16500/17545] row=16499 obj=7 masks=16 IoU=0.8609 elapsed=62.9m eta=4.0m
[17000/17545] row=16999 obj=9 masks=16 IoU=0.0000 elapsed=65.3m eta=2.1m
[17500/17545] row=17499 obj=4 masks=12 IoU=0.7059 elapsed=67.7m eta=0.2m
[17545/17545] row=17544 obj=12 masks=17 IoU=0.0054 elapsed=67.9m eta=0.0m
Saved results CSV: /mnt/cogar/COGAR_Foundation-Model-Segmentation-for-Robotic-Scenes/outputs/ocid_full/results/sam_vit_b_auto_fast16.csv
Saved masks dir: /mnt/cogar/COGAR_Foundation-Model-Segmentation-for-Robotic-Scenes/outputs/ocid_full/aws/sam_vit_b_auto_fast16/masks
Rows evaluated: 17545
Mean IoU: 0.6500
Elapsed minutes: 67.91
[AWS] Reusing existing OCID index: outputs/ocid_full/indexes/ocid_full_objects_filtered_with_masks.csv
[AWS] Report skip missing/empty result: outputs/ocid_full/results/sam_vit_b_auto.csv
[AWS] Report skip missing/empty result: outputs/ocid_full/results/fastsam_s_box.csv
[AWS] Report skip missing/empty result: outputs/ocid_full/results/mobilesam_box.csv

[AWS] python3 scripts/analysis/summarize_ocid_massive_benchmark.py --debug --results outputs/ocid_full/results/sam_vit_b_box.csv outputs/ocid_full/results/sam_vit_b_point.csv outputs/ocid_full/results/sam_vit_b_auto_fast16.csv
[OCID] Reading object index: outputs/ocid_full/indexes/ocid_full_objects_filtered_with_masks.csv
[OCID] Object rows: 17,545
[OCID][debug] Object index columns: ['image_id', 'frame_index', 'image_path', 'label_path', 'file_name', 'sequence', 'object_set', 'surface', 'camera_view', 'scene_type', 'sequence_id', 'category_name', 'object_id', 'area', 'bbox_xmin', 'bbox_ymin', 'bbox_xmax', 'bbox_ymax', 'point_x', 'point_y', 'area_ratio', 'bbox_area_ratio', 'bbox_width_ratio', 'bbox_height_ratio', 'binary_mask_path']
[OCID] Reading image index: outputs/ocid_full/indexes/ocid_full_images.csv
[OCID][debug] Image rows: 2,390
[OCID][debug] Image index columns: ['image_id', 'frame_index', 'image_path', 'label_path', 'file_name', 'sequence', 'object_set', 'surface', 'camera_view', 'scene_type', 'sequence_id']
[OCID] Reading result CSV 1/3: outputs/ocid_full/results/sam_vit_b_box.csv
[OCID][debug] outputs/ocid_full/results/sam_vit_b_box.csv: rows=17,545, columns=['row_index', 'file_name', 'object_id', 'image_path', 'gt_mask_path', 'bbox_xmin', 'bbox_ymin', 'bbox_xmax', 'bbox_ymax', 'sam_mask_path', 'sam_visualization_path', 'sam_score', 'iou', 'boundary_f1', 'latency_sec', 'fps', 'device', 'model_type']
[OCID] Reading result CSV 2/3: outputs/ocid_full/results/sam_vit_b_point.csv
[OCID][debug] outputs/ocid_full/results/sam_vit_b_point.csv: rows=17,545, columns=['row_index', 'file_name', 'object_id', 'image_path', 'gt_mask_path', 'point_x', 'point_y', 'sam_score', 'iou', 'boundary_f1', 'latency_sec', 'fps', 'mask_output_path', 'visualization_output_path', 'device', 'model_type']
[OCID] Reading result CSV 3/3: outputs/ocid_full/results/sam_vit_b_auto_fast16.csv
[OCID][debug] outputs/ocid_full/results/sam_vit_b_auto_fast16.csv: rows=17,545, columns=['row_index', 'file_name', 'object_id', 'image_path', 'gt_mask_path', 'sam_mask_path', 'sam_score', 'stability_score', 'generated_mask_count', 'iou', 'boundary_f1', 'image_gen_latency_sec', 'image_gen_fps', 'device', 'model_type', 'points_per_side', 'pred_iou_thresh', 'stability_score_thresh', 'crop_n_layers', 'crop_n_points_downscale_factor', 'min_mask_region_area']
Wrote report: docs/ocid_massive_benchmark_report.md
Wrote tables: outputs/ocid_full/tables
